N ok 36237 {'explore': 25833, 'confirm': 10404}

## (a) 記述: 五分位 → 軸2そろい% / 確定三連単 PAY中央 / 100倍+% (窓別)
r_prev_ltf_med     explore  n= 16515  both3% Q1..Q5 =  52.8  51.1  48.5  48.3  48.3 | PAY med =   3635   4050   4440   4390   4150 | 100倍+% = 26.3 27.0 28.6 28.7 29.1 | ρ(both3)=-0.0346 p=8.6e-06 ρ(lpay)=+0.0364 p=2.9e-06
r_prev_ltf_med     confirm  n=  6625  both3% Q1..Q5 =  53.6  48.5  50.1  47.0  49.2 | PAY med =   3510   4480   4100   4540   5040 | 100倍+% = 26.2 28.1 28.1 29.7 30.6 | ρ(both3)=-0.0330 p=0.0072 ρ(lpay)=+0.0590 p=1.6e-06
r_prev_nige        explore  n= 16515  both3% Q1..Q5 =  47.9  48.1  50.6  50.9  51.4 | PAY med =   4610   4530   4150   3905   3540 | 100倍+% = 29.3 29.5 27.4 27.8 25.7 | ρ(both3)=+0.0278 p=0.00036 ρ(lpay)=-0.0558 p=7.3e-13
r_prev_nige        confirm  n=  6625  both3% Q1..Q5 =  47.5  53.0  49.3  47.8  50.6 | PAY med =   4710   4350   4350   4575   3790 | 100倍+% = 30.9 29.2 28.2 28.5 25.9 | ρ(both3)=+0.0057 p=0.64 ρ(lpay)=-0.0474 p=0.00011
r_prev_sashi       explore  n= 16515  both3% Q1..Q5 =  51.7  51.1  49.9  48.8  47.4 | PAY med =   3420   4100   4250   4390   4560 | 100倍+% = 24.8 27.6 28.1 28.6 30.5 | ρ(both3)=-0.0285 p=0.00024 ρ(lpay)=+0.0506 p=7.5e-11
r_prev_sashi       confirm  n=  6625  both3% Q1..Q5 =  49.9  49.8  47.8  50.9  49.9 | PAY med =   4060   4305   4790   4240   4400 | 100倍+% = 26.1 27.9 30.8 29.0 28.9 | ρ(both3)=+0.0008 p=0.95 ρ(lpay)=+0.0227 p=0.065
r_prev_makuri      explore  n= 16515  both3% Q1..Q5 =  49.9  48.3  51.0  49.0  50.8 | PAY med =   3990   4400   4110   4230   4070 | 100倍+% = 27.8 29.6 28.0 27.9 26.3 | ρ(both3)=+0.0056 p=0.47 ρ(lpay)=+0.0024 p=0.76
r_prev_makuri      confirm  n=  6625  both3% Q1..Q5 =  50.7  48.7  49.5  50.7  48.8 | PAY med =   4060   4215   4500   4385   4580 | 100倍+% = 27.8 27.8 28.3 29.6 29.4 | ρ(both3)=-0.0111 p=0.37 ρ(lpay)=+0.0344 p=0.0051
r_prev_mark1       explore  n= 16515  both3% Q1..Q5 =  49.2  49.8  48.2  51.5  50.2 | PAY med =   4120   4140   4480   3950   4100 | 100倍+% = 28.1 27.6 29.1 27.2 27.7 | ρ(both3)=+0.0135 p=0.083 ρ(lpay)=-0.0119 p=0.13
r_prev_mark1       confirm  n=  6625  both3% Q1..Q5 =  49.3  48.1  47.8  51.4  51.8 | PAY med =   4640   4330   4700   4320   3740 | 100倍+% = 29.8 29.0 29.8 28.6 25.6 | ρ(both3)=+0.0218 p=0.075 ρ(lpay)=-0.0313 p=0.011
r_prev_idx1        explore  n= 16515  both3% Q1..Q5 =  49.6  48.6  50.6  50.2  50.0 | PAY med =   4300   4260   4100   4080   4020 | 100倍+% = 28.3 28.8 27.8 27.8 26.8 | ρ(both3)=+0.0084 p=0.28 ρ(lpay)=-0.0204 p=0.0089
r_prev_idx1        confirm  n=  6625  both3% Q1..Q5 =  49.2  48.2  50.2  50.7  50.1 | PAY med =   4330   4610   4505   4385   3870 | 100倍+% = 28.9 29.5 29.7 28.5 26.3 | ρ(both3)=+0.0115 p=0.35 ρ(lpay)=-0.0167 p=0.17
r_prev_same12      explore  n= 16515  both3% Q1..Q5 =  48.4  49.4  49.8  49.3  52.0 | PAY med =   4090   4230   4285   4145   4010 | 100倍+% = 28.2 28.0 28.6 28.5 26.2 | ρ(both3)=+0.0173 p=0.026 ρ(lpay)=-0.0137 p=0.078
r_prev_same12      confirm  n=  6625  both3% Q1..Q5 =  47.6  49.1  49.6  50.3  51.8 | PAY med =   5040   4210   4290   4230   4010 | 100倍+% = 31.4 29.8 27.3 27.5 26.8 | ρ(both3)=+0.0267 p=0.03 ρ(lpay)=-0.0476 p=0.00011
r_cup_ltf          explore  n= 16515  both3% Q1..Q5 =  52.4  49.6  50.2  49.6  47.0 | PAY med =   3500   4300   4380   4220   4270 | 100倍+% = 25.3 27.7 29.2 28.5 28.8 | ρ(both3)=-0.0322 p=3.5e-05 ρ(lpay)=+0.0398 p=3.2e-07
r_cup_ltf          confirm  n=  6634  both3% Q1..Q5 =  52.5  51.0  49.7  48.8  46.5 | PAY med =   3495   4130   4660   4410   5040 | 100倍+% = 27.0 26.2 29.9 27.5 32.1 | ρ(both3)=-0.0389 p=0.0015 ρ(lpay)=+0.0657 p=8.5e-08
r_cup_nige         explore  n= 16515  both3% Q1..Q5 =  47.3  48.5  50.2  50.9  52.0 | PAY med =   4760   4505   4170   3880   3430 | 100倍+% = 30.1 29.2 27.5 27.4 25.5 | ρ(both3)=+0.0335 p=1.7e-05 ρ(lpay)=-0.0642 p=1.5e-16
r_cup_nige         confirm  n=  6634  both3% Q1..Q5 =  48.3  49.8  48.1  50.5  51.7 | PAY med =   4455   4675   4560   4160   3740 | 100倍+% = 30.5 30.6 27.7 28.0 26.0 | ρ(both3)=+0.0216 p=0.079 ρ(lpay)=-0.0551 p=7.2e-06
r_cup_sashi        explore  n= 16515  both3% Q1..Q5 =  52.5  50.5  49.6  48.5  47.8 | PAY med =   3360   4160   4310   4305   4620 | 100倍+% = 25.0 27.0 28.2 29.0 30.4 | ρ(both3)=-0.0323 p=3.3e-05 ρ(lpay)=+0.0580 p=9.1e-14
r_cup_sashi        confirm  n=  6634  both3% Q1..Q5 =  52.6  48.8  47.2  50.0  49.8 | PAY med =   3875   4405   4430   4550   4355 | 100倍+% = 25.6 28.4 29.8 30.9 28.1 | ρ(both3)=-0.0114 p=0.35 ρ(lpay)=+0.0283 p=0.021
r_cup_makuri       explore  n= 16515  both3% Q1..Q5 =  50.0  48.7  50.2  49.7  50.3 | PAY med =   4010   4315   4080   4360   4030 | 100倍+% = 27.5 29.6 27.8 27.8 26.9 | ρ(both3)=+0.0034 p=0.67 ρ(lpay)=+0.0051 p=0.51
r_cup_makuri       confirm  n=  6634  both3% Q1..Q5 =  51.4  48.6  50.5  48.6  49.3 | PAY med =   4010   4090   4365   4610   4640 | 100倍+% = 27.7 26.2 28.3 30.6 29.9 | ρ(both3)=-0.0117 p=0.34 ρ(lpay)=+0.0412 p=0.0008
r_cup_mark1        explore  n= 16515  both3% Q1..Q5 =  49.3  48.9  49.4  50.8  50.5 | PAY med =   4080   4270   4230   4100   3990 | 100倍+% = 27.8 28.6 27.6 28.5 27.2 | ρ(both3)=+0.0127 p=0.1 ρ(lpay)=-0.0160 p=0.04
r_cup_mark1        confirm  n=  6634  both3% Q1..Q5 =  50.4  47.2  47.2  50.6  53.0 | PAY med =   4465   4600   4820   4340   3560 | 100倍+% = 29.8 29.3 29.5 29.4 24.8 | ρ(both3)=+0.0232 p=0.059 ρ(lpay)=-0.0351 p=0.0043
r_cup_idx1         explore  n= 16515  both3% Q1..Q5 =  49.1  49.0  49.5  51.4  49.9 | PAY med =   4470   4240   4055   4090   3910 | 100倍+% = 28.8 28.7 27.9 27.2 26.9 | ρ(both3)=+0.0116 p=0.14 ρ(lpay)=-0.0283 p=0.00028
r_cup_idx1         confirm  n=  6634  both3% Q1..Q5 =  50.9  48.1  47.7  49.4  52.2 | PAY med =   4320   4445   4820   4450   3610 | 100倍+% = 29.4 28.3 30.1 29.4 25.6 | ρ(both3)=+0.0138 p=0.26 ρ(lpay)=-0.0245 p=0.046
r_cup_same12       explore  n= 16515  both3% Q1..Q5 =  49.1  50.2  49.4  47.9  52.3 | PAY med =   4060   4050   4360   4430   3900 | 100倍+% = 27.9 27.4 28.6 29.6 26.1 | ρ(both3)=+0.0123 p=0.11 ρ(lpay)=-0.0084 p=0.28
r_cup_same12       confirm  n=  6634  both3% Q1..Q5 =  47.9  49.1  51.4  49.3  50.7 | PAY med =   4870   4410   4070   4400   3960 | 100倍+% = 32.3 29.1 27.4 27.0 27.0 | ρ(both3)=+0.0165 p=0.18 ρ(lpay)=-0.0496 p=5.4e-05
prev_ltf_med       explore  n= 16515  both3% Q1..Q5 =  52.5  51.4  48.2  48.1  48.8 | PAY med =   3550   4120   4390   4270   4270 | 100倍+% = 25.8 27.5 28.9 28.2 29.2 | ρ(both3)=-0.0318 p=4.4e-05 ρ(lpay)=+0.0380 p=1.1e-06
prev_ltf_med       confirm  n=  6625  both3% Q1..Q5 =  53.8  49.9  48.5  47.0  49.2 | PAY med =   3510   4250   4640   4460   4945 | 100倍+% = 26.0 27.0 30.3 28.6 30.8 | ρ(both3)=-0.0327 p=0.0079 ρ(lpay)=+0.0608 p=7.4e-07
prev_idx1          explore  n= 16515  both3% Q1..Q5 =  49.9  49.2  48.9  50.5  50.9 | PAY med =   4140   4070   4280   4070   4140 | 100倍+% = 27.6 28.0 28.4 27.8 27.8 | ρ(both3)=+0.0103 p=0.18 ρ(lpay)=-0.0100 p=0.2
prev_idx1          confirm  n=  6625  both3% Q1..Q5 =  50.2  48.3  49.2  50.4  50.7 | PAY med =   4375   4570   4470   4365   3840 | 100倍+% = 28.8 29.4 30.1 28.2 25.1 | ρ(both3)=+0.0102 p=0.41 ρ(lpay)=-0.0123 p=0.32
g_prev_ltf         explore  n= 25833  both3% Q1..Q5 =  53.3  53.0  52.6  54.5  54.1 | PAY med =   3650   3590   3760   3540   3410 | 100倍+% = 26.9 26.2 26.4 25.6 25.8 | ρ(both3)=+0.0100 p=0.11 ρ(lpay)=-0.0146 p=0.019
g_prev_ltf         confirm  n= 10404  both3% Q1..Q5 =  52.5  53.6  53.6  51.5  53.0 | PAY med =   3840   3630   3770   4030   3865 | 100倍+% = 27.3 26.2 25.5 28.1 26.9 | ρ(both3)=-0.0033 p=0.73 ρ(lpay)=+0.0093 p=0.34
g_prev_idx1        explore  n= 25833  both3% Q1..Q5 =  54.1  53.8  52.6  53.7  53.2 | PAY med =   3475   3560   3700   3540   3700 | 100倍+% = 25.5 25.9 26.4 26.7 26.4 | ρ(both3)=-0.0078 p=0.21 ρ(lpay)=+0.0149 p=0.017
g_prev_idx1        confirm  n= 10404  both3% Q1..Q5 =  53.9  53.0  52.9  52.0  52.2 | PAY med =   3710   3770   3805   3985   3850 | 100倍+% = 26.3 26.6 26.9 26.9 27.1 | ρ(both3)=-0.0072 p=0.46 ρ(lpay)=+0.0037 p=0.7

## (b) 既存量への増分 (5-fold GroupKFold by date・窓内 CV・ΔAUC は paired bootstrap 95%CI)

[both3] explore n=25833  base logit AUC=0.6732  base LGBM AUC=0.6696
  +prev残差7           logit ΔAUC -0.0005 [-0.0010,-0.0000]   LGBM ΔAUC +0.0005 [-0.0015,+0.0024]
  +cup残差7            logit ΔAUC -0.0004 [-0.0009,+0.0001]   LGBM ΔAUC -0.0001 [-0.0022,+0.0021]
  +prev+cup          logit ΔAUC -0.0007 [-0.0013,+0.0000]   LGBM ΔAUC +0.0001 [-0.0021,+0.0023]
  +prev絶対値6          logit ΔAUC -0.0005 [-0.0009,-0.0001]   LGBM ΔAUC -0.0002 [-0.0019,+0.0015]
  +v365(会場平均)        logit ΔAUC +0.0002 [-0.0003,+0.0008]   LGBM ΔAUC +0.0017 [-0.0003,+0.0035]
  +全場前日(対照)          logit ΔAUC -0.0001 [-0.0005,+0.0003]   LGBM ΔAUC +0.0006 [-0.0014,+0.0024]
  +prev残差+v365       logit ΔAUC -0.0004 [-0.0012,+0.0003]   LGBM ΔAUC +0.0011 [-0.0009,+0.0032]

[both3] confirm n=10404  base logit AUC=0.6646  base LGBM AUC=0.6535
  +prev残差7           logit ΔAUC -0.0009 [-0.0020,+0.0002]   LGBM ΔAUC +0.0009 [-0.0043,+0.0060]
  +cup残差7            logit ΔAUC -0.0010 [-0.0019,-0.0000]   LGBM ΔAUC -0.0003 [-0.0055,+0.0048]
  +prev+cup          logit ΔAUC -0.0020 [-0.0034,-0.0005]   LGBM ΔAUC -0.0013 [-0.0066,+0.0037]
  +prev絶対値6          logit ΔAUC -0.0009 [-0.0021,+0.0001]   LGBM ΔAUC +0.0009 [-0.0037,+0.0059]
  +v365(会場平均)        logit ΔAUC -0.0005 [-0.0014,+0.0007]   LGBM ΔAUC -0.0051 [-0.0101,-0.0008]
  +全場前日(対照)          logit ΔAUC -0.0003 [-0.0013,+0.0006]   LGBM ΔAUC +0.0002 [-0.0040,+0.0043]
  +prev残差+v365       logit ΔAUC -0.0013 [-0.0027,+0.0002]   LGBM ΔAUC -0.0007 [-0.0061,+0.0045]

[big50] explore n=25833  base logit AUC=0.6559  base LGBM AUC=0.6516
  +prev残差7           logit ΔAUC +0.0003 [-0.0007,+0.0012]   LGBM ΔAUC +0.0017 [-0.0010,+0.0043]
  +cup残差7            logit ΔAUC +0.0005 [-0.0005,+0.0016]   LGBM ΔAUC -0.0006 [-0.0029,+0.0017]
  +prev+cup          logit ΔAUC +0.0004 [-0.0009,+0.0015]   LGBM ΔAUC +0.0002 [-0.0019,+0.0026]
  +prev絶対値6          logit ΔAUC +0.0002 [-0.0005,+0.0010]   LGBM ΔAUC +0.0013 [-0.0007,+0.0033]
  +v365(会場平均)        logit ΔAUC +0.0011 [-0.0001,+0.0021]   LGBM ΔAUC +0.0012 [-0.0009,+0.0038]
  +全場前日(対照)          logit ΔAUC +0.0005 [-0.0002,+0.0012]   LGBM ΔAUC -0.0002 [-0.0024,+0.0019]
  +prev残差+v365       logit ΔAUC +0.0010 [-0.0004,+0.0023]   LGBM ΔAUC +0.0018 [-0.0005,+0.0043]

[big50] confirm n=10404  base logit AUC=0.6526  base LGBM AUC=0.6414
  +prev残差7           logit ΔAUC -0.0002 [-0.0015,+0.0010]   LGBM ΔAUC -0.0009 [-0.0059,+0.0044]
  +cup残差7            logit ΔAUC -0.0000 [-0.0015,+0.0014]   LGBM ΔAUC -0.0012 [-0.0062,+0.0038]
  +prev+cup          logit ΔAUC -0.0013 [-0.0030,+0.0001]   LGBM ΔAUC -0.0019 [-0.0080,+0.0040]
  +prev絶対値6          logit ΔAUC -0.0004 [-0.0018,+0.0009]   LGBM ΔAUC +0.0003 [-0.0043,+0.0051]
  +v365(会場平均)        logit ΔAUC +0.0005 [-0.0010,+0.0021]   LGBM ΔAUC +0.0012 [-0.0040,+0.0064]
  +全場前日(対照)          logit ΔAUC -0.0012 [-0.0022,-0.0003]   LGBM ΔAUC -0.0022 [-0.0073,+0.0025]
  +prev残差+v365       logit ΔAUC +0.0002 [-0.0017,+0.0019]   LGBM ΔAUC +0.0020 [-0.0038,+0.0076]

[lpay R²] explore base=0.1324  +prev残差7=+0.0004  +cup残差7=+0.0005  +prev+cup=+0.0004  +prev絶対値6=-0.0000  +v365(会場平均)=+0.0014  +全場前日(対照)=+0.0001  +prev残差+v365=+0.0012

[lpay R²] confirm base=0.1273  +prev残差7=-0.0007  +cup残差7=-0.0007  +prev+cup=-0.0015  +prev絶対値6=-0.0008  +v365(会場平均)=-0.0017  +全場前日(対照)=-0.0014  +prev残差+v365=-0.0028

## (c) arare 加点: t=+1 if r_prev_ltf_med > q80(explore), −1 if < q20, else 0 (NaN→0)
q20=-0.789 q80=+0.386  (前日の三連単中央が普段より e^0.39=1.47倍 荒れ / 0.45倍 堅い)

[explore] 型分布 現行 → 加点後 (%):
   A:  22.0→ 23.1  B:  12.4→ 11.4  C:  21.2→ 21.1  D:   5.0→  6.0  E:   7.5→  6.9  F:  31.9→ 31.6
   変わるレース: 8.9%
   現行: そろい%  68.9  61.7  61.0  44.5  42.8  38.7 | PAY中央  1580  2570  3010  5000  5200  5670 | 100倍+% 16.8 21.9 24.2 31.0 31.6 33.6
   加点後: そろい%  68.4  62.6  60.6  43.4  44.5  38.4 | PAY中央  1610  2640  3000  5080  4920  5710 | 100倍+% 16.9 22.4 24.1 30.9 30.9 33.8
   型内で t が分けるか（現行型 × t → そろい% / PAY中央 / n）:
     A: t=-1 n=  611 そろい 66.0 PAY 1820 100倍+17.3 | t=+0 n= 4862 そろい 69.6 PAY 1540 100倍+16.5 | t=+1 n=  219 そろい 61.6 PAY 2220 100倍+22.8  Δそろい(+1 − −1)=-4.31pt [-11.79,+2.76]  ΔlogPAY中央=+0.199 [-0.210,+0.653]
     B: t=-1 n=  462 そろい 60.2 PAY 2310 100倍+20.6 | t=+0 n= 2404 そろい 62.5 PAY 2530 100倍+22.0 | t=+1 n=  325 そろい 57.8 PAY 3070 100倍+23.7  Δそろい(+1 − −1)=-2.33pt [-9.76,+4.91]  ΔlogPAY中央=+0.285 [-0.041,+0.536]
     C: t=-1 n=  699 そろい 62.2 PAY 3180 100倍+25.0 | t=+0 n= 3889 そろい 61.0 PAY 3010 100倍+23.8 | t=+1 n=  893 そろい 59.8 PAY 2930 100倍+25.1  Δそろい(+1 − −1)=-2.43pt [-7.35,+2.39]  ΔlogPAY中央=-0.082 [-0.273,+0.130]
     D: t=-1 n=  155 そろい 51.6 PAY 3570 100倍+23.9 | t=+0 n= 1066 そろい 43.3 PAY 5230 100倍+32.0 | t=+1 n=   70 そろい 47.1 PAY 5168 100倍+31.4  Δそろい(+1 − −1)=-4.47pt [-19.00,+9.48]  ΔlogPAY中央=+0.370 [-0.389,+0.847]
     E: t=-1 n=  313 そろい 39.3 PAY 5350 100倍+30.7 | t=+0 n= 1379 そろい 44.2 PAY 4920 100倍+31.1 | t=+1 n=  249 そろい 39.0 PAY 6010 100倍+35.7  Δそろい(+1 − −1)=-0.34pt [-8.41,+8.43]  ΔlogPAY中央=+0.116 [-0.141,+0.385]
     F: t=-1 n= 1059 そろい 39.8 PAY 5710 100倍+33.6 | t=+0 n= 5633 そろい 38.3 PAY 5810 100倍+34.0 | t=+1 n= 1545 そろい 39.2 PAY 5180 100倍+32.2  Δそろい(+1 − −1)=-0.53pt [-4.10,+3.17]  ΔlogPAY中央=-0.097 [-0.274,+0.041]

[confirm] 型分布 現行 → 加点後 (%):
   A:  23.2→ 24.4  B:  12.6→ 11.3  C:  18.5→ 18.5  D:   7.2→  8.3  E:   9.1→  8.2  F:  29.5→ 29.3
   変わるレース: 8.8%
   現行: そろい%  67.2  62.2  58.9  42.6  41.8  39.6 | PAY中央  1880  2730  3430  4720  5220  5800 | 100倍+% 18.5 22.1 25.0 28.9 33.0 34.0
   加点後: そろい%  66.8  62.1  59.1  40.8  42.9  39.8 | PAY中央  1935  2810  3385  5005  5170  5810 | 100倍+% 18.6 22.6 24.8 30.5 32.3 33.9
   型内で t が分けるか（現行型 × t → そろい% / PAY中央 / n）:
     A: t=-1 n=  239 そろい 64.9 PAY 2340 100倍+18.4 | t=+0 n= 2112 そろい 67.2 PAY 1840 100倍+18.8 | t=+1 n=   64 そろい 75.0 PAY 1329 100倍+ 9.4  Δそろい(+1 − −1)=+10.15pt [-1.74,+21.37]  ΔlogPAY中央=-0.566 [-0.951,+0.224]
     B: t=-1 n=  184 そろい 64.7 PAY 2500 100倍+16.8 | t=+0 n=  998 そろい 61.2 PAY 2820 100倍+23.3 | t=+1 n=  127 そろい 66.1 PAY 2540 100倍+19.7  Δそろい(+1 − −1)=+1.47pt [-9.67,+11.41]  ΔlogPAY中央=+0.016 [-0.382,+0.552]
     C: t=-1 n=  202 そろい 63.9 PAY 2945 100倍+20.8 | t=+0 n= 1449 そろい 58.2 PAY 3410 100倍+25.3 | t=+1 n=  270 そろい 58.5 PAY 3905 100倍+27.0  Δそろい(+1 − −1)=-5.34pt [-13.75,+4.25]  ΔlogPAY中央=+0.282 [-0.021,+0.645]
     D: t=-1 n=   63 そろい 46.0 PAY 2980 100倍+27.0 | t=+0 n=  655 そろい 41.2 PAY 5020 100倍+29.9 | t=+1 n=   26 そろい 69.2 PAY 4036 100倍+ 7.7  
     E: t=-1 n=  148 そろい 36.5 PAY 5670 100倍+34.5 | t=+0 n=  682 そろい 43.1 PAY 5170 100倍+32.3 | t=+1 n=  116 そろい 40.5 PAY 5503 100倍+35.3  Δそろい(+1 − −1)=+4.03pt [-6.18,+16.18]  ΔlogPAY中央=-0.030 [-0.440,+0.476]
     F: t=-1 n=  366 そろい 43.2 PAY 4965 100倍+34.2 | t=+0 n= 2132 そろい 38.6 PAY 5785 100倍+33.7 | t=+1 n=  571 そろい 41.0 PAY 6260 100倍+34.9  Δそろい(+1 − −1)=-2.19pt [-8.89,+4.50]  ΔlogPAY中央=+0.232 [-0.042,+0.447]
