## (A) 前日/開催の決着傾向 × 今日の ex-ante 量（Spearman・全窓 n=23140）
  r_prev_ltf_med  axis_sum: ρ=-0.090  arare: ρ=+0.178  pw_ent: ρ=+0.137  day_index: ρ=+nan  v365_ltf: ρ=-0.031
  r_cup_ltf       axis_sum: ρ=-0.100  arare: ρ=+0.190  pw_ent: ρ=+0.161  day_index: ρ=+nan  v365_ltf: ρ=-0.034
  r_prev_nige     axis_sum: ρ=+0.097  arare: ρ=-0.175  pw_ent: ρ=-0.154  day_index: ρ=+nan  v365_ltf: ρ=+0.046
  r_prev_idx1     axis_sum: ρ=+0.021  arare: ρ=-0.069  pw_ent: ρ=-0.056  day_index: ρ=+nan  v365_ltf: ρ=+0.002

## (B) day_index 別の r_prev_ltf_med 平均 / arare 平均 / そろい%
               n  r_prev_ltf_med  arare  both3   pay_med
day_index                                               
1.0        13058             NaN -0.595  0.596  2730.000
2.0        11878          -0.348  0.651  0.516  3890.000
3.0        11136          -0.045  1.739  0.478  4540.000
4.0           78           0.673  3.179  0.500  3569.986

## (C) 会場×日のサプライズ（実績 − ex-ante 期待の日平均）
  [explore] both3: 日平均サプライズの分散 0.02838 / 二項・残差ノイズの期待値 0.02957 → 日固有の分散 = -0.00119（説明できる割合 -4.2%・日数 2651）
  [explore] lpay: 日平均サプライズの分散 0.27978 / 二項・残差ノイズの期待値 0.26674 → 日固有の分散 = +0.01304（説明できる割合 +4.7%・日数 2651）
  [confirm] both3: 日平均サプライズの分散 0.02980 / 二項・残差ノイズの期待値 0.02983 → 日固有の分散 = -0.00002（説明できる割合 -0.1%・日数 1089）
  [confirm] lpay: 日平均サプライズの分散 0.25978 / 二項・残差ノイズの期待値 0.26748 → 日固有の分散 = -0.00770（説明できる割合 -3.0%・日数 1089）
  [explore] 前日→当日 サプライズ自己相関 both3: r=+0.0182 95%CI[-0.0286,+0.0625] p=0.36 (会場日 n=2536)
  [explore] 前日→当日 サプライズ自己相関 lpay: r=+0.0340 95%CI[-0.0117,+0.0753] p=0.087 (会場日 n=2536)
  [confirm] 前日→当日 サプライズ自己相関 both3: r=+0.0022 95%CI[-0.0579,+0.0775] p=0.94 (会場日 n=1008)
  [confirm] 前日→当日 サプライズ自己相関 lpay: r=-0.0107 95%CI[-0.0750,+0.0588] p=0.73 (会場日 n=1008)

## (D) サプライズを既存量へ足した増分（logit 5-fold・ΔAUC 95%CI）
  [both3] explore  +前日サプライズ2      ΔAUC -0.0003 [-0.0006,-0.0000]
  [both3] explore  +開催サプライズ2      ΔAUC -0.0003 [-0.0005,+0.0000]
  [both3] explore  +両方            ΔAUC -0.0005 [-0.0008,-0.0002]
  [both3] explore  +day_index(対照) ΔAUC -0.0001 [-0.0003,+0.0001]
  [both3] confirm  +前日サプライズ2      ΔAUC -0.0001 [-0.0007,+0.0004]
  [both3] confirm  +開催サプライズ2      ΔAUC -0.0001 [-0.0006,+0.0003]
  [both3] confirm  +両方            ΔAUC -0.0000 [-0.0008,+0.0007]
  [both3] confirm  +day_index(対照) ΔAUC +0.0002 [-0.0004,+0.0007]
  [big50] explore  +前日サプライズ2      ΔAUC -0.0003 [-0.0006,-0.0001]
  [big50] explore  +開催サプライズ2      ΔAUC -0.0004 [-0.0006,-0.0003]
  [big50] explore  +両方            ΔAUC -0.0006 [-0.0009,-0.0003]
  [big50] explore  +day_index(対照) ΔAUC -0.0000 [-0.0004,+0.0004]
  [big50] confirm  +前日サプライズ2      ΔAUC -0.0001 [-0.0009,+0.0007]
  [big50] confirm  +開催サプライズ2      ΔAUC +0.0002 [-0.0009,+0.0011]
  [big50] confirm  +両方            ΔAUC -0.0006 [-0.0016,+0.0004]
  [big50] confirm  +day_index(対照) ΔAUC -0.0002 [-0.0008,+0.0003]

## 記述: 前日サプライズ(both3) 五分位 → 当日そろい% / PAY中央（同一開催のみ）
  [explore] n=16436 実績そろい%  50.3  49.5  48.7  50.9  49.6 | ex-ante期待%  50.8  49.7  50.4  50.3  48.7 | PAY中央  3950  3975  4320  4105  4385
  [confirm] n=6594 実績そろい%  52.2  48.4  49.1  48.9  50.0 | ex-ante期待%  50.0  50.0  48.7  49.4  48.4 | PAY中央  4280  4230  4375  4465  4400
