====================================================================================================
§0 「人気」と「モデル軸1」が食い違う頻度（余地）
====================================================================================================

[探索 2024-07〜2025-12] n=25,833R  ◎あり 100.0%
  ◎ ≠ pw 1位                   2.8%
  ◎ ≠ p3 1位（型ラボの軸1）    10.3%
  ◎ = p3 2位                    8.9%
  ◎ = p3 3位以下                1.4%
  {◎,○} ≠ {p3 1位,2位}       22.9%
  予測オッズ最安 ≠ pw 1位       3.4%
  予測オッズ最安 ≠ p3 1位      10.4%
  予測オッズ最安 ≠ ◎            1.9%
  pw 1位 ≠ p3 1位（モデル内）  10.5%
  ◎ = pw 2位                    2.7%
  └ ◎≠p3 1位 のレース n=2,664: p3 1位の 1着/3着内 24.7/67.6%  ◎の 1着/3着内 36.5/70.2%
  └ 予測オッズ最安≠p3 1位 n=2,674: p3 1位の 1着/3着内 24.4/67.8%  最安の 1着/3着内 36.8/70.3%

[確認 2026-01〜08] n=10,404R  ◎あり 100.0%
  ◎ ≠ pw 1位                   1.7%
  ◎ ≠ p3 1位（型ラボの軸1）     9.7%
  ◎ = p3 2位                    8.8%
  ◎ = p3 3位以下                0.9%
  {◎,○} ≠ {p3 1位,2位}       16.1%
  予測オッズ最安 ≠ pw 1位       2.3%
  予測オッズ最安 ≠ p3 1位       9.9%
  予測オッズ最安 ≠ ◎            1.3%
  pw 1位 ≠ p3 1位（モデル内）  10.0%
  ◎ = pw 2位                    1.7%
  └ ◎≠p3 1位 のレース n=1,007: p3 1位の 1着/3着内 26.4/68.9%  ◎の 1着/3着内 34.6/66.7%
  └ 予測オッズ最安≠p3 1位 n=1,031: p3 1位の 1着/3着内 26.3/69.0%  最安の 1着/3着内 34.9/67.3%
