
====================================================================================================
§1 「軸1の信頼が薄い」層の実態（型ラボ現行 軸1=p3 1位・軸2=p3 2位）
====================================================================================================

[探索 2024-07〜2025-12]
  層                                            n     割合     二軸そろい    軸1 1着    軸1 3着内     軸1崩壊     7S軸そろい
  全レース                                    25,833 100.0%    53.49%   46.76%    79.45%   20.55%     53.50%
  pw_gap12 下位25%（2番手と差がない）                 6,459  25.0%    46.94%   32.22%    70.86%   29.14%     46.97%
  pw_max 下位25%（軸1の占有が少ない）                  6,459  25.0%    39.53%   29.90%    67.21%   32.79%     39.46%
  pw_ent 上位25%                             6,459  25.0%    36.85%   30.98%    66.87%   33.13%     36.80%
  axis_sum 下位25%（§5.4 の層）                  6,459  25.0%    35.32%   33.55%    67.49%   32.51%     35.39%
  p3_gap12 下位25%                           6,459  25.0%    52.87%   35.78%    73.79%   26.21%     52.90%
  rp_sd 下位25%（実力伯仲）                        6,459  25.0%    44.00%   37.93%    71.78%   28.22%     43.89%
  軸1(p3)≠◎                                 2,664  10.3%    45.80%   24.70%    67.64%   32.36%     45.98%
  軸1(p3)≠予測オッズ最安                           2,674  10.4%    45.96%   24.38%    67.76%   32.24%     46.19%
  pw_gap12下位25% ∧ 軸1(p3)≠◎                 1,904   7.4%    44.28%   24.68%    65.76%   34.24%     44.59%

[確認 2026-01〜08]
  層                                            n     割合     二軸そろい    軸1 1着    軸1 3着内     軸1崩壊     7S軸そろい
  全レース                                    10,404 100.0%    52.83%   45.19%    78.84%   21.16%     52.85%
  pw_gap12 下位25%（2番手と差がない）                 2,291  22.0%    45.57%   29.68%    69.88%   30.12%     45.70%
  pw_max 下位25%（軸1の占有が少ない）                  2,505  24.1%    39.32%   27.35%    66.99%   33.01%     39.36%
  pw_ent 上位25%                             2,833  27.2%    38.37%   30.74%    67.07%   32.93%     38.44%
  axis_sum 下位25%（§5.4 の層）                  2,709  26.0%    36.51%   33.78%    67.37%   32.63%     36.54%
  p3_gap12 下位25%                           2,549  24.5%    52.96%   34.68%    74.19%   25.81%     53.16%
  rp_sd 下位25%（実力伯仲）                        2,364  22.7%    43.02%   38.07%    72.88%   27.12%     43.02%
  軸1(p3)≠◎                                 1,007   9.7%    45.68%   26.42%    68.92%   31.08%     45.48%
  軸1(p3)≠予測オッズ最安                           1,031   9.9%    46.07%   26.29%    68.96%   31.04%     46.36%
  pw_gap12下位25% ∧ 軸1(p3)≠◎                   641   6.2%    44.62%   26.52%    69.73%   30.27%     44.46%
