
====================================================================================================
§2 差し替え規則の直接対決  基準=型ラボ現行(軸1=p3 1位/軸2=p3 2位)  指標=二軸そろい  Δpt [95%CI]（レース単位 paired bootstrap）
====================================================================================================

[全レース]
  腕                                            探索 n     基準%      新%                  Δ [CI]    入替%     確認 n     基準%      新%                  Δ [CI]    入替%   両窓
  (a) 軸1=pw 1位（7S型）                          25,833   53.49   53.50   +0.00 [-0.09,+0.09]   10.5   10,404   52.83   52.85   +0.02 [-0.11,+0.14]   10.0   
  (b) 軸1=◎                                   25,833   53.49   53.49   +0.00 [-0.09,+0.09]   10.3   10,404   52.83   52.83   +0.00 [-0.12,+0.12]    9.7   
  (c) 軸1=予測オッズ最安                             25,833   53.49   53.50   +0.00 [-0.07,+0.09]   10.4   10,404   52.83   52.84   +0.01 [-0.11,+0.12]    9.9   
  (d1) 食い違い時のみ ◎へ                            25,833   53.49   53.49   +0.00 [-0.09,+0.09]   10.3   10,404   52.83   52.83   +0.00 [-0.12,+0.12]    9.7   
  (d2) 食い違い時のみ 最安へ                           25,833   53.49   53.50   +0.00 [-0.07,+0.09]   10.4   10,404   52.83   52.84   +0.01 [-0.11,+0.12]    9.9   
  (d3) 食い違い時 上位3の市場最良                        25,833   53.49   53.48   -0.02 [-0.09,+0.06]   10.2   10,404   52.83   52.84   +0.01 [-0.10,+0.12]    9.8   
  (d4) 食い違い時 上位3の市場最悪                        25,833   53.49   52.19   -1.30 [-1.52,-1.09]    9.0   10,404   52.83   51.61   -1.21 [-1.57,-0.85]    9.1   ❌❌
  (d5) 一致時 上位3の市場最悪(逆張り対照)                   25,833   53.49   41.67  -11.82 [-12.51,-11.16]   89.6   10,404   52.83   40.79  -12.03 [-13.10,-10.94]   90.1   ❌❌
  (e1) 軸2=印(○/◎/▲)                           25,833   53.49   53.06   -0.44 [-0.85,-0.05]   22.4   10,404   52.83   52.43   -0.39 [-0.90,+0.14]   15.8   
  (e2) 軸2=予測三連複の3着内シェア                       25,833   53.49   54.05   +0.56 [+0.26,+0.87]   14.6   10,404   52.83   53.22   +0.39 [-0.05,+0.87]   12.3   
  (e3) 軸2=予測オッズ1着シェア                         25,833   53.49   52.21   -1.28 [-1.66,-0.90]   21.4   10,404   52.83   51.49   -1.34 [-1.90,-0.75]   19.6   ❌❌
  (e4) 軸2=pw 最上位                             25,833   53.49   51.26   -2.23 [-2.64,-1.81]   25.4   10,404   52.83   50.87   -1.95 [-2.57,-1.31]   23.3   ❌❌

[pw_gap12 下位25%（2番手と差がない）]
  腕                                            探索 n     基準%      新%                  Δ [CI]    入替%     確認 n     基準%      新%                  Δ [CI]    入替%   両窓
  (a) 軸1=pw 1位（7S型）                           6,459   46.94   46.97   +0.03 [-0.33,+0.36]   30.3    2,291   45.57   45.70   +0.13 [-0.35,+0.65]   29.7   
  (b) 軸1=◎                                    6,459   46.94   46.96   +0.02 [-0.28,+0.31]   29.5    2,291   45.57   45.61   +0.04 [-0.44,+0.48]   28.0   
  (c) 軸1=予測オッズ最安                              6,459   46.94   46.91   -0.03 [-0.31,+0.26]   29.6    2,291   45.57   45.79   +0.22 [-0.22,+0.65]   29.1   
  (d1) 食い違い時のみ ◎へ                             6,459   46.94   46.96   +0.02 [-0.28,+0.33]   29.5    2,291   45.57   45.61   +0.04 [-0.39,+0.48]   28.0   
  (d2) 食い違い時のみ 最安へ                            6,459   46.94   46.91   -0.03 [-0.31,+0.25]   29.6    2,291   45.57   45.79   +0.22 [-0.22,+0.65]   29.1   
  (d3) 食い違い時 上位3の市場最良                         6,459   46.94   46.82   -0.12 [-0.40,+0.12]   29.3    2,291   45.57   45.70   +0.13 [-0.31,+0.57]   28.7   
  (d4) 食い違い時 上位3の市場最悪                         6,459   46.94   43.30   -3.64 [-4.35,-2.93]   25.9    2,291   45.57   42.16   -3.40 [-4.71,-2.10]   26.3   ❌❌
  (d5) 一致時 上位3の市場最悪(逆張り対照)                    6,459   46.94   39.36   -7.59 [-8.78,-6.43]   70.4    2,291   45.57   37.01   -8.56 [-10.61,-6.50]   70.9   ❌❌
  (e1) 軸2=印(○/◎/▲)                            6,459   46.94   46.28   -0.67 [-1.49,+0.12]   25.7    2,291   45.57   45.05   -0.52 [-1.70,+0.61]   18.3   
  (e2) 軸2=予測三連複の3着内シェア                        6,459   46.94   47.55   +0.60 [+0.02,+1.21]   16.2    2,291   45.57   46.70   +1.13 [+0.13,+2.14]   14.2   ✅
  (e3) 軸2=予測オッズ1着シェア                          6,459   46.94   46.29   -0.65 [-1.30,+0.02]   19.6    2,291   45.57   45.40   -0.17 [-1.27,+0.96]   17.2   
  (e4) 軸2=pw 最上位                              6,459   46.94   45.90   -1.04 [-1.73,-0.33]   21.4    2,291   45.57   44.83   -0.74 [-1.88,+0.39]   17.8   

[pw_max 下位25%（軸1の占有が少ない）]
  腕                                            探索 n     基準%      新%                  Δ [CI]    入替%     確認 n     基準%      新%                  Δ [CI]    入替%   両窓
  (a) 軸1=pw 1位（7S型）                           6,459   39.53   39.46   -0.06 [-0.43,+0.29]   26.1    2,505   39.32   39.36   +0.04 [-0.40,+0.48]   24.6   
  (b) 軸1=◎                                    6,459   39.53   39.46   -0.06 [-0.37,+0.26]   25.3    2,505   39.32   39.28   -0.04 [-0.48,+0.36]   23.1   
  (c) 軸1=予測オッズ最安                              6,459   39.53   39.50   -0.03 [-0.33,+0.26]   25.6    2,505   39.32   39.36   +0.04 [-0.36,+0.44]   23.9   
  (d1) 食い違い時のみ ◎へ                             6,459   39.53   39.46   -0.06 [-0.39,+0.26]   25.3    2,505   39.32   39.28   -0.04 [-0.48,+0.40]   23.1   
  (d2) 食い違い時のみ 最安へ                            6,459   39.53   39.50   -0.03 [-0.34,+0.28]   25.6    2,505   39.32   39.36   +0.04 [-0.36,+0.44]   23.9   
  (d3) 食い違い時 上位3の市場最良                         6,459   39.53   39.40   -0.12 [-0.42,+0.17]   25.2    2,505   39.32   39.32   +0.00 [-0.40,+0.40]   23.6   
  (d4) 食い違い時 上位3の市場最悪                         6,459   39.53   37.34   -2.18 [-2.80,-1.58]   21.1    2,505   39.32   37.80   -1.52 [-2.51,-0.52]   21.0   ❌❌
  (d5) 一致時 上位3の市場最悪(逆張り対照)                    6,459   39.53   35.04   -4.49 [-5.62,-3.33]   74.4    2,505   39.32   32.89   -6.43 [-8.38,-4.51]   76.1   ❌❌
  (e1) 軸2=印(○/◎/▲)                            6,459   39.53   39.37   -0.15 [-1.01,+0.77]   33.0    2,505   39.32   38.28   -1.04 [-2.28,+0.24]   23.1   
  (e2) 軸2=予測三連複の3着内シェア                        6,459   39.53   40.44   +0.91 [+0.25,+1.61]   22.1    2,505   39.32   40.44   +1.12 [-0.04,+2.20]   19.0   
  (e3) 軸2=予測オッズ1着シェア                          6,459   39.53   38.89   -0.63 [-1.41,+0.12]   28.0    2,505   39.32   38.92   -0.40 [-1.60,+0.88]   24.8   
  (e4) 軸2=pw 最上位                              6,459   39.53   37.51   -2.01 [-2.88,-1.11]   31.1    2,505   39.32   38.28   -1.04 [-2.32,+0.24]   26.5   

[pw_ent 上位25%]
  腕                                            探索 n     基準%      新%                  Δ [CI]    入替%     確認 n     基準%      新%                  Δ [CI]    入替%   両窓
  (a) 軸1=pw 1位（7S型）                           6,459   36.85   36.80   -0.05 [-0.37,+0.26]   19.4    2,833   38.37   38.44   +0.07 [-0.28,+0.42]   17.0   
  (b) 軸1=◎                                    6,459   36.85   36.85   +0.00 [-0.26,+0.26]   19.1    2,833   38.37   38.30   -0.07 [-0.35,+0.25]   16.2   
  (c) 軸1=予測オッズ最安                              6,459   36.85   36.82   -0.03 [-0.29,+0.23]   19.5    2,833   38.37   38.44   +0.07 [-0.25,+0.39]   16.6   
  (d1) 食い違い時のみ ◎へ                             6,459   36.85   36.85   +0.00 [-0.28,+0.26]   19.1    2,833   38.37   38.30   -0.07 [-0.39,+0.25]   16.2   
  (d2) 食い違い時のみ 最安へ                            6,459   36.85   36.82   -0.03 [-0.29,+0.23]   19.5    2,833   38.37   38.44   +0.07 [-0.21,+0.39]   16.6   
  (d3) 食い違い時 上位3の市場最良                         6,459   36.85   36.75   -0.09 [-0.34,+0.17]   19.1    2,833   38.37   38.40   +0.04 [-0.25,+0.32]   16.3   
  (d4) 食い違い時 上位3の市場最悪                         6,459   36.85   35.47   -1.38 [-1.90,-0.84]   15.7    2,833   38.37   37.45   -0.92 [-1.69,-0.14]   14.4   ❌❌
  (d5) 一致時 上位3の市場最悪(逆張り対照)                    6,459   36.85   32.99   -3.86 [-5.00,-2.63]   80.5    2,833   38.37   31.66   -6.71 [-8.61,-4.87]   83.4   ❌❌
  (e1) 軸2=印(○/◎/▲)                            6,459   36.85   37.03   +0.19 [-0.74,+1.07]   35.2    2,833   38.37   37.42   -0.95 [-2.08,+0.28]   23.5   
  (e2) 軸2=予測三連複の3着内シェア                        6,459   36.85   37.81   +0.96 [+0.23,+1.72]   24.4    2,833   38.37   38.86   +0.49 [-0.64,+1.52]   19.4   
  (e3) 軸2=予測オッズ1着シェア                          6,459   36.85   35.93   -0.91 [-1.76,-0.08]   32.3    2,833   38.37   37.13   -1.24 [-2.51,+0.00]   27.4   
  (e4) 軸2=pw 最上位                              6,459   36.85   34.66   -2.18 [-3.13,-1.27]   35.1    2,833   38.37   36.43   -1.94 [-3.25,-0.64]   30.1   ❌❌

[axis_sum 下位25%（§5.4 の層）]
  腕                                            探索 n     基準%      新%                  Δ [CI]    入替%     確認 n     基準%      新%                  Δ [CI]    入替%   両窓
  (a) 軸1=pw 1位（7S型）                           6,459   35.32   35.39   +0.08 [-0.22,+0.39]   16.8    2,709   36.51   36.54   +0.04 [-0.33,+0.44]   14.2   
  (b) 軸1=◎                                    6,459   35.32   35.36   +0.05 [-0.23,+0.31]   16.5    2,709   36.51   36.62   +0.11 [-0.26,+0.48]   13.5   
  (c) 軸1=予測オッズ最安                              6,459   35.32   35.35   +0.03 [-0.23,+0.31]   17.1    2,709   36.51   36.47   -0.04 [-0.37,+0.33]   14.1   
  (d1) 食い違い時のみ ◎へ                             6,459   35.32   35.36   +0.05 [-0.23,+0.31]   16.5    2,709   36.51   36.62   +0.11 [-0.26,+0.44]   13.5   
  (d2) 食い違い時のみ 最安へ                            6,459   35.32   35.35   +0.03 [-0.23,+0.29]   17.1    2,709   36.51   36.47   -0.04 [-0.37,+0.33]   14.1   
  (d3) 食い違い時 上位3の市場最良                         6,459   35.32   35.30   -0.02 [-0.28,+0.23]   16.7    2,709   36.51   36.51   +0.00 [-0.33,+0.37]   13.8   
  (d4) 食い違い時 上位3の市場最悪                         6,459   35.32   34.56   -0.76 [-1.19,-0.31]   13.2    2,709   36.51   36.29   -0.22 [-1.00,+0.52]   11.6   
  (d5) 一致時 上位3の市場最悪(逆張り対照)                    6,459   35.32   31.65   -3.67 [-4.88,-2.45]   82.9    2,709   36.51   31.49   -5.02 [-6.87,-3.06]   85.9   ❌❌
  (e1) 軸2=印(○/◎/▲)                            6,459   35.32   35.76   +0.45 [-0.59,+1.44]   40.0    2,709   36.51   36.06   -0.44 [-1.77,+0.92]   30.8   
  (e2) 軸2=予測三連複の3着内シェア                        6,459   35.32   36.46   +1.15 [+0.29,+2.06]   29.9    2,709   36.51   37.32   +0.81 [-0.44,+2.18]   25.7   
  (e3) 軸2=予測オッズ1着シェア                          6,459   35.32   34.51   -0.81 [-1.78,+0.22]   38.0    2,709   36.51   34.92   -1.59 [-3.03,-0.18]   33.0   
  (e4) 軸2=pw 最上位                              6,459   35.32   33.09   -2.23 [-3.30,-1.22]   40.4    2,709   36.51   34.66   -1.85 [-3.36,-0.26]   36.1   ❌❌

[p3_gap12 下位25%]
  腕                                            探索 n     基準%      新%                  Δ [CI]    入替%     確認 n     基準%      新%                  Δ [CI]    入替%   両窓
  (a) 軸1=pw 1位（7S型）                           6,459   52.87   52.90   +0.03 [-0.23,+0.31]   31.4    2,549   52.96   53.16   +0.20 [-0.16,+0.59]   30.1   
  (b) 軸1=◎                                    6,459   52.87   52.87   +0.00 [-0.26,+0.25]   31.2    2,549   52.96   53.12   +0.16 [-0.20,+0.51]   29.4   
  (c) 軸1=予測オッズ最安                              6,459   52.87   52.87   +0.00 [-0.23,+0.25]   30.6    2,549   52.96   53.16   +0.20 [-0.12,+0.51]   29.3   
  (d1) 食い違い時のみ ◎へ                             6,459   52.87   52.87   +0.00 [-0.26,+0.26]   31.2    2,549   52.96   53.12   +0.16 [-0.20,+0.51]   29.4   
  (d2) 食い違い時のみ 最安へ                            6,459   52.87   52.87   +0.00 [-0.25,+0.25]   30.6    2,549   52.96   53.16   +0.20 [-0.12,+0.51]   29.3   
  (d3) 食い違い時 上位3の市場最良                         6,459   52.87   52.84   -0.03 [-0.26,+0.22]   30.4    2,549   52.96   53.16   +0.20 [-0.12,+0.51]   29.3   
  (d4) 食い違い時 上位3の市場最悪                         6,459   52.87   48.46   -4.41 [-5.14,-3.65]   26.3    2,549   52.96   49.04   -3.92 [-5.10,-2.67]   26.7   ❌❌
  (d5) 一致時 上位3の市場最悪(逆張り対照)                    6,459   52.87   41.54  -11.33 [-12.54,-10.16]   69.4    2,549   52.96   39.51  -13.46 [-15.46,-11.46]   70.7   ❌❌
  (e1) 軸2=印(○/◎/▲)                            6,459   52.87   52.13   -0.74 [-1.41,-0.05]   19.2    2,549   52.96   52.81   -0.16 [-0.98,+0.63]   11.1   
  (e2) 軸2=予測三連複の3着内シェア                        6,459   52.87   53.10   +0.23 [-0.23,+0.70]   10.5    2,549   52.96   53.51   +0.55 [-0.12,+1.26]    8.1   
  (e3) 軸2=予測オッズ1着シェア                          6,459   52.87   52.73   -0.14 [-0.63,+0.37]   13.2    2,549   52.96   52.61   -0.35 [-1.18,+0.47]   10.7   
  (e4) 軸2=pw 最上位                              6,459   52.87   52.19   -0.68 [-1.27,-0.08]   15.3    2,549   52.96   52.22   -0.75 [-1.61,+0.12]   12.6   

[rp_sd 下位25%（実力伯仲）]
  腕                                            探索 n     基準%      新%                  Δ [CI]    入替%     確認 n     基準%      新%                  Δ [CI]    入替%   両窓
  (a) 軸1=pw 1位（7S型）                           6,459   44.00   43.89   -0.11 [-0.33,+0.09]   12.7    2,364   43.02   43.02   +0.00 [-0.30,+0.30]   11.8   
  (b) 軸1=◎                                    6,459   44.00   43.99   -0.02 [-0.20,+0.17]   12.9    2,364   43.02   42.94   -0.08 [-0.38,+0.21]   11.3   
  (c) 軸1=予測オッズ最安                              6,459   44.00   44.02   +0.02 [-0.19,+0.20]   13.2    2,364   43.02   43.02   +0.00 [-0.30,+0.30]   11.8   
  (d1) 食い違い時のみ ◎へ                             6,459   44.00   43.99   -0.02 [-0.20,+0.17]   12.9    2,364   43.02   42.94   -0.08 [-0.38,+0.21]   11.3   
  (d2) 食い違い時のみ 最安へ                            6,459   44.00   44.02   +0.02 [-0.19,+0.20]   13.2    2,364   43.02   43.02   +0.00 [-0.30,+0.30]   11.8   
  (d3) 食い違い時 上位3の市場最良                         6,459   44.00   44.00   +0.00 [-0.20,+0.20]   13.1    2,364   43.02   42.98   -0.04 [-0.34,+0.25]   11.6   
  (d4) 食い違い時 上位3の市場最悪                         6,459   44.00   42.73   -1.27 [-1.72,-0.81]   11.1    2,364   43.02   42.34   -0.68 [-1.40,+0.04]   10.4   
  (d5) 一致時 上位3の市場最悪(逆張り対照)                    6,459   44.00   35.69   -8.31 [-9.58,-7.09]   86.8    2,364   43.02   34.77   -8.25 [-10.32,-6.18]   88.2   ❌❌
  (e1) 軸2=印(○/◎/▲)                            6,459   44.00   43.35   -0.65 [-1.47,+0.17]   26.8    2,364   43.02   42.98   -0.04 [-1.23,+1.14]   20.6   
  (e2) 軸2=予測三連複の3着内シェア                        6,459   44.00   44.19   +0.19 [-0.48,+0.87]   19.1    2,364   43.02   43.78   +0.76 [-0.30,+1.86]   16.7   
  (e3) 軸2=予測オッズ1着シェア                          6,459   44.00   42.31   -1.69 [-2.52,-0.88]   27.5    2,364   43.02   41.29   -1.73 [-3.00,-0.47]   23.4   ❌❌
  (e4) 軸2=pw 最上位                              6,459   44.00   41.28   -2.72 [-3.61,-1.83]   29.2    2,364   43.02   41.03   -1.99 [-3.34,-0.63]   24.5   ❌❌

[軸1(p3)≠◎]
  腕                                            探索 n     基準%      新%                  Δ [CI]    入替%     確認 n     基準%      新%                  Δ [CI]    入替%   両窓
  (a) 軸1=pw 1位（7S型）                           2,664   45.80   45.98   +0.19 [-0.64,+0.98]   88.2    1,007   45.68   45.48   -0.20 [-1.29,+0.99]   93.3   
  (b) 軸1=◎                                    2,664   45.80   45.80   +0.00 [-0.79,+0.83]  100.0    1,007   45.68   45.68   +0.00 [-1.19,+1.19]  100.0   
  (c) 軸1=予測オッズ最安                              2,664   45.80   45.76   -0.04 [-0.75,+0.68]   91.5    1,007   45.68   45.68   +0.00 [-1.09,+1.09]   94.7   
  (d1) 食い違い時のみ ◎へ                             2,664   45.80   45.80   +0.00 [-0.83,+0.79]  100.0    1,007   45.68   45.68   +0.00 [-1.19,+1.19]  100.0   
  (d2) 食い違い時のみ 最安へ                            2,664   45.80   45.76   -0.04 [-0.79,+0.68]   91.5    1,007   45.68   45.68   +0.00 [-0.99,+1.09]   94.7   
  (d3) 食い違い時 上位3の市場最良                         2,664   45.80   45.61   -0.19 [-0.90,+0.45]   90.7    1,007   45.68   45.68   +0.00 [-0.99,+0.99]   94.2   
  (d4) 食い違い時 上位3の市場最悪                         2,664   45.80   34.31  -11.49 [-13.44,-9.53]   78.7    1,007   45.68   34.26  -11.42 [-14.90,-8.04]   85.9   ❌❌
  (d5) 一致時 上位3の市場最悪(逆張り対照)                    2,664   45.80   45.80   +0.00 [-0.64,+0.56]    8.5    1,007   45.68   45.28   -0.40 [-1.29,+0.50]    5.3   
  (e1) 軸2=印(○/◎/▲)                            2,664   45.80   44.93   -0.86 [-2.03,+0.26]   25.0    1,007   45.68   45.38   -0.30 [-1.69,+1.09]   14.2   
  (e2) 軸2=予測三連複の3着内シェア                        2,664   45.80   46.17   +0.38 [-0.38,+1.13]   12.5    1,007   45.68   45.78   +0.10 [-1.09,+1.29]    8.6   
  (e3) 軸2=予測オッズ1着シェア                          2,664   45.80   45.72   -0.08 [-0.86,+0.75]   13.8    1,007   45.68   45.88   +0.20 [-0.89,+1.29]    8.9   
  (e4) 軸2=pw 最上位                              2,664   45.80   45.65   -0.15 [-0.98,+0.68]   14.7    1,007   45.68   45.58   -0.10 [-1.39,+1.19]    9.5   

[軸1(p3)≠予測オッズ最安]
  腕                                            探索 n     基準%      新%                  Δ [CI]    入替%     確認 n     基準%      新%                  Δ [CI]    入替%   両窓
  (a) 軸1=pw 1位（7S型）                           2,674   45.96   46.19   +0.22 [-0.52,+0.97]   85.5    1,031   46.07   46.36   +0.29 [-0.78,+1.45]   89.8   
  (b) 軸1=◎                                    2,674   45.96   46.07   +0.11 [-0.60,+0.86]   91.2    1,031   46.07   46.07   +0.00 [-1.07,+1.16]   92.5   
  (c) 軸1=予測オッズ最安                              2,674   45.96   46.00   +0.04 [-0.79,+0.86]  100.0    1,031   46.07   46.17   +0.10 [-1.07,+1.26]  100.0   
  (d1) 食い違い時のみ ◎へ                             2,674   45.96   46.07   +0.11 [-0.60,+0.82]   91.2    1,031   46.07   46.07   +0.00 [-1.07,+1.07]   92.5   
  (d2) 食い違い時のみ 最安へ                            2,674   45.96   46.00   +0.04 [-0.75,+0.82]  100.0    1,031   46.07   46.17   +0.10 [-1.07,+1.26]  100.0   
  (d3) 食い違い時 上位3の市場最良                         2,674   45.96   45.81   -0.15 [-0.90,+0.60]   98.9    1,031   46.07   46.17   +0.10 [-0.97,+1.16]   99.0   
  (d4) 食い違い時 上位3の市場最悪                         2,674   45.96   33.40  -12.57 [-14.62,-10.55]   87.2    1,031   46.07   33.85  -12.22 [-15.52,-8.73]   91.4   ❌❌
  (d5) 一致時 上位3の市場最悪(逆張り対照)                    2,674   45.96   45.96   +0.00 [+0.00,+0.00]    0.0    1,031   46.07   46.07   +0.00 [+0.00,+0.00]    0.0   
  (e1) 軸2=印(○/◎/▲)                            2,674   45.96   45.44   -0.52 [-1.68,+0.64]   24.5    1,031   46.07   45.68   -0.39 [-1.75,+1.07]   14.3   
  (e2) 軸2=予測三連複の3着内シェア                        2,674   45.96   46.30   +0.34 [-0.41,+1.12]   12.6    1,031   46.07   46.07   +0.00 [-1.16,+1.26]    9.3   
  (e3) 軸2=予測オッズ1着シェア                          2,674   45.96   46.00   +0.04 [-0.71,+0.79]   14.0    1,031   46.07   46.17   +0.10 [-1.07,+1.26]    9.4   
  (e4) 軸2=pw 最上位                              2,674   45.96   46.04   +0.07 [-0.75,+0.90]   15.0    1,031   46.07   46.17   +0.10 [-1.16,+1.36]    9.5   

[pw_gap12下位25% ∧ 軸1(p3)≠◎]
  腕                                            探索 n     基準%      新%                  Δ [CI]    入替%     確認 n     基準%      新%                  Δ [CI]    入替%   両窓
  (a) 軸1=pw 1位（7S型）                           1,904   44.28   44.59   +0.32 [-0.68,+1.31]   83.8      641   44.62   44.46   -0.16 [-1.87,+1.40]   90.2   
  (b) 軸1=◎                                    1,904   44.28   44.33   +0.05 [-1.00,+1.16]  100.0      641   44.62   44.77   +0.16 [-1.56,+1.72]  100.0   
  (c) 軸1=予測オッズ最安                              1,904   44.28   44.22   -0.05 [-0.95,+0.84]   89.0      641   44.62   44.93   +0.31 [-1.09,+1.72]   92.8   
  (d1) 食い違い時のみ ◎へ                             1,904   44.28   44.33   +0.05 [-0.95,+1.10]  100.0      641   44.62   44.77   +0.16 [-1.40,+1.87]  100.0   
  (d2) 食い違い時のみ 最安へ                            1,904   44.28   44.22   -0.05 [-0.95,+0.84]   89.0      641   44.62   44.93   +0.31 [-1.09,+1.72]   92.8   
  (d3) 食い違い時 上位3の市場最良                         1,904   44.28   43.91   -0.37 [-1.21,+0.47]   88.0      641   44.62   44.77   +0.16 [-1.25,+1.56]   92.2   
  (d4) 食い違い時 上位3の市場最悪                         1,904   44.28   33.46  -10.82 [-13.03,-8.56]   76.5      641   44.62   33.85  -10.76 [-14.82,-6.55]   83.0   ❌❌
  (d5) 一致時 上位3の市場最悪(逆張り対照)                    1,904   44.28   44.28   +0.00 [-0.79,+0.79]   11.0      641   44.62   44.31   -0.31 [-1.56,+0.94]    7.2   
  (e1) 軸2=印(○/◎/▲)                            1,904   44.28   43.43   -0.84 [-2.15,+0.53]   25.9      641   44.62   44.15   -0.47 [-2.34,+1.40]   15.1   
  (e2) 軸2=予測三連複の3着内シェア                        1,904   44.28   44.59   +0.32 [-0.58,+1.21]   14.1      641   44.62   44.62   +0.00 [-1.56,+1.72]   10.5   
  (e3) 軸2=予測オッズ1着シェア                          1,904   44.28   44.22   -0.05 [-1.05,+0.95]   16.1      641   44.62   45.24   +0.62 [-0.94,+2.18]   10.6   
  (e4) 軸2=pw 最上位                              1,904   44.28   44.12   -0.16 [-1.26,+0.95]   17.3      641   44.62   44.62   +0.00 [-1.56,+1.72]   11.5   

  見たセル数 120・両窓 CI が 0 を跨がず正: 1  → pw_gap12 下位25%（2番手と差がない）×(e2) 軸2=予測三連複の3着内シェア

====================================================================================================
§2 差し替え規則の直接対決  基準=7S型(軸1=pw 1位/軸2=p3)  指標=二軸そろい  Δpt [95%CI]（レース単位 paired bootstrap）
====================================================================================================

[全レース]
  腕                                            探索 n     基準%      新%                  Δ [CI]    入替%     確認 n     基準%      新%                  Δ [CI]    入替%   両窓
  (b) 軸1=◎                                   25,833   53.50   53.49   -0.00 [-0.07,+0.06]    2.8   10,404   52.85   52.83   -0.02 [-0.10,+0.06]    1.7   
  (c) 軸1=予測オッズ最安                             25,833   53.50   53.50   +0.00 [-0.07,+0.07]    3.4   10,404   52.85   52.84   -0.01 [-0.10,+0.08]    2.3   
  (d1) 食い違い時のみ ◎へ                            25,833   53.50   53.49   -0.00 [-0.07,+0.06]    2.8   10,404   52.85   52.83   -0.02 [-0.10,+0.06]    1.7   
  (d2) 食い違い時のみ 最安へ                           25,833   53.50   53.50   +0.00 [-0.07,+0.07]    3.4   10,404   52.85   52.84   -0.01 [-0.10,+0.08]    2.3   
  (d3) 食い違い時 上位3の市場最良                        25,833   53.50   53.50   +0.00 [-0.07,+0.07]    3.4   10,404   52.85   52.84   -0.01 [-0.10,+0.09]    2.3   
  (d4) 食い違い時 上位3の市場最悪                        25,833   53.50   53.06   -0.44 [-0.58,-0.31]    3.1   10,404   52.85   52.46   -0.38 [-0.57,-0.19]    2.2   ❌❌
  (d5) 一致時 上位3の市場最悪(逆張り対照)                   25,833   53.50   32.93  -20.57 [-21.32,-19.82]   96.6   10,404   52.85   31.97  -20.88 [-22.08,-19.63]   97.7   ❌❌
  (e1) 軸2=印(○/◎/▲)                           25,833   53.50   53.09   -0.40 [-0.80,-0.02]   22.2   10,404   52.85   52.51   -0.34 [-0.85,+0.17]   15.5   
  (e2) 軸2=予測三連複の3着内シェア                       25,833   53.50   54.12   +0.62 [+0.30,+0.92]   14.5   10,404   52.85   53.21   +0.37 [-0.08,+0.80]   12.2   
  (e3) 軸2=予測オッズ1着シェア                         25,833   53.50   52.26   -1.23 [-1.61,-0.85]   21.5   10,404   52.85   51.41   -1.43 [-1.99,-0.86]   19.7   ❌❌
  (e4) 軸2=pw 最上位                             25,833   53.50   51.15   -2.35 [-2.78,-1.89]   25.7   10,404   52.85   50.72   -2.12 [-2.75,-1.47]   23.8   ❌❌
  (a') 軸1=p3 1位                              25,833   53.50   53.49   -0.00 [-0.10,+0.09]   10.5   10,404   52.85   52.83   -0.02 [-0.13,+0.11]   10.0   

[pw_gap12 下位25%（2番手と差がない）]
  腕                                            探索 n     基準%      新%                  Δ [CI]    入替%     確認 n     基準%      新%                  Δ [CI]    入替%   両窓
  (b) 軸1=◎                                    6,459   46.97   46.96   -0.02 [-0.26,+0.23]   11.2    2,291   45.70   45.61   -0.09 [-0.44,+0.26]    7.6   
  (c) 軸1=予測オッズ最安                              6,459   46.97   46.91   -0.06 [-0.36,+0.22]   13.0    2,291   45.70   45.79   +0.09 [-0.26,+0.44]    9.6   
  (d1) 食い違い時のみ ◎へ                             6,459   46.97   46.96   -0.02 [-0.28,+0.23]   11.2    2,291   45.70   45.61   -0.09 [-0.48,+0.26]    7.6   
  (d2) 食い違い時のみ 最安へ                            6,459   46.97   46.91   -0.06 [-0.34,+0.23]   13.0    2,291   45.70   45.79   +0.09 [-0.31,+0.44]    9.6   
  (d3) 食い違い時 上位3の市場最良                         6,459   46.97   46.93   -0.05 [-0.31,+0.23]   13.0    2,291   45.70   45.79   +0.09 [-0.31,+0.44]    9.6   
  (d4) 食い違い時 上位3の市場最悪                         6,459   46.97   45.21   -1.76 [-2.32,-1.21]   12.1    2,291   45.70   44.04   -1.66 [-2.49,-0.83]    9.2   ❌❌
  (d5) 一致時 上位3の市場最悪(逆張り対照)                    6,459   46.97   32.16  -14.82 [-16.23,-13.38]   87.0    2,291   45.70   30.73  -14.97 [-17.42,-12.66]   90.4   ❌❌
  (e1) 軸2=印(○/◎/▲)                            6,459   46.97   46.48   -0.50 [-1.27,+0.29]   25.0    2,291   45.70   45.48   -0.22 [-1.35,+0.96]   17.5   
  (e2) 軸2=予測三連複の3着内シェア                        6,459   46.97   47.84   +0.87 [+0.25,+1.44]   15.4    2,291   45.70   46.84   +1.13 [+0.17,+2.10]   13.2   ✅
  (e3) 軸2=予測オッズ1着シェア                          6,459   46.97   46.57   -0.40 [-1.05,+0.25]   19.0    2,291   45.70   45.13   -0.57 [-1.70,+0.52]   17.2   
  (e4) 軸2=pw 最上位                              6,459   46.97   45.77   -1.21 [-1.94,-0.50]   21.2    2,291   45.70   44.30   -1.40 [-2.62,-0.22]   18.5   ❌❌
  (a') 軸1=p3 1位                               6,459   46.97   46.94   -0.03 [-0.39,+0.33]   30.3    2,291   45.70   45.57   -0.13 [-0.65,+0.39]   29.7   

[pw_max 下位25%（軸1の占有が少ない）]
  腕                                            探索 n     基準%      新%                  Δ [CI]    入替%     確認 n     基準%      新%                  Δ [CI]    入替%   両窓
  (b) 軸1=◎                                    6,459   39.46   39.46   +0.00 [-0.23,+0.25]    9.0    2,505   39.36   39.28   -0.08 [-0.40,+0.24]    5.9   
  (c) 軸1=予測オッズ最安                              6,459   39.46   39.50   +0.03 [-0.25,+0.29]   10.6    2,505   39.36   39.36   +0.00 [-0.36,+0.36]    7.4   
  (d1) 食い違い時のみ ◎へ                             6,459   39.46   39.46   +0.00 [-0.23,+0.23]    9.0    2,505   39.36   39.28   -0.08 [-0.40,+0.24]    5.9   
  (d2) 食い違い時のみ 最安へ                            6,459   39.46   39.50   +0.03 [-0.26,+0.29]   10.6    2,505   39.36   39.36   +0.00 [-0.32,+0.36]    7.4   
  (d3) 食い違い時 上位3の市場最良                         6,459   39.46   39.51   +0.05 [-0.23,+0.33]   10.5    2,505   39.36   39.36   +0.00 [-0.36,+0.36]    7.4   
  (d4) 食い違い時 上位3の市場最悪                         6,459   39.46   38.61   -0.85 [-1.33,-0.42]    9.6    2,505   39.36   38.48   -0.88 [-1.52,-0.20]    6.9   ❌❌
  (d5) 一致時 上位3の市場最悪(逆張り対照)                    6,459   39.46   30.89   -8.58 [-9.99,-7.21]   89.4    2,505   39.36   29.46   -9.90 [-12.18,-7.58]   92.6   ❌❌
  (e1) 軸2=印(○/◎/▲)                            6,459   39.46   39.62   +0.15 [-0.74,+1.04]   32.3    2,505   39.36   38.68   -0.68 [-1.92,+0.64]   22.3   
  (e2) 軸2=予測三連複の3着内シェア                        6,459   39.46   40.73   +1.27 [+0.56,+2.00]   21.6    2,505   39.36   40.52   +1.16 [+0.04,+2.28]   18.4   ✅
  (e3) 軸2=予測オッズ1着シェア                          6,459   39.46   39.19   -0.28 [-1.10,+0.54]   28.0    2,505   39.36   38.60   -0.76 [-2.04,+0.52]   25.2   
  (e4) 軸2=pw 最上位                              6,459   39.46   37.39   -2.07 [-2.96,-1.19]   31.5    2,505   39.36   37.68   -1.68 [-3.03,-0.20]   27.7   ❌❌
  (a') 軸1=p3 1位                               6,459   39.46   39.53   +0.06 [-0.26,+0.40]   26.1    2,505   39.36   39.32   -0.04 [-0.48,+0.44]   24.6   

[pw_ent 上位25%]
  腕                                            探索 n     基準%      新%                  Δ [CI]    入替%     確認 n     基準%      新%                  Δ [CI]    入替%   両窓
  (b) 軸1=◎                                    6,459   36.80   36.85   +0.05 [-0.15,+0.25]    5.5    2,833   38.44   38.30   -0.14 [-0.39,+0.11]    3.4   
  (c) 軸1=予測オッズ最安                              6,459   36.80   36.82   +0.02 [-0.22,+0.26]    6.3    2,833   38.44   38.44   +0.00 [-0.28,+0.28]    4.1   
  (d1) 食い違い時のみ ◎へ                             6,459   36.80   36.85   +0.05 [-0.15,+0.26]    5.5    2,833   38.44   38.30   -0.14 [-0.39,+0.11]    3.4   
  (d2) 食い違い時のみ 最安へ                            6,459   36.80   36.82   +0.02 [-0.22,+0.23]    6.3    2,833   38.44   38.44   +0.00 [-0.28,+0.28]    4.1   
  (d3) 食い違い時 上位3の市場最良                         6,459   36.80   36.83   +0.03 [-0.20,+0.26]    6.3    2,833   38.44   38.44   +0.00 [-0.28,+0.28]    4.1   
  (d4) 食い違い時 上位3の市場最悪                         6,459   36.80   36.43   -0.37 [-0.73,+0.00]    5.7    2,833   38.44   38.19   -0.25 [-0.71,+0.18]    3.8   
  (d5) 一致時 上位3の市場最悪(逆張り対照)                    6,459   36.80   28.63   -8.17 [-9.46,-6.72]   93.7    2,833   38.44   27.39  -11.05 [-13.17,-8.97]   95.9   ❌❌
  (e1) 軸2=印(○/◎/▲)                            6,459   36.80   37.22   +0.42 [-0.53,+1.33]   34.7    2,833   38.44   37.77   -0.67 [-1.84,+0.56]   23.0   
  (e2) 軸2=予測三連複の3着内シェア                        6,459   36.80   38.09   +1.29 [+0.53,+2.12]   24.2    2,833   38.44   39.04   +0.60 [-0.46,+1.69]   19.4   
  (e3) 軸2=予測オッズ1着シェア                          6,459   36.80   36.21   -0.59 [-1.52,+0.29]   32.7    2,833   38.44   36.92   -1.52 [-2.79,-0.25]   28.1   
  (e4) 軸2=pw 最上位                              6,459   36.80   34.62   -2.18 [-3.11,-1.19]   35.7    2,833   38.44   35.86   -2.58 [-3.88,-1.27]   31.5   ❌❌
  (a') 軸1=p3 1位                               6,459   36.80   36.85   +0.05 [-0.26,+0.36]   19.4    2,833   38.44   38.37   -0.07 [-0.42,+0.28]   17.0   

[axis_sum 下位25%（§5.4 の層）]
  腕                                            探索 n     基準%      新%                  Δ [CI]    入替%     確認 n     基準%      新%                  Δ [CI]    入替%   両窓
  (b) 軸1=◎                                    6,459   35.39   35.36   -0.03 [-0.25,+0.17]    4.6    2,709   36.54   36.62   +0.07 [-0.18,+0.33]    3.0   
  (c) 軸1=予測オッズ最安                              6,459   35.39   35.35   -0.05 [-0.26,+0.17]    5.3    2,709   36.54   36.47   -0.07 [-0.33,+0.18]    3.8   
  (d1) 食い違い時のみ ◎へ                             6,459   35.39   35.36   -0.03 [-0.23,+0.17]    4.6    2,709   36.54   36.62   +0.07 [-0.18,+0.33]    3.0   
  (d2) 食い違い時のみ 最安へ                            6,459   35.39   35.35   -0.05 [-0.26,+0.17]    5.3    2,709   36.54   36.47   -0.07 [-0.37,+0.18]    3.8   
  (d3) 食い違い時 上位3の市場最良                         6,459   35.39   35.36   -0.03 [-0.26,+0.20]    5.3    2,709   36.54   36.47   -0.07 [-0.33,+0.18]    3.8   
  (d4) 食い違い時 上位3の市場最悪                         6,459   35.39   35.21   -0.19 [-0.51,+0.14]    4.7    2,709   36.54   36.25   -0.30 [-0.70,+0.15]    3.5   
  (d5) 一致時 上位3の市場最悪(逆張り対照)                    6,459   35.39   28.41   -6.98 [-8.31,-5.64]   94.7    2,709   36.54   28.20   -8.34 [-10.41,-6.28]   96.2   ❌❌
  (e1) 軸2=印(○/◎/▲)                            6,459   35.39   35.90   +0.51 [-0.50,+1.50]   39.4    2,709   36.54   36.14   -0.41 [-1.77,+0.92]   30.6   
  (e2) 軸2=予測三連複の3着内シェア                        6,459   35.39   36.85   +1.46 [+0.62,+2.35]   29.6    2,709   36.54   37.50   +0.96 [-0.26,+2.29]   25.8   
  (e3) 軸2=予測オッズ1着シェア                          6,459   35.39   34.90   -0.50 [-1.46,+0.50]   38.3    2,709   36.54   34.92   -1.62 [-3.06,-0.15]   33.6   
  (e4) 軸2=pw 最上位                              6,459   35.39   33.09   -2.31 [-3.34,-1.27]   40.7    2,709   36.54   34.44   -2.10 [-3.62,-0.59]   37.1   ❌❌
  (a') 軸1=p3 1位                               6,459   35.39   35.32   -0.08 [-0.39,+0.22]   16.8    2,709   36.54   36.51   -0.04 [-0.41,+0.33]   14.2   

[p3_gap12 下位25%]
  腕                                            探索 n     基準%      新%                  Δ [CI]    入替%     確認 n     基準%      新%                  Δ [CI]    入替%   両窓
  (b) 軸1=◎                                    6,459   52.90   52.87   -0.03 [-0.20,+0.15]    7.2    2,549   53.16   53.12   -0.04 [-0.24,+0.16]    4.1   
  (c) 軸1=予測オッズ最安                              6,459   52.90   52.87   -0.03 [-0.25,+0.19]    8.1    2,549   53.16   53.16   +0.00 [-0.24,+0.24]    5.5   
  (d1) 食い違い時のみ ◎へ                             6,459   52.90   52.87   -0.03 [-0.22,+0.15]    7.2    2,549   53.16   53.12   -0.04 [-0.24,+0.16]    4.1   
  (d2) 食い違い時のみ 最安へ                            6,459   52.90   52.87   -0.03 [-0.23,+0.15]    8.1    2,549   53.16   53.16   +0.00 [-0.24,+0.24]    5.5   
  (d3) 食い違い時 上位3の市場最良                         6,459   52.90   52.87   -0.03 [-0.23,+0.17]    8.1    2,549   53.16   53.16   +0.00 [-0.24,+0.20]    5.5   
  (d4) 食い違い時 上位3の市場最悪                         6,459   52.90   51.49   -1.41 [-1.84,-0.98]    7.6    2,549   53.16   51.98   -1.18 [-1.77,-0.59]    5.3   ❌❌
  (d5) 一致時 上位3の市場最悪(逆張り対照)                    6,459   52.90   30.73  -22.17 [-23.64,-20.73]   91.9    2,549   53.16   28.87  -24.28 [-26.76,-21.81]   94.5   ❌❌
  (e1) 軸2=印(○/◎/▲)                            6,459   52.90   52.66   -0.25 [-0.98,+0.45]   19.0    2,549   53.16   53.28   +0.12 [-0.75,+0.98]   11.0   
  (e2) 軸2=予測三連複の3着内シェア                        6,459   52.90   53.43   +0.53 [+0.02,+1.05]   11.1    2,549   53.16   53.43   +0.27 [-0.39,+0.98]    8.5   
  (e3) 軸2=予測オッズ1着シェア                          6,459   52.90   53.01   +0.11 [-0.45,+0.70]   14.7    2,549   53.16   52.49   -0.67 [-1.53,+0.16]   11.6   
  (e4) 軸2=pw 最上位                              6,459   52.90   51.87   -1.04 [-1.69,-0.37]   17.1    2,549   53.16   51.75   -1.41 [-2.39,-0.51]   14.9   ❌❌
  (a') 軸1=p3 1位                               6,459   52.90   52.87   -0.03 [-0.31,+0.25]   31.4    2,549   53.16   52.96   -0.20 [-0.55,+0.20]   30.1   

[rp_sd 下位25%（実力伯仲）]
  腕                                            探索 n     基準%      新%                  Δ [CI]    入替%     確認 n     基準%      新%                  Δ [CI]    入替%   両窓
  (b) 軸1=◎                                    6,459   43.89   43.99   +0.09 [-0.05,+0.23]    3.2    2,364   43.02   42.94   -0.08 [-0.34,+0.17]    1.9   
  (c) 軸1=予測オッズ最安                              6,459   43.89   44.02   +0.12 [-0.03,+0.29]    4.4    2,364   43.02   43.02   +0.00 [-0.25,+0.25]    3.1   
  (d1) 食い違い時のみ ◎へ                             6,459   43.89   43.99   +0.09 [-0.05,+0.23]    3.2    2,364   43.02   42.94   -0.08 [-0.34,+0.13]    1.9   
  (d2) 食い違い時のみ 最安へ                            6,459   43.89   44.02   +0.12 [-0.03,+0.29]    4.4    2,364   43.02   43.02   +0.00 [-0.25,+0.25]    3.1   
  (d3) 食い違い時 上位3の市場最良                         6,459   43.89   44.02   +0.12 [-0.03,+0.31]    4.4    2,364   43.02   43.02   +0.00 [-0.25,+0.25]    3.1   
  (d4) 食い違い時 上位3の市場最悪                         6,459   43.89   43.52   -0.37 [-0.68,-0.06]    4.1    2,364   43.02   42.77   -0.25 [-0.68,+0.17]    2.8   
  (d5) 一致時 上位3の市場最悪(逆張り対照)                    6,459   43.89   28.69  -15.20 [-16.60,-13.69]   95.6    2,364   43.02   30.03  -12.99 [-15.31,-10.53]   96.9   ❌❌
  (e1) 軸2=印(○/◎/▲)                            6,459   43.89   43.38   -0.51 [-1.29,+0.29]   26.7    2,364   43.02   42.81   -0.21 [-1.40,+0.97]   20.2   
  (e2) 軸2=予測三連複の3着内シェア                        6,459   43.89   44.25   +0.36 [-0.36,+1.10]   19.3    2,364   43.02   43.78   +0.76 [-0.34,+1.86]   16.9   
  (e3) 軸2=予測オッズ1着シェア                          6,459   43.89   42.47   -1.42 [-2.24,-0.57]   28.1    2,364   43.02   41.24   -1.78 [-3.00,-0.51]   23.9   ❌❌
  (e4) 軸2=pw 最上位                              6,459   43.89   41.18   -2.71 [-3.55,-1.80]   29.6    2,364   43.02   40.65   -2.37 [-3.72,-1.02]   25.3   ❌❌
  (a') 軸1=p3 1位                               6,459   43.89   44.00   +0.11 [-0.09,+0.33]   12.7    2,364   43.02   43.02   +0.00 [-0.30,+0.34]   11.8   

[軸1(p3)≠◎]
  腕                                            探索 n     基準%      新%                  Δ [CI]    入替%     確認 n     基準%      新%                  Δ [CI]    入替%   両窓
  (b) 軸1=◎                                    2,664   45.98   45.80   -0.19 [-0.64,+0.23]   14.1    1,007   45.48   45.68   +0.20 [-0.30,+0.79]    7.4   
  (c) 軸1=予測オッズ最安                              2,664   45.98   45.76   -0.23 [-0.71,+0.30]   16.0    1,007   45.48   45.68   +0.20 [-0.40,+0.79]    9.1   
  (d1) 食い違い時のみ ◎へ                             2,664   45.98   45.80   -0.19 [-0.60,+0.26]   14.1    1,007   45.48   45.68   +0.20 [-0.30,+0.79]    7.4   
  (d2) 食い違い時のみ 最安へ                            2,664   45.98   45.76   -0.23 [-0.71,+0.26]   16.0    1,007   45.48   45.68   +0.20 [-0.30,+0.79]    9.1   
  (d3) 食い違い時 上位3の市場最良                         2,664   45.98   45.76   -0.23 [-0.71,+0.26]   16.0    1,007   45.48   45.68   +0.20 [-0.30,+0.70]    9.1   
  (d4) 食い違い時 上位3の市場最悪                         2,664   45.98   43.99   -1.99 [-2.97,-1.09]   14.8    1,007   45.48   44.39   -1.09 [-2.28,+0.20]    8.6   
  (d5) 一致時 上位3の市場最悪(逆張り対照)                    2,664   45.98   31.16  -14.83 [-16.89,-12.54]   84.0    1,007   45.48   29.29  -16.19 [-19.86,-12.41]   90.9   ❌❌
  (e1) 軸2=印(○/◎/▲)                            2,664   45.98   45.83   -0.15 [-1.31,+1.05]   22.7    1,007   45.48   46.08   +0.60 [-0.70,+1.89]   11.2   
  (e2) 軸2=予測三連複の3着内シェア                        2,664   45.98   47.18   +1.20 [+0.34,+2.10]   14.2    1,007   45.48   45.58   +0.10 [-1.09,+1.29]    9.0   
  (e3) 軸2=予測オッズ1着シェア                          2,664   45.98   46.36   +0.38 [-0.60,+1.35]   17.4    1,007   45.48   45.18   -0.30 [-1.59,+1.09]   11.2   
  (e4) 軸2=pw 最上位                              2,664   45.98   44.48   -1.50 [-2.59,-0.41]   19.9    1,007   45.48   44.09   -1.39 [-2.98,+0.30]   15.7   
  (a') 軸1=p3 1位                               2,664   45.98   45.80   -0.19 [-1.05,+0.68]   88.2    1,007   45.48   45.68   +0.20 [-0.89,+1.39]   93.3   

[軸1(p3)≠予測オッズ最安]
  腕                                            探索 n     基準%      新%                  Δ [CI]    入替%     確認 n     基準%      新%                  Δ [CI]    入替%   両窓
  (b) 軸1=◎                                    2,674   46.19   46.07   -0.11 [-0.52,+0.30]   13.5    1,031   46.36   46.07   -0.29 [-0.78,+0.19]    7.3   
  (c) 軸1=予測オッズ最安                              2,674   46.19   46.00   -0.19 [-0.67,+0.26]   16.8    1,031   46.36   46.17   -0.19 [-0.78,+0.39]   11.3   
  (d1) 食い違い時のみ ◎へ                             2,674   46.19   46.07   -0.11 [-0.52,+0.30]   13.5    1,031   46.36   46.07   -0.29 [-0.78,+0.19]    7.3   
  (d2) 食い違い時のみ 最安へ                            2,674   46.19   46.00   -0.19 [-0.64,+0.26]   16.8    1,031   46.36   46.17   -0.19 [-0.78,+0.39]   11.3   
  (d3) 食い違い時 上位3の市場最良                         2,674   46.19   46.00   -0.19 [-0.67,+0.30]   16.7    1,031   46.36   46.17   -0.19 [-0.78,+0.39]   11.3   
  (d4) 食い違い時 上位3の市場最悪                         2,674   46.19   44.17   -2.02 [-2.88,-1.16]   15.5    1,031   46.36   44.52   -1.84 [-3.20,-0.48]   10.9   ❌❌
  (d5) 一致時 上位3の市場最悪(逆張り対照)                    2,674   46.19   31.15  -15.03 [-17.09,-12.98]   83.2    1,031   46.36   30.65  -15.71 [-19.20,-12.32]   88.7   ❌❌
  (e1) 軸2=印(○/◎/▲)                            2,674   46.19   46.26   +0.07 [-1.12,+1.23]   22.5    1,031   46.36   46.56   +0.19 [-1.16,+1.55]   11.5   
  (e2) 軸2=予測三連複の3着内シェア                        2,674   46.19   47.46   +1.27 [+0.34,+2.24]   14.7    1,031   46.36   46.17   -0.19 [-1.45,+0.97]    9.7   
  (e3) 軸2=予測オッズ1着シェア                          2,674   46.19   46.71   +0.52 [-0.49,+1.53]   18.0    1,031   46.36   45.68   -0.68 [-2.04,+0.68]   11.6   
  (e4) 軸2=pw 最上位                              2,674   46.19   45.10   -1.08 [-2.13,+0.00]   20.0    1,031   46.36   44.62   -1.75 [-3.39,-0.10]   15.6   
  (a') 軸1=p3 1位                               2,674   46.19   45.96   -0.22 [-0.93,+0.52]   85.5    1,031   46.36   46.07   -0.29 [-1.36,+0.78]   89.8   

[pw_gap12下位25% ∧ 軸1(p3)≠◎]
  腕                                            探索 n     基準%      新%                  Δ [CI]    入替%     確認 n     基準%      新%                  Δ [CI]    入替%   両窓
  (b) 軸1=◎                                    1,904   44.59   44.33   -0.26 [-0.89,+0.37]   19.3      641   44.46   44.77   +0.31 [-0.47,+1.25]   11.1   
  (c) 軸1=予測オッズ最安                              1,904   44.59   44.22   -0.37 [-1.05,+0.32]   21.5      641   44.46   44.93   +0.47 [-0.31,+1.25]   13.3   
  (d1) 食い違い時のみ ◎へ                             1,904   44.59   44.33   -0.26 [-0.84,+0.37]   19.3      641   44.46   44.77   +0.31 [-0.62,+1.25]   11.1   
  (d2) 食い違い時のみ 最安へ                            1,904   44.59   44.22   -0.37 [-1.10,+0.26]   21.5      641   44.46   44.93   +0.47 [-0.31,+1.40]   13.3   
  (d3) 食い違い時 上位3の市場最良                         1,904   44.59   44.22   -0.37 [-1.10,+0.32]   21.5      641   44.46   44.93   +0.47 [-0.31,+1.40]   13.3   
  (d4) 食い違い時 上位3の市場最悪                         1,904   44.59   41.81   -2.78 [-4.04,-1.52]   19.7      641   44.46   42.59   -1.87 [-3.74,+0.00]   12.5   
  (d5) 一致時 上位3の市場最悪(逆張り対照)                    1,904   44.59   31.04  -13.55 [-16.02,-11.03]   78.5      641   44.46   29.80  -14.66 [-19.50,-9.98]   86.7   ❌❌
  (e1) 軸2=印(○/◎/▲)                            1,904   44.59   44.85   +0.26 [-1.10,+1.63]   23.9      641   44.46   45.55   +1.09 [-0.78,+3.12]   12.3   
  (e2) 軸2=予測三連複の3着内シェア                        1,904   44.59   46.17   +1.58 [+0.47,+2.68]   14.8      641   44.46   44.93   +0.47 [-1.25,+2.03]    9.4   
  (e3) 軸2=予測オッズ1着シェア                          1,904   44.59   45.38   +0.79 [-0.37,+1.94]   18.2      641   44.46   44.46   +0.00 [-2.03,+1.87]   12.9   
  (e4) 軸2=pw 最上位                              1,904   44.59   43.59   -1.00 [-2.26,+0.26]   20.3      641   44.46   42.75   -1.72 [-4.06,+0.47]   16.5   
  (a') 軸1=p3 1位                               1,904   44.59   44.28   -0.32 [-1.37,+0.68]   83.8      641   44.46   44.62   +0.16 [-1.40,+1.72]   90.2   

  見たセル数 120・両窓 CI が 0 を跨がず正: 2  → pw_gap12 下位25%（2番手と差がない）×(e2) 軸2=予測三連複の3着内シェア; pw_max 下位25%（軸1の占有が少ない）×(e2) 軸2=予測三連複の3着内シェア
