
====================================================================================================
§2 差し替え規則の直接対決  基準=型ラボ現行  指標=軸1の1着率  Δpt [95%CI]（レース単位 paired bootstrap）
====================================================================================================

[全レース]
  腕                                            探索 n     基準%      新%                  Δ [CI]    入替%     確認 n     基準%      新%                  Δ [CI]    入替%   両窓
  (a) 軸1=pw 1位（7S型）                          25,833   46.76   48.07   +1.32 [+1.00,+1.63]   10.5   10,404   45.19   46.13   +0.93 [+0.46,+1.42]   10.0   ✅
  (b) 軸1=◎                                   25,833   46.76   47.98   +1.22 [+0.91,+1.53]   10.3   10,404   45.19   45.98   +0.79 [+0.32,+1.25]    9.7   ✅
  (c) 軸1=予測オッズ最安                             25,833   46.76   48.05   +1.29 [+0.99,+1.60]   10.4   10,404   45.19   46.05   +0.86 [+0.40,+1.33]    9.9   ✅
  (d1) 食い違い時のみ ◎へ                            25,833   46.76   47.98   +1.22 [+0.91,+1.53]   10.3   10,404   45.19   45.98   +0.79 [+0.32,+1.27]    9.7   ✅
  (d2) 食い違い時のみ 最安へ                           25,833   46.76   48.05   +1.29 [+0.99,+1.60]   10.4   10,404   45.19   46.05   +0.86 [+0.38,+1.33]    9.9   ✅
  (d3) 食い違い時 上位3の市場最良                        25,833   46.76   48.01   +1.25 [+0.96,+1.56]   10.2   10,404   45.19   46.05   +0.86 [+0.36,+1.34]    9.8   ✅
  (d4) 食い違い時 上位3の市場最悪                        25,833   46.76   45.66   -1.10 [-1.33,-0.85]    9.0   10,404   45.19   44.05   -1.14 [-1.52,-0.76]    9.1   ❌❌
  (d5) 一致時 上位3の市場最悪(逆張り対照)                   25,833   46.76   11.84  -34.92 [-35.72,-34.11]   89.6   10,404   45.19   11.78  -33.41 [-34.65,-32.14]   90.1   ❌❌
  (e1) 軸2=印(○/◎/▲)                           25,833   46.76   46.76   +0.00 [+0.00,+0.00]   22.4   10,404   45.19   45.19   +0.00 [+0.00,+0.00]   15.8   
  (e2) 軸2=予測三連複の3着内シェア                       25,833   46.76   46.76   +0.00 [+0.00,+0.00]   14.6   10,404   45.19   45.19   +0.00 [+0.00,+0.00]   12.3   
  (e3) 軸2=予測オッズ1着シェア                         25,833   46.76   46.76   +0.00 [+0.00,+0.00]   21.4   10,404   45.19   45.19   +0.00 [+0.00,+0.00]   19.6   
  (e4) 軸2=pw 最上位                             25,833   46.76   46.76   +0.00 [+0.00,+0.00]   25.4   10,404   45.19   45.19   +0.00 [+0.00,+0.00]   23.3   

[pw_gap12 下位25%（2番手と差がない）]
  腕                                            探索 n     基準%      新%                  Δ [CI]    入替%     確認 n     基準%      新%                  Δ [CI]    入替%   両窓
  (a) 軸1=pw 1位（7S型）                           6,459   32.22   35.56   +3.34 [+2.23,+4.35]   30.3    2,291   29.68   32.13   +2.44 [+0.74,+4.15]   29.7   ✅
  (b) 軸1=◎                                    6,459   32.22   35.19   +2.97 [+1.95,+4.01]   29.5    2,291   29.68   31.65   +1.96 [+0.26,+3.62]   28.0   ✅
  (c) 軸1=予測オッズ最安                              6,459   32.22   35.47   +3.25 [+2.26,+4.29]   29.6    2,291   29.68   32.04   +2.36 [+0.65,+4.02]   29.1   ✅
  (d1) 食い違い時のみ ◎へ                             6,459   32.22   35.19   +2.97 [+1.98,+4.01]   29.5    2,291   29.68   31.65   +1.96 [+0.31,+3.67]   28.0   ✅
  (d2) 食い違い時のみ 最安へ                            6,459   32.22   35.47   +3.25 [+2.26,+4.20]   29.6    2,291   29.68   32.04   +2.36 [+0.65,+4.02]   29.1   ✅
  (d3) 食い違い時 上位3の市場最良                         6,459   32.22   35.35   +3.13 [+2.06,+4.15]   29.3    2,291   29.68   31.99   +2.31 [+0.65,+3.93]   28.7   ✅
  (d4) 食い違い時 上位3の市場最悪                         6,459   32.22   29.09   -3.13 [-3.92,-2.37]   25.9    2,291   29.68   26.54   -3.14 [-4.50,-1.79]   26.3   ❌❌
  (d5) 一致時 上位3の市場最悪(逆張り対照)                    6,459   32.22   16.98  -15.23 [-16.67,-13.84]   70.4    2,291   29.68   16.28  -13.40 [-15.63,-11.26]   70.9   ❌❌
  (e1) 軸2=印(○/◎/▲)                            6,459   32.22   32.22   +0.00 [+0.00,+0.00]   25.7    2,291   29.68   29.68   +0.00 [+0.00,+0.00]   18.3   
  (e2) 軸2=予測三連複の3着内シェア                        6,459   32.22   32.22   +0.00 [+0.00,+0.00]   16.2    2,291   29.68   29.68   +0.00 [+0.00,+0.00]   14.2   
  (e3) 軸2=予測オッズ1着シェア                          6,459   32.22   32.22   +0.00 [+0.00,+0.00]   19.6    2,291   29.68   29.68   +0.00 [+0.00,+0.00]   17.2   
  (e4) 軸2=pw 最上位                              6,459   32.22   32.22   +0.00 [+0.00,+0.00]   21.4    2,291   29.68   29.68   +0.00 [+0.00,+0.00]   17.8   

[pw_max 下位25%（軸1の占有が少ない）]
  腕                                            探索 n     基準%      新%                  Δ [CI]    入替%     確認 n     基準%      新%                  Δ [CI]    入替%   両窓
  (a) 軸1=pw 1位（7S型）                           6,459   29.90   33.05   +3.16 [+2.23,+4.06]   26.1    2,505   27.35   29.82   +2.48 [+1.08,+3.87]   24.6   ✅
  (b) 軸1=◎                                    6,459   29.90   32.93   +3.03 [+2.14,+3.95]   25.3    2,505   27.35   29.50   +2.16 [+0.80,+3.55]   23.1   ✅
  (c) 軸1=予測オッズ最安                              6,459   29.90   33.07   +3.17 [+2.28,+4.07]   25.6    2,505   27.35   29.94   +2.59 [+1.28,+3.91]   23.9   ✅
  (d1) 食い違い時のみ ◎へ                             6,459   29.90   32.93   +3.03 [+2.09,+3.92]   25.3    2,505   27.35   29.50   +2.16 [+0.76,+3.47]   23.1   ✅
  (d2) 食い違い時のみ 最安へ                            6,459   29.90   33.07   +3.17 [+2.28,+4.07]   25.6    2,505   27.35   29.94   +2.59 [+1.28,+3.95]   23.9   ✅
  (d3) 食い違い時 上位3の市場最良                         6,459   29.90   32.93   +3.03 [+2.17,+3.90]   25.2    2,505   27.35   29.90   +2.55 [+1.20,+3.95]   23.6   ✅
  (d4) 食い違い時 上位3の市場最悪                         6,459   29.90   28.67   -1.22 [-1.94,-0.54]   21.1    2,505   27.35   26.43   -0.92 [-2.12,+0.20]   21.0   
  (d5) 一致時 上位3の市場最悪(逆張り対照)                    6,459   29.90   16.88  -13.02 [-14.40,-11.55]   74.4    2,505   27.35   15.89  -11.46 [-13.73,-9.26]   76.1   ❌❌
  (e1) 軸2=印(○/◎/▲)                            6,459   29.90   29.90   +0.00 [+0.00,+0.00]   33.0    2,505   27.35   27.35   +0.00 [+0.00,+0.00]   23.1   
  (e2) 軸2=予測三連複の3着内シェア                        6,459   29.90   29.90   +0.00 [+0.00,+0.00]   22.1    2,505   27.35   27.35   +0.00 [+0.00,+0.00]   19.0   
  (e3) 軸2=予測オッズ1着シェア                          6,459   29.90   29.90   +0.00 [+0.00,+0.00]   28.0    2,505   27.35   27.35   +0.00 [+0.00,+0.00]   24.8   
  (e4) 軸2=pw 最上位                              6,459   29.90   29.90   +0.00 [+0.00,+0.00]   31.1    2,505   27.35   27.35   +0.00 [+0.00,+0.00]   26.5   

[pw_ent 上位25%]
  腕                                            探索 n     基準%      新%                  Δ [CI]    入替%     確認 n     基準%      新%                  Δ [CI]    入替%   両窓
  (a) 軸1=pw 1位（7S型）                           6,459   30.98   33.40   +2.42 [+1.66,+3.19]   19.4    2,833   30.74   31.98   +1.24 [+0.11,+2.33]   17.0   ✅
  (b) 軸1=◎                                    6,459   30.98   33.32   +2.34 [+1.58,+3.08]   19.1    2,833   30.74   31.91   +1.16 [+0.11,+2.22]   16.2   ✅
  (c) 軸1=予測オッズ最安                              6,459   30.98   33.38   +2.40 [+1.66,+3.16]   19.5    2,833   30.74   32.40   +1.66 [+0.49,+2.72]   16.6   ✅
  (d1) 食い違い時のみ ◎へ                             6,459   30.98   33.32   +2.34 [+1.58,+3.11]   19.1    2,833   30.74   31.91   +1.16 [+0.11,+2.26]   16.2   ✅
  (d2) 食い違い時のみ 最安へ                            6,459   30.98   33.38   +2.40 [+1.69,+3.20]   19.5    2,833   30.74   32.40   +1.66 [+0.56,+2.75]   16.6   ✅
  (d3) 食い違い時 上位3の市場最良                         6,459   30.98   33.24   +2.26 [+1.58,+3.02]   19.1    2,833   30.74   32.40   +1.66 [+0.64,+2.82]   16.3   ✅
  (d4) 食い違い時 上位3の市場最悪                         6,459   30.98   30.50   -0.48 [-1.04,+0.09]   15.7    2,833   30.74   29.90   -0.85 [-1.73,+0.04]   14.4   
  (d5) 一致時 上位3の市場最悪(逆張り対照)                    6,459   30.98   14.92  -16.06 [-17.54,-14.58]   80.5    2,833   30.74   14.47  -16.27 [-18.36,-14.01]   83.4   ❌❌
  (e1) 軸2=印(○/◎/▲)                            6,459   30.98   30.98   +0.00 [+0.00,+0.00]   35.2    2,833   30.74   30.74   +0.00 [+0.00,+0.00]   23.5   
  (e2) 軸2=予測三連複の3着内シェア                        6,459   30.98   30.98   +0.00 [+0.00,+0.00]   24.4    2,833   30.74   30.74   +0.00 [+0.00,+0.00]   19.4   
  (e3) 軸2=予測オッズ1着シェア                          6,459   30.98   30.98   +0.00 [+0.00,+0.00]   32.3    2,833   30.74   30.74   +0.00 [+0.00,+0.00]   27.4   
  (e4) 軸2=pw 最上位                              6,459   30.98   30.98   +0.00 [+0.00,+0.00]   35.1    2,833   30.74   30.74   +0.00 [+0.00,+0.00]   30.1   

[axis_sum 下位25%（§5.4 の層）]
  腕                                            探索 n     基準%      新%                  Δ [CI]    入替%     確認 n     基準%      新%                  Δ [CI]    入替%   両窓
  (a) 軸1=pw 1位（7S型）                           6,459   33.55   35.95   +2.40 [+1.70,+3.08]   16.8    2,709   33.78   34.55   +0.78 [-0.26,+1.73]   14.2   
  (b) 軸1=◎                                    6,459   33.55   35.73   +2.18 [+1.50,+2.88]   16.5    2,709   33.78   34.22   +0.44 [-0.52,+1.40]   13.5   
  (c) 軸1=予測オッズ最安                              6,459   33.55   35.73   +2.18 [+1.47,+2.86]   17.1    2,709   33.78   34.37   +0.59 [-0.41,+1.59]   14.1   
  (d1) 食い違い時のみ ◎へ                             6,459   33.55   35.73   +2.18 [+1.50,+2.86]   16.5    2,709   33.78   34.22   +0.44 [-0.55,+1.40]   13.5   
  (d2) 食い違い時のみ 最安へ                            6,459   33.55   35.73   +2.18 [+1.47,+2.90]   17.1    2,709   33.78   34.37   +0.59 [-0.37,+1.62]   14.1   
  (d3) 食い違い時 上位3の市場最良                         6,459   33.55   35.62   +2.07 [+1.38,+2.77]   16.7    2,709   33.78   34.40   +0.63 [-0.33,+1.66]   13.8   
  (d4) 食い違い時 上位3の市場最悪                         6,459   33.55   33.22   -0.33 [-0.88,+0.20]   13.2    2,709   33.78   32.85   -0.92 [-1.77,-0.11]   11.6   
  (d5) 一致時 上位3の市場最悪(逆張り対照)                    6,459   33.55   14.41  -19.14 [-20.62,-17.62]   82.9    2,709   33.78   14.69  -19.08 [-21.48,-16.69]   85.9   ❌❌
  (e1) 軸2=印(○/◎/▲)                            6,459   33.55   33.55   +0.00 [+0.00,+0.00]   40.0    2,709   33.78   33.78   +0.00 [+0.00,+0.00]   30.8   
  (e2) 軸2=予測三連複の3着内シェア                        6,459   33.55   33.55   +0.00 [+0.00,+0.00]   29.9    2,709   33.78   33.78   +0.00 [+0.00,+0.00]   25.7   
  (e3) 軸2=予測オッズ1着シェア                          6,459   33.55   33.55   +0.00 [+0.00,+0.00]   38.0    2,709   33.78   33.78   +0.00 [+0.00,+0.00]   33.0   
  (e4) 軸2=pw 最上位                              6,459   33.55   33.55   +0.00 [+0.00,+0.00]   40.4    2,709   33.78   33.78   +0.00 [+0.00,+0.00]   36.1   

[p3_gap12 下位25%]
  腕                                            探索 n     基準%      新%                  Δ [CI]    入替%     確認 n     基準%      新%                  Δ [CI]    入替%   両窓
  (a) 軸1=pw 1位（7S型）                           6,459   35.78   40.10   +4.32 [+3.27,+5.34]   31.4    2,549   34.68   37.43   +2.75 [+1.10,+4.39]   30.1   ✅
  (b) 軸1=◎                                    6,459   35.78   39.73   +3.95 [+2.90,+5.08]   31.2    2,549   34.68   37.11   +2.43 [+0.71,+4.12]   29.4   ✅
  (c) 軸1=予測オッズ最安                              6,459   35.78   39.73   +3.95 [+2.88,+4.95]   30.6    2,549   34.68   36.99   +2.31 [+0.59,+4.00]   29.3   ✅
  (d1) 食い違い時のみ ◎へ                             6,459   35.78   39.73   +3.95 [+2.90,+4.97]   31.2    2,549   34.68   37.11   +2.43 [+0.78,+4.04]   29.4   ✅
  (d2) 食い違い時のみ 最安へ                            6,459   35.78   39.73   +3.95 [+2.93,+5.03]   30.6    2,549   34.68   36.99   +2.31 [+0.67,+3.88]   29.3   ✅
  (d3) 食い違い時 上位3の市場最良                         6,459   35.78   39.65   +3.87 [+2.82,+4.88]   30.4    2,549   34.68   36.96   +2.28 [+0.67,+3.92]   29.3   ✅
  (d4) 食い違い時 上位3の市場最悪                         6,459   35.78   32.20   -3.58 [-4.38,-2.82]   26.3    2,549   34.68   31.07   -3.61 [-4.90,-2.39]   26.7   ❌❌
  (d5) 一致時 上位3の市場最悪(逆張り対照)                    6,459   35.78   15.92  -19.86 [-21.24,-18.50]   69.4    2,549   34.68   16.44  -18.24 [-20.56,-15.93]   70.7   ❌❌
  (e1) 軸2=印(○/◎/▲)                            6,459   35.78   35.78   +0.00 [+0.00,+0.00]   19.2    2,549   34.68   34.68   +0.00 [+0.00,+0.00]   11.1   
  (e2) 軸2=予測三連複の3着内シェア                        6,459   35.78   35.78   +0.00 [+0.00,+0.00]   10.5    2,549   34.68   34.68   +0.00 [+0.00,+0.00]    8.1   
  (e3) 軸2=予測オッズ1着シェア                          6,459   35.78   35.78   +0.00 [+0.00,+0.00]   13.2    2,549   34.68   34.68   +0.00 [+0.00,+0.00]   10.7   
  (e4) 軸2=pw 最上位                              6,459   35.78   35.78   +0.00 [+0.00,+0.00]   15.3    2,549   34.68   34.68   +0.00 [+0.00,+0.00]   12.6   

[rp_sd 下位25%（実力伯仲）]
  腕                                            探索 n     基準%      新%                  Δ [CI]    入替%     確認 n     基準%      新%                  Δ [CI]    入替%   両窓
  (a) 軸1=pw 1位（7S型）                           6,459   37.93   39.71   +1.78 [+1.16,+2.42]   12.7    2,364   38.07   38.71   +0.63 [-0.38,+1.61]   11.8   
  (b) 軸1=◎                                    6,459   37.93   39.60   +1.67 [+1.07,+2.34]   12.9    2,364   38.07   38.75   +0.68 [-0.30,+1.65]   11.3   
  (c) 軸1=予測オッズ最安                              6,459   37.93   39.57   +1.64 [+1.01,+2.29]   13.2    2,364   38.07   39.09   +1.02 [+0.00,+1.99]   11.8   
  (d1) 食い違い時のみ ◎へ                             6,459   37.93   39.60   +1.67 [+1.02,+2.31]   12.9    2,364   38.07   38.75   +0.68 [-0.34,+1.65]   11.3   
  (d2) 食い違い時のみ 最安へ                            6,459   37.93   39.57   +1.64 [+1.01,+2.31]   13.2    2,364   38.07   39.09   +1.02 [-0.04,+2.03]   11.8   
  (d3) 食い違い時 上位3の市場最良                         6,459   37.93   39.51   +1.58 [+0.91,+2.21]   13.1    2,364   38.07   39.09   +1.02 [+0.04,+2.07]   11.6   ✅
  (d4) 食い違い時 上位3の市場最悪                         6,459   37.93   36.99   -0.94 [-1.44,-0.46]   11.1    2,364   38.07   37.48   -0.59 [-1.40,+0.25]   10.4   
  (d5) 一致時 上位3の市場最悪(逆張り対照)                    6,459   37.93   12.96  -24.97 [-26.40,-23.41]   86.8    2,364   38.07   12.90  -25.17 [-27.66,-22.63]   88.2   ❌❌
  (e1) 軸2=印(○/◎/▲)                            6,459   37.93   37.93   +0.00 [+0.00,+0.00]   26.8    2,364   38.07   38.07   +0.00 [+0.00,+0.00]   20.6   
  (e2) 軸2=予測三連複の3着内シェア                        6,459   37.93   37.93   +0.00 [+0.00,+0.00]   19.1    2,364   38.07   38.07   +0.00 [+0.00,+0.00]   16.7   
  (e3) 軸2=予測オッズ1着シェア                          6,459   37.93   37.93   +0.00 [+0.00,+0.00]   27.5    2,364   38.07   38.07   +0.00 [+0.00,+0.00]   23.4   
  (e4) 軸2=pw 最上位                              6,459   37.93   37.93   +0.00 [+0.00,+0.00]   29.2    2,364   38.07   38.07   +0.00 [+0.00,+0.00]   24.5   

[軸1(p3)≠◎]
  腕                                            探索 n     基準%      新%                  Δ [CI]    入替%     確認 n     基準%      新%                  Δ [CI]    入替%   両窓
  (a) 軸1=pw 1位（7S型）                           2,664   24.70   36.37  +11.67 [+9.01,+14.34]   88.2    1,007   26.42   34.76   +8.34 [+3.67,+12.81]   93.3   ✅
  (b) 軸1=◎                                    2,664   24.70   36.52  +11.82 [+8.75,+14.79]  100.0    1,007   26.42   34.56   +8.14 [+3.38,+12.81]  100.0   ✅
  (c) 軸1=予測オッズ最安                              2,664   24.70   36.45  +11.75 [+8.93,+14.56]   91.5    1,007   26.42   34.76   +8.34 [+3.87,+13.21]   94.7   ✅
  (d1) 食い違い時のみ ◎へ                             2,664   24.70   36.52  +11.82 [+8.90,+14.83]  100.0    1,007   26.42   34.56   +8.14 [+3.28,+12.71]  100.0   ✅
  (d2) 食い違い時のみ 最安へ                            2,664   24.70   36.45  +11.75 [+9.01,+14.60]   91.5    1,007   26.42   34.76   +8.34 [+3.57,+13.21]   94.7   ✅
  (d3) 食い違い時 上位3の市場最良                         2,664   24.70   36.19  +11.49 [+8.75,+14.26]   90.7    1,007   26.42   34.76   +8.34 [+3.67,+12.91]   94.2   ✅
  (d4) 食い違い時 上位3の市場最悪                         2,664   24.70   15.43   -9.27 [-11.34,-7.21]   78.7    1,007   26.42   16.58   -9.83 [-13.60,-6.26]   85.9   ❌❌
  (d5) 一致時 上位3の市場最悪(逆張り対照)                    2,664   24.70   23.61   -1.09 [-1.88,-0.30]    8.5    1,007   26.42   25.22   -1.19 [-2.18,-0.20]    5.3   ❌❌
  (e1) 軸2=印(○/◎/▲)                            2,664   24.70   24.70   +0.00 [+0.00,+0.00]   25.0    1,007   26.42   26.42   +0.00 [+0.00,+0.00]   14.2   
  (e2) 軸2=予測三連複の3着内シェア                        2,664   24.70   24.70   +0.00 [+0.00,+0.00]   12.5    1,007   26.42   26.42   +0.00 [+0.00,+0.00]    8.6   
  (e3) 軸2=予測オッズ1着シェア                          2,664   24.70   24.70   +0.00 [+0.00,+0.00]   13.8    1,007   26.42   26.42   +0.00 [+0.00,+0.00]    8.9   
  (e4) 軸2=pw 最上位                              2,664   24.70   24.70   +0.00 [+0.00,+0.00]   14.7    1,007   26.42   26.42   +0.00 [+0.00,+0.00]    9.5   

[軸1(p3)≠予測オッズ最安]
  腕                                            探索 n     基準%      新%                  Δ [CI]    入替%     確認 n     基準%      新%                  Δ [CI]    入替%   両窓
  (a) 軸1=pw 1位（7S型）                           2,674   24.38   36.05  +11.67 [+9.01,+14.40]   85.5    1,031   26.29   35.21   +8.92 [+4.36,+13.48]   89.8   ✅
  (b) 軸1=◎                                    2,674   24.38   36.24  +11.85 [+9.09,+14.66]   91.2    1,031   26.29   34.53   +8.24 [+3.88,+12.80]   92.5   ✅
  (c) 軸1=予測オッズ最安                              2,674   24.38   36.84  +12.45 [+9.57,+15.30]  100.0    1,031   26.29   34.92   +8.63 [+3.88,+13.58]  100.0   ✅
  (d1) 食い違い時のみ ◎へ                             2,674   24.38   36.24  +11.85 [+9.09,+14.55]   91.2    1,031   26.29   34.53   +8.24 [+3.88,+12.90]   92.5   ✅
  (d2) 食い違い時のみ 最安へ                            2,674   24.38   36.84  +12.45 [+9.57,+15.37]  100.0    1,031   26.29   34.92   +8.63 [+3.88,+13.48]  100.0   ✅
  (d3) 食い違い時 上位3の市場最良                         2,674   24.38   36.50  +12.12 [+9.16,+15.11]   98.9    1,031   26.29   34.92   +8.63 [+4.07,+13.19]   99.0   ✅
  (d4) 食い違い時 上位3の市場最悪                         2,674   24.38   13.80  -10.58 [-12.75,-8.45]   87.2    1,031   26.29   14.74  -11.54 [-15.42,-7.57]   91.4   ❌❌
  (d5) 一致時 上位3の市場最悪(逆張り対照)                    2,674   24.38   24.38   +0.00 [+0.00,+0.00]    0.0    1,031   26.29   26.29   +0.00 [+0.00,+0.00]    0.0   
  (e1) 軸2=印(○/◎/▲)                            2,674   24.38   24.38   +0.00 [+0.00,+0.00]   24.5    1,031   26.29   26.29   +0.00 [+0.00,+0.00]   14.3   
  (e2) 軸2=予測三連複の3着内シェア                        2,674   24.38   24.38   +0.00 [+0.00,+0.00]   12.6    1,031   26.29   26.29   +0.00 [+0.00,+0.00]    9.3   
  (e3) 軸2=予測オッズ1着シェア                          2,674   24.38   24.38   +0.00 [+0.00,+0.00]   14.0    1,031   26.29   26.29   +0.00 [+0.00,+0.00]    9.4   
  (e4) 軸2=pw 最上位                              2,674   24.38   24.38   +0.00 [+0.00,+0.00]   15.0    1,031   26.29   26.29   +0.00 [+0.00,+0.00]    9.5   

[pw_gap12下位25% ∧ 軸1(p3)≠◎]
  腕                                            探索 n     基準%      新%                  Δ [CI]    入替%     確認 n     基準%      新%                  Δ [CI]    入替%   両窓
  (a) 軸1=pw 1位（7S型）                           1,904   24.68   34.61   +9.93 [+6.78,+12.97]   83.8      641   26.52   33.39   +6.86 [+1.09,+12.79]   90.2   ✅
  (b) 軸1=◎                                    1,904   24.68   34.77  +10.08 [+6.62,+13.55]  100.0      641   26.52   33.54   +7.02 [+0.94,+13.10]  100.0   ✅
  (c) 軸1=予測オッズ最安                              1,904   24.68   34.72  +10.03 [+6.62,+13.18]   89.0      641   26.52   33.85   +7.33 [+1.72,+12.95]   92.8   ✅
  (d1) 食い違い時のみ ◎へ                             1,904   24.68   34.77  +10.08 [+6.57,+13.50]  100.0      641   26.52   33.54   +7.02 [+0.94,+12.79]  100.0   ✅
  (d2) 食い違い時のみ 最安へ                            1,904   24.68   34.72  +10.03 [+6.88,+13.24]   89.0      641   26.52   33.85   +7.33 [+1.72,+12.95]   92.8   ✅
  (d3) 食い違い時 上位3の市場最良                         1,904   24.68   34.40   +9.72 [+6.36,+12.92]   88.0      641   26.52   33.85   +7.33 [+1.72,+13.26]   92.2   ✅
  (d4) 食い違い時 上位3の市場最悪                         1,904   24.68   15.81   -8.88 [-11.29,-6.41]   76.5      641   26.52   18.10   -8.42 [-13.26,-3.74]   83.0   ❌❌
  (d5) 一致時 上位3の市場最悪(逆張り対照)                    1,904   24.68   23.16   -1.52 [-2.57,-0.47]   11.0      641   26.52   24.65   -1.87 [-3.28,-0.47]    7.2   ❌❌
  (e1) 軸2=印(○/◎/▲)                            1,904   24.68   24.68   +0.00 [+0.00,+0.00]   25.9      641   26.52   26.52   +0.00 [+0.00,+0.00]   15.1   
  (e2) 軸2=予測三連複の3着内シェア                        1,904   24.68   24.68   +0.00 [+0.00,+0.00]   14.1      641   26.52   26.52   +0.00 [+0.00,+0.00]   10.5   
  (e3) 軸2=予測オッズ1着シェア                          1,904   24.68   24.68   +0.00 [+0.00,+0.00]   16.1      641   26.52   26.52   +0.00 [+0.00,+0.00]   10.6   
  (e4) 軸2=pw 最上位                              1,904   24.68   24.68   +0.00 [+0.00,+0.00]   17.3      641   26.52   26.52   +0.00 [+0.00,+0.00]   11.5   

  見たセル数 120・両窓 CI が 0 を跨がず正: 49  → 全レース×(a) 軸1=pw 1位（7S型）; 全レース×(b) 軸1=◎; 全レース×(c) 軸1=予測オッズ最安; 全レース×(d1) 食い違い時のみ ◎へ; 全レース×(d2) 食い違い時のみ 最安へ; 全レース×(d3) 食い違い時 上位3の市場最良; pw_gap12 下位25%（2番手と差がない）×(a) 軸1=pw 1位（7S型）; pw_gap12 下位25%（2番手と差がない）×(b) 軸1=◎; pw_gap12 下位25%（2番手と差がない）×(c) 軸1=予測オッズ最安; pw_gap12 下位25%（2番手と差がない）×(d1) 食い違い時のみ ◎へ; pw_gap12 下位25%（2番手と差がない）×(d2) 食い違い時のみ 最安へ; pw_gap12 下位25%（2番手と差がない）×(d3) 食い違い時 上位3の市場最良; pw_max 下位25%（軸1の占有が少ない）×(a) 軸1=pw 1位（7S型）; pw_max 下位25%（軸1の占有が少ない）×(b) 軸1=◎; pw_max 下位25%（軸1の占有が少ない）×(c) 軸1=予測オッズ最安; pw_max 下位25%（軸1の占有が少ない）×(d1) 食い違い時のみ ◎へ; pw_max 下位25%（軸1の占有が少ない）×(d2) 食い違い時のみ 最安へ; pw_max 下位25%（軸1の占有が少ない）×(d3) 食い違い時 上位3の市場最良; pw_ent 上位25%×(a) 軸1=pw 1位（7S型）; pw_ent 上位25%×(b) 軸1=◎; pw_ent 上位25%×(c) 軸1=予測オッズ最安; pw_ent 上位25%×(d1) 食い違い時のみ ◎へ; pw_ent 上位25%×(d2) 食い違い時のみ 最安へ; pw_ent 上位25%×(d3) 食い違い時 上位3の市場最良; p3_gap12 下位25%×(a) 軸1=pw 1位（7S型）; p3_gap12 下位25%×(b) 軸1=◎; p3_gap12 下位25%×(c) 軸1=予測オッズ最安; p3_gap12 下位25%×(d1) 食い違い時のみ ◎へ; p3_gap12 下位25%×(d2) 食い違い時のみ 最安へ; p3_gap12 下位25%×(d3) 食い違い時 上位3の市場最良; rp_sd 下位25%（実力伯仲）×(d3) 食い違い時 上位3の市場最良; 軸1(p3)≠◎×(a) 軸1=pw 1位（7S型）; 軸1(p3)≠◎×(b) 軸1=◎; 軸1(p3)≠◎×(c) 軸1=予測オッズ最安; 軸1(p3)≠◎×(d1) 食い違い時のみ ◎へ; 軸1(p3)≠◎×(d2) 食い違い時のみ 最安へ; 軸1(p3)≠◎×(d3) 食い違い時 上位3の市場最良; 軸1(p3)≠予測オッズ最安×(a) 軸1=pw 1位（7S型）; 軸1(p3)≠予測オッズ最安×(b) 軸1=◎; 軸1(p3)≠予測オッズ最安×(c) 軸1=予測オッズ最安; 軸1(p3)≠予測オッズ最安×(d1) 食い違い時のみ ◎へ; 軸1(p3)≠予測オッズ最安×(d2) 食い違い時のみ 最安へ; 軸1(p3)≠予測オッズ最安×(d3) 食い違い時 上位3の市場最良; pw_gap12下位25% ∧ 軸1(p3)≠◎×(a) 軸1=pw 1位（7S型）; pw_gap12下位25% ∧ 軸1(p3)≠◎×(b) 軸1=◎; pw_gap12下位25% ∧ 軸1(p3)≠◎×(c) 軸1=予測オッズ最安; pw_gap12下位25% ∧ 軸1(p3)≠◎×(d1) 食い違い時のみ ◎へ; pw_gap12下位25% ∧ 軸1(p3)≠◎×(d2) 食い違い時のみ 最安へ; pw_gap12下位25% ∧ 軸1(p3)≠◎×(d3) 食い違い時 上位3の市場最良

====================================================================================================
§2 差し替え規則の直接対決  基準=型ラボ現行  指標=軸1の3着内率  Δpt [95%CI]（レース単位 paired bootstrap）
====================================================================================================

[全レース]
  腕                                            探索 n     基準%      新%                  Δ [CI]    入替%     確認 n     基準%      新%                  Δ [CI]    入替%   両窓
  (a) 軸1=pw 1位（7S型）                          25,833   79.45   79.68   +0.23 [-0.04,+0.50]   10.5   10,404   78.84   78.66   -0.17 [-0.57,+0.22]   10.0   
  (b) 軸1=◎                                   25,833   79.45   79.72   +0.27 [+0.01,+0.53]   10.3   10,404   78.84   78.62   -0.21 [-0.62,+0.18]    9.7   
  (c) 軸1=予測オッズ最安                             25,833   79.45   79.72   +0.26 [-0.01,+0.53]   10.4   10,404   78.84   78.67   -0.16 [-0.58,+0.22]    9.9   
  (d1) 食い違い時のみ ◎へ                            25,833   79.45   79.72   +0.27 [+0.00,+0.53]   10.3   10,404   78.84   78.62   -0.21 [-0.62,+0.19]    9.7   
  (d2) 食い違い時のみ 最安へ                           25,833   79.45   79.72   +0.26 [-0.01,+0.55]   10.4   10,404   78.84   78.67   -0.16 [-0.57,+0.26]    9.9   
  (d3) 食い違い時 上位3の市場最良                        25,833   79.45   79.70   +0.25 [-0.01,+0.53]   10.2   10,404   78.84   78.68   -0.15 [-0.54,+0.24]    9.8   
  (d4) 食い違い時 上位3の市場最悪                        25,833   79.45   77.98   -1.47 [-1.75,-1.19]    9.0   10,404   78.84   77.23   -1.61 [-2.02,-1.18]    9.1   ❌❌
  (d5) 一致時 上位3の市場最悪(逆張り対照)                   25,833   79.45   54.31  -25.14 [-25.91,-24.34]   89.6   10,404   78.84   53.50  -25.34 [-26.56,-24.13]   90.1   ❌❌
  (e1) 軸2=印(○/◎/▲)                           25,833   79.45   79.45   +0.00 [+0.00,+0.00]   22.4   10,404   78.84   78.84   +0.00 [+0.00,+0.00]   15.8   
  (e2) 軸2=予測三連複の3着内シェア                       25,833   79.45   79.45   +0.00 [+0.00,+0.00]   14.6   10,404   78.84   78.84   +0.00 [+0.00,+0.00]   12.3   
  (e3) 軸2=予測オッズ1着シェア                         25,833   79.45   79.45   +0.00 [+0.00,+0.00]   21.4   10,404   78.84   78.84   +0.00 [+0.00,+0.00]   19.6   
  (e4) 軸2=pw 最上位                             25,833   79.45   79.45   +0.00 [+0.00,+0.00]   25.4   10,404   78.84   78.84   +0.00 [+0.00,+0.00]   23.3   

[pw_gap12 下位25%（2番手と差がない）]
  腕                                            探索 n     基準%      新%                  Δ [CI]    入替%     確認 n     基準%      新%                  Δ [CI]    入替%   両窓
  (a) 軸1=pw 1位（7S型）                           6,459   70.86   72.04   +1.18 [+0.28,+2.15]   30.3    2,291   69.88   68.83   -1.05 [-2.62,+0.44]   29.7   
  (b) 軸1=◎                                    6,459   70.86   72.19   +1.33 [+0.43,+2.28]   29.5    2,291   69.88   68.66   -1.22 [-2.75,+0.22]   28.0   
  (c) 軸1=予測オッズ最安                              6,459   70.86   72.13   +1.27 [+0.37,+2.18]   29.6    2,291   69.88   69.01   -0.87 [-2.36,+0.61]   29.1   
  (d1) 食い違い時のみ ◎へ                             6,459   70.86   72.19   +1.33 [+0.40,+2.23]   29.5    2,291   69.88   68.66   -1.22 [-2.62,+0.26]   28.0   
  (d2) 食い違い時のみ 最安へ                            6,459   70.86   72.13   +1.27 [+0.37,+2.18]   29.6    2,291   69.88   69.01   -0.87 [-2.31,+0.61]   29.1   
  (d3) 食い違い時 上位3の市場最良                         6,459   70.86   72.09   +1.22 [+0.34,+2.11]   29.3    2,291   69.88   68.97   -0.92 [-2.40,+0.57]   28.7   
  (d4) 食い違い時 上位3の市場最悪                         6,459   70.86   67.12   -3.75 [-4.66,-2.86]   25.9    2,291   69.88   64.86   -5.02 [-6.59,-3.49]   26.3   ❌❌
  (d5) 一致時 上位3の市場最悪(逆張り対照)                    6,459   70.86   57.76  -13.10 [-14.58,-11.72]   70.4    2,291   69.88   56.70  -13.18 [-15.71,-10.69]   70.9   ❌❌
  (e1) 軸2=印(○/◎/▲)                            6,459   70.86   70.86   +0.00 [+0.00,+0.00]   25.7    2,291   69.88   69.88   +0.00 [+0.00,+0.00]   18.3   
  (e2) 軸2=予測三連複の3着内シェア                        6,459   70.86   70.86   +0.00 [+0.00,+0.00]   16.2    2,291   69.88   69.88   +0.00 [+0.00,+0.00]   14.2   
  (e3) 軸2=予測オッズ1着シェア                          6,459   70.86   70.86   +0.00 [+0.00,+0.00]   19.6    2,291   69.88   69.88   +0.00 [+0.00,+0.00]   17.2   
  (e4) 軸2=pw 最上位                              6,459   70.86   70.86   +0.00 [+0.00,+0.00]   21.4    2,291   69.88   69.88   +0.00 [+0.00,+0.00]   17.8   

[pw_max 下位25%（軸1の占有が少ない）]
  腕                                            探索 n     基準%      新%                  Δ [CI]    入替%     確認 n     基準%      新%                  Δ [CI]    入替%   両窓
  (a) 軸1=pw 1位（7S型）                           6,459   67.21   68.18   +0.98 [+0.06,+1.92]   26.1    2,505   66.99   66.07   -0.92 [-2.28,+0.52]   24.6   
  (b) 軸1=◎                                    6,459   67.21   68.45   +1.24 [+0.34,+2.09]   25.3    2,505   66.99   65.95   -1.04 [-2.36,+0.32]   23.1   
  (c) 軸1=予測オッズ最安                              6,459   67.21   68.43   +1.22 [+0.40,+2.12]   25.6    2,505   66.99   66.47   -0.52 [-1.88,+0.88]   23.9   
  (d1) 食い違い時のみ ◎へ                             6,459   67.21   68.45   +1.24 [+0.37,+2.15]   25.3    2,505   66.99   65.95   -1.04 [-2.44,+0.28]   23.1   
  (d2) 食い違い時のみ 最安へ                            6,459   67.21   68.43   +1.22 [+0.34,+2.12]   25.6    2,505   66.99   66.47   -0.52 [-1.84,+0.88]   23.9   
  (d3) 食い違い時 上位3の市場最良                         6,459   67.21   68.37   +1.16 [+0.28,+2.04]   25.2    2,505   66.99   66.47   -0.52 [-1.84,+0.84]   23.6   
  (d4) 食い違い時 上位3の市場最悪                         6,459   67.21   65.07   -2.14 [-2.99,-1.30]   21.1    2,505   66.99   64.27   -2.71 [-4.11,-1.44]   21.0   ❌❌
  (d5) 一致時 上位3の市場最悪(逆張り対照)                    6,459   67.21   55.35  -11.86 [-13.35,-10.30]   74.4    2,505   66.99   54.49  -12.50 [-15.05,-9.90]   76.1   ❌❌
  (e1) 軸2=印(○/◎/▲)                            6,459   67.21   67.21   +0.00 [+0.00,+0.00]   33.0    2,505   66.99   66.99   +0.00 [+0.00,+0.00]   23.1   
  (e2) 軸2=予測三連複の3着内シェア                        6,459   67.21   67.21   +0.00 [+0.00,+0.00]   22.1    2,505   66.99   66.99   +0.00 [+0.00,+0.00]   19.0   
  (e3) 軸2=予測オッズ1着シェア                          6,459   67.21   67.21   +0.00 [+0.00,+0.00]   28.0    2,505   66.99   66.99   +0.00 [+0.00,+0.00]   24.8   
  (e4) 軸2=pw 最上位                              6,459   67.21   67.21   +0.00 [+0.00,+0.00]   31.1    2,505   66.99   66.99   +0.00 [+0.00,+0.00]   26.5   

[pw_ent 上位25%]
  腕                                            探索 n     基準%      新%                  Δ [CI]    入替%     確認 n     基準%      新%                  Δ [CI]    入替%   両窓
  (a) 軸1=pw 1位（7S型）                           6,459   66.87   67.66   +0.79 [+0.00,+1.56]   19.4    2,833   67.07   67.00   -0.07 [-1.20,+1.16]   17.0   
  (b) 軸1=◎                                    6,459   66.87   67.67   +0.81 [-0.02,+1.58]   19.1    2,833   67.07   67.07   +0.00 [-1.13,+1.13]   16.2   
  (c) 軸1=予測オッズ最安                              6,459   66.87   67.61   +0.74 [-0.05,+1.53]   19.5    2,833   67.07   67.35   +0.28 [-0.78,+1.41]   16.6   
  (d1) 食い違い時のみ ◎へ                             6,459   66.87   67.67   +0.81 [+0.00,+1.66]   19.1    2,833   67.07   67.07   +0.00 [-1.06,+1.06]   16.2   
  (d2) 食い違い時のみ 最安へ                            6,459   66.87   67.61   +0.74 [-0.03,+1.59]   19.5    2,833   67.07   67.35   +0.28 [-0.81,+1.34]   16.6   
  (d3) 食い違い時 上位3の市場最良                         6,459   66.87   67.55   +0.68 [-0.11,+1.47]   19.1    2,833   67.07   67.38   +0.32 [-0.81,+1.45]   16.3   
  (d4) 食い違い時 上位3の市場最悪                         6,459   66.87   65.46   -1.41 [-2.17,-0.65]   15.7    2,833   67.07   65.51   -1.55 [-2.61,-0.49]   14.4   ❌❌
  (d5) 一致時 上位3の市場最悪(逆張り対照)                    6,459   66.87   52.83  -14.04 [-15.67,-12.49]   80.5    2,833   67.07   51.82  -15.25 [-17.72,-12.74]   83.4   ❌❌
  (e1) 軸2=印(○/◎/▲)                            6,459   66.87   66.87   +0.00 [+0.00,+0.00]   35.2    2,833   67.07   67.07   +0.00 [+0.00,+0.00]   23.5   
  (e2) 軸2=予測三連複の3着内シェア                        6,459   66.87   66.87   +0.00 [+0.00,+0.00]   24.4    2,833   67.07   67.07   +0.00 [+0.00,+0.00]   19.4   
  (e3) 軸2=予測オッズ1着シェア                          6,459   66.87   66.87   +0.00 [+0.00,+0.00]   32.3    2,833   67.07   67.07   +0.00 [+0.00,+0.00]   27.4   
  (e4) 軸2=pw 最上位                              6,459   66.87   66.87   +0.00 [+0.00,+0.00]   35.1    2,833   67.07   67.07   +0.00 [+0.00,+0.00]   30.1   

[axis_sum 下位25%（§5.4 の層）]
  腕                                            探索 n     基準%      新%                  Δ [CI]    入替%     確認 n     基準%      新%                  Δ [CI]    入替%   両窓
  (a) 軸1=pw 1位（7S型）                           6,459   67.49   68.21   +0.73 [-0.02,+1.47]   16.8    2,709   67.37   66.56   -0.81 [-1.85,+0.22]   14.2   
  (b) 軸1=◎                                    6,459   67.49   68.25   +0.76 [+0.03,+1.52]   16.5    2,709   67.37   66.59   -0.78 [-1.81,+0.22]   13.5   
  (c) 軸1=予測オッズ最安                              6,459   67.49   68.17   +0.68 [-0.06,+1.47]   17.1    2,709   67.37   66.81   -0.55 [-1.62,+0.52]   14.1   
  (d1) 食い違い時のみ ◎へ                             6,459   67.49   68.25   +0.76 [+0.02,+1.49]   16.5    2,709   67.37   66.59   -0.78 [-1.81,+0.30]   13.5   
  (d2) 食い違い時のみ 最安へ                            6,459   67.49   68.17   +0.68 [-0.08,+1.44]   17.1    2,709   67.37   66.81   -0.55 [-1.62,+0.52]   14.1   
  (d3) 食い違い時 上位3の市場最良                         6,459   67.49   68.12   +0.63 [-0.12,+1.41]   16.7    2,709   67.37   66.85   -0.52 [-1.55,+0.52]   13.8   
  (d4) 食い違い時 上位3の市場最悪                         6,459   67.49   66.48   -1.01 [-1.70,-0.36]   13.2    2,709   67.37   66.41   -0.96 [-1.96,+0.00]   11.6   
  (d5) 一致時 上位3の市場最悪(逆張り対照)                    6,459   67.49   51.22  -16.27 [-17.93,-14.62]   82.9    2,709   67.37   51.50  -15.87 [-18.27,-13.40]   85.9   ❌❌
  (e1) 軸2=印(○/◎/▲)                            6,459   67.49   67.49   +0.00 [+0.00,+0.00]   40.0    2,709   67.37   67.37   +0.00 [+0.00,+0.00]   30.8   
  (e2) 軸2=予測三連複の3着内シェア                        6,459   67.49   67.49   +0.00 [+0.00,+0.00]   29.9    2,709   67.37   67.37   +0.00 [+0.00,+0.00]   25.7   
  (e3) 軸2=予測オッズ1着シェア                          6,459   67.49   67.49   +0.00 [+0.00,+0.00]   38.0    2,709   67.37   67.37   +0.00 [+0.00,+0.00]   33.0   
  (e4) 軸2=pw 最上位                              6,459   67.49   67.49   +0.00 [+0.00,+0.00]   40.4    2,709   67.37   67.37   +0.00 [+0.00,+0.00]   36.1   

[p3_gap12 下位25%]
  腕                                            探索 n     基準%      新%                  Δ [CI]    入替%     確認 n     基準%      新%                  Δ [CI]    入替%   両窓
  (a) 軸1=pw 1位（7S型）                           6,459   73.79   75.12   +1.33 [+0.43,+2.31]   31.4    2,549   74.19   73.83   -0.35 [-1.73,+1.02]   30.1   
  (b) 軸1=◎                                    6,459   73.79   75.12   +1.33 [+0.46,+2.24]   31.2    2,549   74.19   73.36   -0.82 [-2.24,+0.59]   29.4   
  (c) 軸1=予測オッズ最安                              6,459   73.79   75.01   +1.22 [+0.33,+2.11]   30.6    2,549   74.19   73.60   -0.59 [-1.92,+0.75]   29.3   
  (d1) 食い違い時のみ ◎へ                             6,459   73.79   75.12   +1.33 [+0.46,+2.23]   31.2    2,549   74.19   73.36   -0.82 [-2.24,+0.55]   29.4   
  (d2) 食い違い時のみ 最安へ                            6,459   73.79   75.01   +1.22 [+0.33,+2.12]   30.6    2,549   74.19   73.60   -0.59 [-1.92,+0.78]   29.3   
  (d3) 食い違い時 上位3の市場最良                         6,459   73.79   74.95   +1.16 [+0.28,+2.07]   30.4    2,549   74.19   73.60   -0.59 [-2.04,+0.86]   29.3   
  (d4) 食い違い時 上位3の市場最悪                         6,459   73.79   69.28   -4.51 [-5.40,-3.56]   26.3    2,549   74.19   69.16   -5.02 [-6.59,-3.49]   26.7   ❌❌
  (d5) 一致時 上位3の市場最悪(逆張り対照)                    6,459   73.79   57.92  -15.87 [-17.25,-14.51]   69.4    2,549   74.19   57.36  -16.83 [-19.22,-14.59]   70.7   ❌❌
  (e1) 軸2=印(○/◎/▲)                            6,459   73.79   73.79   +0.00 [+0.00,+0.00]   19.2    2,549   74.19   74.19   +0.00 [+0.00,+0.00]   11.1   
  (e2) 軸2=予測三連複の3着内シェア                        6,459   73.79   73.79   +0.00 [+0.00,+0.00]   10.5    2,549   74.19   74.19   +0.00 [+0.00,+0.00]    8.1   
  (e3) 軸2=予測オッズ1着シェア                          6,459   73.79   73.79   +0.00 [+0.00,+0.00]   13.2    2,549   74.19   74.19   +0.00 [+0.00,+0.00]   10.7   
  (e4) 軸2=pw 最上位                              6,459   73.79   73.79   +0.00 [+0.00,+0.00]   15.3    2,549   74.19   74.19   +0.00 [+0.00,+0.00]   12.6   

[rp_sd 下位25%（実力伯仲）]
  腕                                            探索 n     基準%      新%                  Δ [CI]    入替%     確認 n     基準%      新%                  Δ [CI]    入替%   両窓
  (a) 軸1=pw 1位（7S型）                           6,459   71.78   72.36   +0.59 [-0.02,+1.22]   12.7    2,364   72.88   71.91   -0.97 [-1.90,+0.00]   11.8   
  (b) 軸1=◎                                    6,459   71.78   72.35   +0.57 [-0.05,+1.22]   12.9    2,364   72.88   72.04   -0.85 [-1.78,+0.08]   11.3   
  (c) 軸1=予測オッズ最安                              6,459   71.78   72.30   +0.53 [-0.08,+1.16]   13.2    2,364   72.88   72.21   -0.68 [-1.65,+0.30]   11.8   
  (d1) 食い違い時のみ ◎へ                             6,459   71.78   72.35   +0.57 [-0.06,+1.21]   12.9    2,364   72.88   72.04   -0.85 [-1.78,+0.08]   11.3   
  (d2) 食い違い時のみ 最安へ                            6,459   71.78   72.30   +0.53 [-0.11,+1.16]   13.2    2,364   72.88   72.21   -0.68 [-1.65,+0.25]   11.8   
  (d3) 食い違い時 上位3の市場最良                         6,459   71.78   72.27   +0.50 [-0.11,+1.15]   13.1    2,364   72.88   72.21   -0.68 [-1.61,+0.30]   11.6   
  (d4) 食い違い時 上位3の市場最悪                         6,459   71.78   70.40   -1.38 [-1.98,-0.74]   11.1    2,364   72.88   71.49   -1.40 [-2.33,-0.42]   10.4   ❌❌
  (d5) 一致時 上位3の市場最悪(逆張り対照)                    6,459   71.78   51.99  -19.79 [-21.27,-18.11]   86.8    2,364   72.88   50.80  -22.08 [-24.66,-19.29]   88.2   ❌❌
  (e1) 軸2=印(○/◎/▲)                            6,459   71.78   71.78   +0.00 [+0.00,+0.00]   26.8    2,364   72.88   72.88   +0.00 [+0.00,+0.00]   20.6   
  (e2) 軸2=予測三連複の3着内シェア                        6,459   71.78   71.78   +0.00 [+0.00,+0.00]   19.1    2,364   72.88   72.88   +0.00 [+0.00,+0.00]   16.7   
  (e3) 軸2=予測オッズ1着シェア                          6,459   71.78   71.78   +0.00 [+0.00,+0.00]   27.5    2,364   72.88   72.88   +0.00 [+0.00,+0.00]   23.4   
  (e4) 軸2=pw 最上位                              6,459   71.78   71.78   +0.00 [+0.00,+0.00]   29.2    2,364   72.88   72.88   +0.00 [+0.00,+0.00]   24.5   

[軸1(p3)≠◎]
  腕                                            探索 n     基準%      新%                  Δ [CI]    入替%     確認 n     基準%      新%                  Δ [CI]    入替%   両窓
  (a) 軸1=pw 1位（7S型）                           2,664   67.64   69.78   +2.14 [-0.19,+4.69]   88.2    1,007   68.92   66.93   -1.99 [-5.96,+1.99]   93.3   
  (b) 軸1=◎                                    2,664   67.64   70.23   +2.59 [+0.11,+5.26]  100.0    1,007   68.92   66.73   -2.18 [-6.36,+1.79]  100.0   
  (c) 軸1=予測オッズ最安                              2,664   67.64   70.08   +2.44 [+0.04,+4.88]   91.5    1,007   68.92   67.33   -1.59 [-5.56,+2.28]   94.7   
  (d1) 食い違い時のみ ◎へ                             2,664   67.64   70.23   +2.59 [+0.19,+5.29]  100.0    1,007   68.92   66.73   -2.18 [-6.55,+1.79]  100.0   
  (d2) 食い違い時のみ 最安へ                            2,664   67.64   70.08   +2.44 [-0.04,+4.80]   91.5    1,007   68.92   67.33   -1.59 [-5.56,+2.28]   94.7   
  (d3) 食い違い時 上位3の市場最良                         2,664   67.64   69.97   +2.33 [-0.11,+4.80]   90.7    1,007   68.92   67.43   -1.49 [-5.66,+2.48]   94.2   
  (d4) 食い違い時 上位3の市場最悪                         2,664   67.64   54.95  -12.69 [-15.02,-10.17]   78.7    1,007   68.92   54.32  -14.60 [-18.77,-10.43]   85.9   ❌❌
  (d5) 一致時 上位3の市場最悪(逆張り対照)                    2,664   67.64   67.45   -0.19 [-0.98,+0.60]    8.5    1,007   68.92   67.73   -1.19 [-2.18,-0.20]    5.3   
  (e1) 軸2=印(○/◎/▲)                            2,664   67.64   67.64   +0.00 [+0.00,+0.00]   25.0    1,007   68.92   68.92   +0.00 [+0.00,+0.00]   14.2   
  (e2) 軸2=予測三連複の3着内シェア                        2,664   67.64   67.64   +0.00 [+0.00,+0.00]   12.5    1,007   68.92   68.92   +0.00 [+0.00,+0.00]    8.6   
  (e3) 軸2=予測オッズ1着シェア                          2,664   67.64   67.64   +0.00 [+0.00,+0.00]   13.8    1,007   68.92   68.92   +0.00 [+0.00,+0.00]    8.9   
  (e4) 軸2=pw 最上位                              2,664   67.64   67.64   +0.00 [+0.00,+0.00]   14.7    1,007   68.92   68.92   +0.00 [+0.00,+0.00]    9.5   

[軸1(p3)≠予測オッズ最安]
  腕                                            探索 n     基準%      新%                  Δ [CI]    入替%     確認 n     基準%      新%                  Δ [CI]    入替%   両窓
  (a) 軸1=pw 1位（7S型）                           2,674   67.76   69.93   +2.17 [-0.22,+4.49]   85.5    1,031   68.96   67.70   -1.26 [-5.24,+2.62]   89.8   
  (b) 軸1=◎                                    2,674   67.76   70.34   +2.58 [+0.15,+4.97]   91.2    1,031   68.96   67.51   -1.45 [-5.33,+2.42]   92.5   
  (c) 軸1=予測オッズ最安                              2,674   67.76   70.31   +2.54 [+0.15,+5.05]  100.0    1,031   68.96   67.31   -1.65 [-5.63,+2.42]  100.0   
  (d1) 食い違い時のみ ◎へ                             2,674   67.76   70.34   +2.58 [+0.07,+5.09]   91.2    1,031   68.96   67.51   -1.45 [-5.14,+2.52]   92.5   
  (d2) 食い違い時のみ 最安へ                            2,674   67.76   70.31   +2.54 [+0.04,+5.05]  100.0    1,031   68.96   67.31   -1.65 [-5.82,+2.42]  100.0   
  (d3) 食い違い時 上位3の市場最良                         2,674   67.76   70.19   +2.43 [-0.26,+5.01]   98.9    1,031   68.96   67.41   -1.55 [-5.53,+2.33]   99.0   
  (d4) 食い違い時 上位3の市場最悪                         2,674   67.76   53.55  -14.21 [-16.83,-11.78]   87.2    1,031   68.96   52.76  -16.20 [-20.37,-12.03]   91.4   ❌❌
  (d5) 一致時 上位3の市場最悪(逆張り対照)                    2,674   67.76   67.76   +0.00 [+0.00,+0.00]    0.0    1,031   68.96   68.96   +0.00 [+0.00,+0.00]    0.0   
  (e1) 軸2=印(○/◎/▲)                            2,674   67.76   67.76   +0.00 [+0.00,+0.00]   24.5    1,031   68.96   68.96   +0.00 [+0.00,+0.00]   14.3   
  (e2) 軸2=予測三連複の3着内シェア                        2,674   67.76   67.76   +0.00 [+0.00,+0.00]   12.6    1,031   68.96   68.96   +0.00 [+0.00,+0.00]    9.3   
  (e3) 軸2=予測オッズ1着シェア                          2,674   67.76   67.76   +0.00 [+0.00,+0.00]   14.0    1,031   68.96   68.96   +0.00 [+0.00,+0.00]    9.4   
  (e4) 軸2=pw 最上位                              2,674   67.76   67.76   +0.00 [+0.00,+0.00]   15.0    1,031   68.96   68.96   +0.00 [+0.00,+0.00]    9.5   

[pw_gap12下位25% ∧ 軸1(p3)≠◎]
  腕                                            探索 n     基準%      新%                  Δ [CI]    入替%     確認 n     基準%      新%                  Δ [CI]    入替%   両窓
  (a) 軸1=pw 1位（7S型）                           1,904   65.76   69.64   +3.89 [+1.05,+6.78]   83.8      641   69.73   65.68   -4.06 [-9.05,+1.25]   90.2   
  (b) 軸1=◎                                    1,904   65.76   70.27   +4.52 [+1.47,+7.41]  100.0      641   69.73   65.37   -4.37 [-9.83,+0.94]  100.0   
  (c) 軸1=予測オッズ最安                              1,904   65.76   70.01   +4.25 [+1.42,+7.09]   89.0      641   69.73   66.30   -3.43 [-8.11,+1.56]   92.8   
  (d1) 食い違い時のみ ◎へ                             1,904   65.76   70.27   +4.52 [+1.42,+7.62]  100.0      641   69.73   65.37   -4.37 [-9.67,+0.62]  100.0   
  (d2) 食い違い時のみ 最安へ                            1,904   65.76   70.01   +4.25 [+1.47,+7.25]   89.0      641   69.73   66.30   -3.43 [-8.42,+1.72]   92.8   
  (d3) 食い違い時 上位3の市場最良                         1,904   65.76   69.80   +4.04 [+1.26,+6.93]   88.0      641   69.73   66.30   -3.43 [-8.27,+1.25]   92.2   
  (d4) 食い違い時 上位3の市場最悪                         1,904   65.76   55.04  -10.71 [-13.50,-7.88]   76.5      641   69.73   54.45  -15.29 [-20.44,-10.14]   83.0   ❌❌
  (d5) 一致時 上位3の市場最悪(逆張り対照)                    1,904   65.76   65.49   -0.26 [-1.37,+0.79]   11.0      641   69.73   68.33   -1.40 [-2.96,+0.16]    7.2   
  (e1) 軸2=印(○/◎/▲)                            1,904   65.76   65.76   +0.00 [+0.00,+0.00]   25.9      641   69.73   69.73   +0.00 [+0.00,+0.00]   15.1   
  (e2) 軸2=予測三連複の3着内シェア                        1,904   65.76   65.76   +0.00 [+0.00,+0.00]   14.1      641   69.73   69.73   +0.00 [+0.00,+0.00]   10.5   
  (e3) 軸2=予測オッズ1着シェア                          1,904   65.76   65.76   +0.00 [+0.00,+0.00]   16.1      641   69.73   69.73   +0.00 [+0.00,+0.00]   10.6   
  (e4) 軸2=pw 最上位                              1,904   65.76   65.76   +0.00 [+0.00,+0.00]   17.3      641   69.73   69.73   +0.00 [+0.00,+0.00]   11.5   

  見たセル数 120・両窓 CI が 0 を跨がず正: 0  → なし
