対象 3643R（p3 と結果あり）

== 1. 可用性: 入稿時点の三連複の板の充足（7車・2026-07-17〜09-10。morning 板は 08-08 以降の 07:0x 取得分のみ）==
  [現行運用: 全レースを 07:20 に組む → 'morning' 板(07:0x)]  ※板が無い日の分は分母から外れる
  波=morning（08-08以降 1077R 中 板あり 1083） n= 1083  三連複 平均 76.4%  全35点  22.3%  半分未満  13.2%  0点   0.3%   三連単 平均 79.2%  半分未満   7.9%
  波=noon（08-08以降 548R 中 板あり 559）     n=  559  三連複 平均 35.1%  全35点   2.0%  半分未満  77.1%  0点   1.3%   三連単 平均 42.7%  半分未満  72.1%
  波=night（08-08以降 608R 中 板あり 609）    n=  609  三連複 平均 18.4%  全35点   0.0%  半分未満  93.9%  0点   8.7%   三連単 平均 18.4%  半分未満  97.2%
  [波を遅らせる: noon→h12(12:00) / night→h14(14:00) / night→h18(18:00・境界)]
  波=noon h12（898R 中 板あり 898）         n=  898  三連複 平均 95.3%  全35点  52.7%  半分未満   0.0%  0点   0.0%   三連単 平均 95.0%  半分未満   0.0%
  波=night h14（1013R 中 板あり 1013）      n= 1013  三連複 平均 66.9%  全35点   5.1%  半分未満  18.9%  0点   0.0%   三連単 平均 72.9%  半分未満   0.8%
  波=night h18（1013R 中 板あり 1013）      n= 1013  三連複 平均 89.3%  全35点  23.1%  半分未満   0.3%  0点   0.0%   三連単 平均 92.8%  半分未満   0.0%
  [参考: h12 の板が無いレースの割合（cron が撮れなかった日）]
    波=noon h12 あり 100.0%
    波=night h12 あり 100.0%

== 2. 記述: 入稿時点の板の量 → 決着（充足で層別）==

  -- 現行(07:20)・板が全35点埋まっている n=253 --
    mk_axis    T1: そろい 38.1% 払戻中央   7,025 100倍+36.9% (n=84) | T2: そろい 47.6% 払戻中央   5,350 100倍+26.2% (n=84) | T3: そろい 65.9% 払戻中央   2,590 100倍+20.0% (n=85)
    resid_axis T1: そろい 47.6% 払戻中央   4,200 100倍+25.0% (n=84) | T2: そろい 56.0% 払戻中央   5,190 100倍+26.2% (n=84) | T3: そろい 48.2% 払戻中央   5,520 100倍+31.8% (n=85)
    mk_ent     T1: そろい 63.1% 払戻中央   2,870 100倍+19.0% (n=84) | T2: そろい 53.6% 払戻中央   5,190 100倍+28.6% (n=84) | T3: そろい 35.3% 払戻中央   6,980 100倍+35.3% (n=85)
    log_fav    T1: そろい 62.2% 払戻中央   3,360 100倍+17.1% (n=82) | T2: そろい 48.8% 払戻中央   5,595 100倍+31.7% (n=82) | T3: そろい 41.6% 払戻中央   5,690 100倍+33.7% (n=89)
    agree2=0 n= 102 そろい  41.2% 払戻中央    6,460 100倍+ 33.3%
    agree2=1 n= 151 そろい  57.0% 払戻中央    3,740 100倍+ 23.8%
    印一致=0 n=  55 そろい  41.8%   （参考: 既にモデルに入っている WT印）
    印一致=1 n= 198 そろい  53.0%   （参考: 既にモデルに入っている WT印）

  -- 現行(07:20)・18〜34点 n=852 --
    mk_axis    T1: そろい 43.7% 払戻中央   4,930 100倍+29.2% (n=284) | T2: そろい 43.3% 払戻中央   4,195 100倍+27.5% (n=284) | T3: そろい 69.4% 払戻中央   2,495 100倍+21.5% (n=284)
    resid_axis T1: そろい 55.3% 払戻中央   3,900 100倍+26.4% (n=284) | T2: そろい 50.4% 払戻中央   3,985 100倍+27.1% (n=284) | T3: そろい 50.7% 払戻中央   3,880 100倍+24.6% (n=284)
    mk_ent     T1: そろい 61.6% 払戻中央   2,710 100倍+20.8% (n=284) | T2: そろい 51.1% 払戻中央   4,305 100倍+28.9% (n=284) | T3: そろい 43.7% 払戻中央   4,545 100倍+28.5% (n=284)
    log_fav    T1: そろい 65.1% 払戻中央   2,520 100倍+19.8% (n=278) | T2: そろい 44.1% 払戻中央   4,630 100倍+30.0% (n=290) | T3: そろい 47.5% 払戻中央   4,380 100倍+28.2% (n=284)
    agree2=0 n= 418 そろい  42.8% 払戻中央    4,475 100倍+ 26.3%
    agree2=1 n= 434 そろい  61.1% 払戻中央    3,135 100倍+ 25.8%
    印一致=0 n= 163 そろい  35.6%   （参考: 既にモデルに入っている WT印）
    印一致=1 n= 689 そろい  56.0%   （参考: 既にモデルに入っている WT印）

  -- 現行(07:20)・18点未満（薄い） n=1146 --
    mk_axis    T1: そろい 51.9% 払戻中央   4,920 100倍+33.3% (n=237) | T2: そろい 53.8% 払戻中央   4,200 100倍+29.3% (n=485) | T3: そろい 64.8% 払戻中央   2,070 100倍+18.0% (n=361)
    resid_axis T1: そろい 59.3% 払戻中央   2,920 100倍+22.4% (n=361) | T2: そろい 53.5% 払戻中央   4,140 100倍+29.9% (n=361) | T3: そろい 58.4% 払戻中央   3,360 100倍+26.9% (n=361)
    mk_ent     T1: そろい 56.2% 払戻中央   2,810 100倍+23.3% (n=347) | T2: そろい 60.0% 払戻中央   3,550 100倍+26.4% (n=375) | T3: そろい 54.8% 払戻中央   3,970 100倍+29.4% (n=361)
    log_fav    T1: そろい 58.3% 払戻中央   2,705 100倍+24.4% (n=348) | T2: そろい 56.7% 払戻中央   3,530 100倍+24.4% (n=353) | T3: そろい 56.3% 払戻中央   4,120 100倍+30.1% (n=382)
    agree2=0 n= 735 そろい  53.5% 払戻中央    4,290 100倍+ 29.9%
    agree2=1 n= 348 そろい  64.7% 払戻中央    2,295 100倍+ 19.0%
    印一致=0 n= 187 そろい  42.2%   （参考: 既にモデルに入っている WT印）
    印一致=1 n= 959 そろい  59.7%   （参考: 既にモデルに入っている WT印）

  -- 遅らせた波(noon h12/night h14)・全35点 n=525 --
    mk_axis    T1: そろい 38.9% 払戻中央   5,970 100倍+34.9% (n=175) | T2: そろい 44.6% 払戻中央   5,870 100倍+35.4% (n=175) | T3: そろい 65.1% 払戻中央   2,640 100倍+20.6% (n=175)
    resid_axis T1: そろい 44.6% 払戻中央   5,510 100倍+37.1% (n=175) | T2: そろい 53.1% 払戻中央   4,390 100倍+24.6% (n=175) | T3: そろい 50.9% 払戻中央   5,190 100倍+29.1% (n=175)
    mk_ent     T1: そろい 62.9% 払戻中央   2,620 100倍+17.7% (n=175) | T2: そろい 48.6% 払戻中央   4,820 100倍+33.1% (n=175) | T3: そろい 37.1% 払戻中央   6,920 100倍+40.0% (n=175)
    log_fav    T1: そろい 64.5% 払戻中央   2,710 100倍+18.3% (n=169) | T2: そろい 49.4% 払戻中央   5,155 100倍+34.1% (n=170) | T3: そろい 36.0% 払戻中央   6,420 100倍+37.6% (n=186)
    agree2=0 n= 174 そろい  42.5% 払戻中央    5,725 100倍+ 35.6%
    agree2=1 n= 351 そろい  53.0% 払戻中央    4,140 100倍+ 27.6%
    印一致=0 n= 107 そろい  42.1%   （参考: 既にモデルに入っている WT印）
    印一致=1 n= 418 そろい  51.4%   （参考: 既にモデルに入っている WT印）

  -- 遅らせた波・35点未満 n=1386 --
    mk_axis    T1: そろい 47.4% 払戻中央   5,035 100倍+32.7% (n=462) | T2: そろい 53.7% 払戻中央   3,300 100倍+23.4% (n=462) | T3: そろい 71.4% 払戻中央   1,820 100倍+16.2% (n=462)
    resid_axis T1: そろい 58.0% 払戻中央   3,000 100倍+21.9% (n=462) | T2: そろい 54.1% 払戻中央   3,740 100倍+26.6% (n=462) | T3: そろい 60.4% 払戻中央   2,825 100倍+23.8% (n=462)
    mk_ent     T1: そろい 64.9% 払戻中央   1,960 100倍+16.2% (n=462) | T2: そろい 55.2% 払戻中央   3,040 100倍+26.4% (n=462) | T3: そろい 52.4% 払戻中央   4,505 100倍+29.7% (n=462)
    log_fav    T1: そろい 64.3% 払戻中央   2,105 100倍+16.1% (n=448) | T2: そろい 55.2% 払戻中央   2,990 100倍+26.3% (n=449) | T3: そろい 53.4% 払戻中央   4,220 100倍+29.4% (n=489)
    agree2=0 n= 622 そろい  48.9% 払戻中央    4,335 100倍+ 28.9%
    agree2=1 n= 764 そろい  64.5% 払戻中央    2,320 100倍+ 20.2%
    印一致=0 n= 251 そろい  41.8%   （参考: 既にモデルに入っている WT印）
    印一致=1 n=1135 そろい  61.0%   （参考: 既にモデルに入っている WT印）

  -- 【上限・look-ahead】確定オッズ n=3643 --
    mk_axis    T1: そろい 34.6% 払戻中央   6,100 100倍+34.8% (n=1214) | T2: そろい 52.6% 払戻中央   4,070 100倍+27.0% (n=1214) | T3: そろい 74.9% 払戻中央   1,570 100倍+15.8% (n=1215)
    resid_axis T1: そろい 61.1% 払戻中央   3,000 100倍+24.3% (n=1214) | T2: そろい 55.5% 払戻中央   3,515 100倍+25.9% (n=1214) | T3: そろい 45.4% 払戻中央   4,740 100倍+27.4% (n=1215)
    mk_ent     T1: そろい 73.6% 払戻中央   1,485 100倍+14.8% (n=1214) | T2: そろい 51.0% 払戻中央   4,000 100倍+27.1% (n=1214) | T3: そろい 37.5% 払戻中央   6,170 100倍+35.7% (n=1215)
    log_fav    T1: そろい 71.9% 払戻中央   1,680 100倍+17.5% (n=1194) | T2: そろい 52.2% 払戻中央   3,700 100倍+25.7% (n=1177) | T3: そろい 39.0% 払戻中央   5,825 100倍+34.0% (n=1272)
    agree2=0 n= 919 そろい  38.2% 払戻中央    5,340 100倍+ 31.8%
    agree2=1 n=2724 そろい  59.4% 払戻中央    3,255 100倍+ 23.9%
    印一致=0 n= 714 そろい  39.4%   （参考: 既にモデルに入っている WT印）
    印一致=1 n=2929 そろい  57.6%   （参考: 既にモデルに入っている WT印）

== 3. 増分 AUC（目的=軸2そろい・base = axis_sum, pw_ent, 印一致・ロジスティック OOF）==
  現行07:20・全35点                   n=  253 base 0.6209 → +市場 0.6153 Δ-0.0056 [-0.0450,+0.0343]  市場だけ 0.6243  半窓Δ +0.0099 / -0.0308
      +mk_axis     Δ+0.0162 [-0.0132,+0.0463]   Spearman vs axis_sum +0.609 / vs 印一致 +0.346
      +agree2      Δ-0.0176 [-0.0407,+0.0033]   Spearman vs axis_sum +0.393 / vs 印一致 +0.407
      +mk_ent      Δ+0.0049 [-0.0213,+0.0279]   Spearman vs axis_sum -0.520 / vs 印一致 -0.228
      +resid_axis  Δ+0.0161 [-0.0141,+0.0466]   Spearman vs axis_sum +0.354 / vs 印一致 -0.059
      +log_fav     Δ+0.0161 [-0.0161,+0.0462]   Spearman vs axis_sum -0.489 / vs 印一致 -0.235
      +mk_rank_a2  Δ-0.0166 [-0.0281,-0.0045]   Spearman vs axis_sum -0.255 / vs 印一致 -0.403
  現行07:20・全部(充足も特徴に)             n= 2188 base 0.6743 → +市場 0.6706 Δ-0.0036 [-0.0089,+0.0016]  市場だけ 0.6687  半窓Δ -0.0041 / -0.0030
      +mk_axis     Δ+0.0013 [-0.0030,+0.0052]   Spearman vs axis_sum +0.386 / vs 印一致 +0.158
      +agree2      Δ-0.0020 [-0.0056,+0.0014]   Spearman vs axis_sum +0.284 / vs 印一致 +0.214
      +mk_ent      Δ+0.0001 [-0.0022,+0.0022]   Spearman vs axis_sum -0.248 / vs 印一致 -0.070
      +resid_axis  Δ+0.0013 [-0.0027,+0.0053]   Spearman vs axis_sum +0.176 / vs 印一致 +0.015
      +log_fav     Δ-0.0005 [-0.0022,+0.0012]   Spearman vs axis_sum -0.321 / vs 印一致 -0.094
      +mk_rank_a2  Δ-0.0002 [-0.0022,+0.0016]   Spearman vs axis_sum -0.171 / vs 印一致 -0.169
  遅らせた波 noon/night・全35点          n=  525 base 0.6387 → +市場 0.6161 Δ-0.0226 [-0.0459,+0.0003]  市場だけ 0.6254  半窓Δ -0.0308 / -0.0147
      +mk_axis     Δ-0.0040 [-0.0215,+0.0131]   Spearman vs axis_sum +0.654 / vs 印一致 +0.258
      +agree2      Δ-0.0100 [-0.0176,-0.0033]   Spearman vs axis_sum +0.285 / vs 印一致 +0.267
      +mk_ent      Δ+0.0008 [-0.0188,+0.0199]   Spearman vs axis_sum -0.573 / vs 印一致 -0.099
      +resid_axis  Δ-0.0045 [-0.0198,+0.0129]   Spearman vs axis_sum +0.440 / vs 印一致 +0.027
      +log_fav     Δ+0.0083 [-0.0090,+0.0247]   Spearman vs axis_sum -0.543 / vs 印一致 -0.115
      +mk_rank_a2  Δ-0.0095 [-0.0211,+0.0004]   Spearman vs axis_sum -0.077 / vs 印一致 -0.225
  【上限】確定オッズ                      n= 3643 base 0.6804 → +市場 0.7052 Δ+0.0249 [+0.0149,+0.0340]  市場だけ 0.7031  半窓Δ +0.0234 / +0.0263
      +mk_axis     Δ+0.0263 [+0.0171,+0.0359]   Spearman vs axis_sum +0.787 / vs 印一致 +0.376
      +agree2      Δ+0.0036 [-0.0006,+0.0078]   Spearman vs axis_sum +0.346 / vs 印一致 +0.399
      +mk_ent      Δ+0.0153 [+0.0081,+0.0233]   Spearman vs axis_sum -0.778 / vs 印一致 -0.217
      +resid_axis  Δ+0.0263 [+0.0172,+0.0359]   Spearman vs axis_sum +0.146 / vs 印一致 -0.155
      +log_fav     Δ+0.0120 [+0.0049,+0.0188]   Spearman vs axis_sum -0.672 / vs 印一致 -0.208
      +mk_rank_a2  Δ+0.0025 [-0.0004,+0.0052]   Spearman vs axis_sum -0.159 / vs 印一致 -0.304
