  feat 0
  feat 5000
  feat 10000
  feat 15000
  feat 20000
  feat 25000
  feat 30000
  feat 35000
n=36237  探索 25833  確認 10404  そろい率 53.30%  100倍+ 26.35%

== A. 記述: 市場量の五分位 → 軸2そろい率 / 三連単払戻中央 / 100倍+率（確認窓）==
  mk_axis     Q1: そろい 30.5% 払戻中央 669,000 100倍+37.3% | Q2: そろい 40.8% 払戻中央 525,000 100倍+31.4% | Q3: そろい 52.4% 払戻中央 398,000 100倍+25.2% | Q4: そろい 60.3% 払戻中央 288,000 100倍+24.5% | Q5: そろい 80.2% 払戻中央 113,000 100倍+15.5%
  mk_ent      Q1: そろい 76.4% 払戻中央 110,000 100倍+15.5% | Q2: そろい 61.0% 払戻中央 256,000 100倍+22.5% | Q3: そろい 49.8% 払戻中央 375,000 100倍+25.7% | Q4: そろい 42.9% 払戻中央 529,000 100倍+31.1% | Q5: そろい 34.0% 払戻中央 712,000 100倍+39.0%
  resid_pair  Q1: そろい 67.1% 払戻中央 244,000 100倍+23.6% | Q2: そろい 60.8% 払戻中央 311,000 100倍+26.9% | Q3: そろい 55.2% 払戻中央 374,000 100倍+26.7% | Q4: そろい 44.1% 払戻中央 453,000 100倍+28.2% | Q5: そろい 37.0% 払戻中央 474,000 100倍+28.4%
  ratio_top   Q1: そろい 44.3% 払戻中央 475,000 100倍+30.3% | Q2: そろい 51.6% 払戻中央 414,000 100倍+26.4% | Q3: そろい 53.7% 払戻中央 357,500 100倍+27.4% | Q4: そろい 57.4% 払戻中央 333,000 100倍+24.8% | Q5: そろい 57.2% 払戻中央 317,000 100倍+25.0%
  pair_ratio  Q1: そろい 43.4% 払戻中央 446,000 100倍+29.7% | Q2: そろい 51.5% 払戻中央 375,000 100倍+26.5% | Q3: そろい 55.6% 払戻中央 353,000 100倍+25.5% | Q4: そろい 57.0% 払戻中央 357,000 100倍+25.4% | Q5: そろい 56.5% 払戻中央 369,000 100倍+26.8%
  kl          Q1: そろい 58.0% 払戻中央 370,000 100倍+24.0% | Q2: そろい 55.4% 払戻中央 350,000 100倍+27.3% | Q3: そろい 53.1% 払戻中央 395,500 100倍+27.4% | Q4: そろい 49.8% 払戻中央 387,000 100倍+27.8% | Q5: そろい 47.9% 払戻中央 401,000 100倍+27.4%
  log_fav     Q1: そろい 74.7% 払戻中央 119,000 100倍+17.8% | Q2: そろい 61.7% 払戻中央 283,500 100倍+24.2% | Q3: そろい 51.4% 払戻中央 353,500 100倍+26.0% | Q4: そろい 44.2% 払戻中央 474,000 100倍+29.3% | Q5: そろい 35.3% 払戻中央 645,000 100倍+35.2%
  参考 axis_sum  Q1: そろい 35.4% | Q2: そろい 43.3% | Q3: そろい 51.1% | Q4: そろい 58.5% | Q5: そろい 75.9%
  agree2=0 n=2461 そろい 35.6% 払戻中央 501,000 100倍+ 31.0%
  agree2=1 n=7943 そろい 58.2% 払戻中央 341,000 100倍+ 25.5%

== B. 二重計上の点検: 市場量 × 既存量の Spearman（確認窓）==
                axis_sum      pw_ent       arare         gap  log_min_po  AGREE(印)
  mk_axis          0.765      -0.703      -0.400       0.262      -0.721       0.345
  mk_top2          0.768      -0.726      -0.419       0.298      -0.725       0.257
  agree2           0.329      -0.236      -0.116      -0.021      -0.302       0.397
  mk_ent          -0.751       0.763       0.470      -0.485       0.737      -0.194
  resid_pair      -0.215       0.087       0.097       0.005       0.379      -0.217
  ratio_top        0.102      -0.083      -0.105       0.083      -0.089       0.014
  log_fav         -0.653       0.638       0.374      -0.415       0.750      -0.193
  kl              -0.106      -0.014      -0.070       0.069      -0.028      -0.085
  mk_rank_a1      -0.151       0.211       0.084       0.004       0.220      -0.019
  mk_rank_a2      -0.174       0.062       0.044       0.009       0.103      -0.317
  pair_ratio      -0.003       0.050       0.015      -0.089       0.051       0.004
  mk_a1            0.689      -0.735      -0.401       0.210      -0.690       0.183
  mk_pair          0.746      -0.657      -0.378       0.236      -0.746       0.378

== C. 増分 AUC（目的=軸2そろい・ロジスティック・日付ブロック5-fold OOF・paired bootstrap 95%CI）==
  [探索 n=25833] base AUC 0.6848
    +mk_axis     AUC 0.7141  Δ +0.0293 [+0.0259,+0.0326] ★
    +mk_top2     AUC 0.7060  Δ +0.0212 [+0.0181,+0.0246] ★
    +agree2      AUC 0.6947  Δ +0.0099 [+0.0079,+0.0119] ★
    +mk_ent      AUC 0.6978  Δ +0.0131 [+0.0106,+0.0155] ★
    +resid_pair  AUC 0.7084  Δ +0.0236 [+0.0205,+0.0269] ★
    +ratio_top   AUC 0.6876  Δ +0.0029 [+0.0015,+0.0042] ★
    +log_fav     AUC 0.6940  Δ +0.0093 [+0.0070,+0.0114] ★
    +kl          AUC 0.6869  Δ +0.0022 [+0.0011,+0.0032] ★
    +mk_rank_a1  AUC 0.6851  Δ +0.0003 [-0.0001,+0.0007]  
    +mk_rank_a2  AUC 0.6909  Δ +0.0061 [+0.0045,+0.0078] ★
    +pair_ratio  AUC 0.6973  Δ +0.0126 [+0.0102,+0.0147] ★
    +mk_a1       AUC 0.6922  Δ +0.0074 [+0.0058,+0.0092] ★
    +mk_pair     AUC 0.7165  Δ +0.0318 [+0.0284,+0.0354] ★
    +ALL         AUC 0.7168  Δ +0.0321 [+0.0283,+0.0362] ★
    市場量だけ    AUC 0.7168
  [確認 n=10404] base AUC 0.6698
    +mk_axis     AUC 0.6990  Δ +0.0291 [+0.0231,+0.0346] ★
    +mk_top2     AUC 0.6902  Δ +0.0204 [+0.0150,+0.0254] ★
    +agree2      AUC 0.6788  Δ +0.0089 [+0.0056,+0.0120] ★
    +mk_ent      AUC 0.6839  Δ +0.0141 [+0.0100,+0.0184] ★
    +resid_pair  AUC 0.6929  Δ +0.0230 [+0.0178,+0.0281] ★
    +ratio_top   AUC 0.6729  Δ +0.0031 [+0.0009,+0.0052] ★
    +log_fav     AUC 0.6789  Δ +0.0091 [+0.0055,+0.0131] ★
    +kl          AUC 0.6736  Δ +0.0038 [+0.0014,+0.0059] ★
    +mk_rank_a1  AUC 0.6703  Δ +0.0005 [-0.0003,+0.0014]  
    +mk_rank_a2  AUC 0.6745  Δ +0.0047 [+0.0025,+0.0073] ★
    +pair_ratio  AUC 0.6809  Δ +0.0111 [+0.0075,+0.0149] ★
    +mk_a1       AUC 0.6785  Δ +0.0086 [+0.0057,+0.0118] ★
    +mk_pair     AUC 0.7015  Δ +0.0317 [+0.0256,+0.0376] ★
    +ALL         AUC 0.7005  Δ +0.0307 [+0.0249,+0.0365] ★
    市場量だけ    AUC 0.7007

== C. 増分 AUC（目的=三連単100倍+・ロジスティック・日付ブロック5-fold OOF・paired bootstrap 95%CI）==
  [探索 n=25833] base AUC 0.6276
    +mk_axis     AUC 0.6302  Δ +0.0025 [+0.0010,+0.0040] ★
    +mk_top2     AUC 0.6323  Δ +0.0047 [+0.0025,+0.0068] ★
    +agree2      AUC 0.6276  Δ -0.0000 [-0.0004,+0.0004]  
    +mk_ent      AUC 0.6346  Δ +0.0070 [+0.0042,+0.0098] ★
    +resid_pair  AUC 0.6290  Δ +0.0014 [+0.0002,+0.0024] ★
    +ratio_top   AUC 0.6302  Δ +0.0026 [+0.0010,+0.0041] ★
    +log_fav     AUC 0.6294  Δ +0.0018 [+0.0005,+0.0031] ★
    +kl          AUC 0.6277  Δ +0.0001 [-0.0005,+0.0007]  
    +mk_rank_a1  AUC 0.6275  Δ -0.0001 [-0.0003,-0.0000] ▼
    +mk_rank_a2  AUC 0.6275  Δ -0.0001 [-0.0004,+0.0003]  
    +pair_ratio  AUC 0.6278  Δ +0.0002 [-0.0003,+0.0007]  
    +mk_a1       AUC 0.6306  Δ +0.0030 [+0.0015,+0.0045] ★
    +mk_pair     AUC 0.6290  Δ +0.0014 [+0.0003,+0.0026] ★
    +ALL         AUC 0.6368  Δ +0.0092 [+0.0058,+0.0126] ★
    市場量だけ    AUC 0.6339
  [確認 n=10404] base AUC 0.6245
    +mk_axis     AUC 0.6282  Δ +0.0036 [+0.0005,+0.0067] ★
    +mk_top2     AUC 0.6293  Δ +0.0047 [+0.0014,+0.0080] ★
    +agree2      AUC 0.6238  Δ -0.0008 [-0.0016,+0.0000]  
    +mk_ent      AUC 0.6317  Δ +0.0071 [+0.0034,+0.0108] ★
    +resid_pair  AUC 0.6254  Δ +0.0008 [-0.0012,+0.0027]  
    +ratio_top   AUC 0.6248  Δ +0.0002 [-0.0012,+0.0016]  
    +log_fav     AUC 0.6250  Δ +0.0005 [-0.0008,+0.0020]  
    +kl          AUC 0.6250  Δ +0.0004 [-0.0005,+0.0014]  
    +mk_rank_a1  AUC 0.6241  Δ -0.0004 [-0.0008,-0.0001] ▼
    +mk_rank_a2  AUC 0.6234  Δ -0.0011 [-0.0017,-0.0005] ▼
    +pair_ratio  AUC 0.6254  Δ +0.0008 [-0.0013,+0.0028]  
    +mk_a1       AUC 0.6304  Δ +0.0059 [+0.0023,+0.0095] ★
    +mk_pair     AUC 0.6256  Δ +0.0010 [-0.0009,+0.0029]  
    +ALL         AUC 0.6358  Δ +0.0113 [+0.0049,+0.0174] ★
    市場量だけ    AUC 0.6342
