売った行（sell_plans_for → 軸信頼ゲート → 入稿ゲート・上限なし）: 2052R  2026-07-17〜2026-09-10  paper 1394 / live 658
  プラン: {'F_hit': 468, 'C_hit': 364, 'B_hit': 291, 'A_hit': 267, 'E_hit': 237, 'D_hit': 195, 'A_ana': 104, 'F_sign': 99, 'A_trio': 27}

== A. 現行運用（07:20 の板）==
  G1 板18点以上 ∧ 市場の上位2車≠自社の軸2車 を落とす [前半 08-08〜08-24] 落とす 21.0%
      全部   n= 600 37.50件/日 表示的中 27.00% 払戻中央   27,550 10万+/日 0.000 ROI  84.7
      ゲート n= 474 29.62件/日 表示的中 27.00% 払戻中央   26,840 10万+/日 0.000 ROI  81.4  Δ表示的中 +0.00 [-1.90,+2.00]  対照20seed に 11/20 勝（対照中央 26.69%）
  G1 板18点以上 ∧ 市場の上位2車≠自社の軸2車 を落とす [後半 08-25〜09-10] 落とす 18.2%
      全部   n= 742 43.65件/日 表示的中 24.12% 払戻中央   23,800 10万+/日 0.235 ROI  81.8
      ゲート n= 607 35.71件/日 表示的中 24.71% 払戻中央   22,910 10万+/日 0.176 ROI  84.0  Δ表示的中 +0.59 [-0.90,+1.93]  対照20seed に 17/20 勝（対照中央 23.97%）
  G2 板18点以上 ∧ 市場の軸支持 mk_axis 下位1/3 を落とす [前半 08-08〜08-24] 落とす 16.5%
      全部   n= 600 37.50件/日 表示的中 27.00% 払戻中央   27,550 10万+/日 0.000 ROI  84.7
      ゲート n= 501 31.31件/日 表示的中 26.95% 払戻中央   26,840 10万+/日 0.000 ROI  81.3  Δ表示的中 -0.05 [-1.53,+1.48]  対照20seed に 7/20 勝（対照中央 27.35%）
  G2 板18点以上 ∧ 市場の軸支持 mk_axis 下位1/3 を落とす [後半 08-25〜09-10] 落とす 15.2%
      全部   n= 742 43.65件/日 表示的中 24.12% 払戻中央   23,800 10万+/日 0.235 ROI  81.8
      ゲート n= 629 37.00件/日 表示的中 24.64% 払戻中央   22,820 10万+/日 0.176 ROI  73.4  Δ表示的中 +0.52 [-0.78,+1.85]  対照20seed に 14/20 勝（対照中央 24.09%）
  G3 板18点以上 ∧ 自社が市場より強気(resid_axis 上位1/3) を落とす [前半 08-08〜08-24] 落とす 16.7%
      全部   n= 600 37.50件/日 表示的中 27.00% 払戻中央   27,550 10万+/日 0.000 ROI  84.7
      ゲート n= 500 31.25件/日 表示的中 27.60% 払戻中央   27,435 10万+/日 0.000 ROI  85.3  Δ表示的中 +0.60 [-0.89,+2.15]  対照20seed に 14/20 勝（対照中央 27.00%）
  G3 板18点以上 ∧ 自社が市場より強気(resid_axis 上位1/3) を落とす [後半 08-25〜09-10] 落とす 15.2%
      全部   n= 742 43.65件/日 表示的中 24.12% 払戻中央   23,800 10万+/日 0.235 ROI  81.8
      ゲート n= 629 37.00件/日 表示的中 24.17% 払戻中央   23,280 10万+/日 0.176 ROI  73.9  Δ表示的中 +0.04 [-1.31,+1.25]  対照20seed に 10/20 勝（対照中央 24.09%）
  G4 板が全35点 ∧ 市場の上位2車≠軸2車 を落とす [前半 08-08〜08-24] 落とす  2.7%
      全部   n= 600 37.50件/日 表示的中 27.00% 払戻中央   27,550 10万+/日 0.000 ROI  84.7
      ゲート n= 584 36.50件/日 表示的中 26.71% 払戻中央   27,510 10万+/日 0.000 ROI  82.9  Δ表示的中 -0.29 [-0.92,+0.34]  対照20seed に 3/20 勝（対照中央 26.97%）
  G4 板が全35点 ∧ 市場の上位2車≠軸2車 を落とす [後半 08-25〜09-10] 落とす  3.9%
      全部   n= 742 43.65件/日 表示的中 24.12% 払戻中央   23,800 10万+/日 0.235 ROI  81.8
      ゲート n= 713 41.94件/日 表示的中 24.26% 払戻中央   23,280 10万+/日 0.235 ROI  82.0  Δ表示的中 +0.14 [-0.46,+0.70]  対照20seed に 15/20 勝（対照中央 24.12%）

== B. 波を遅らせた場合（noon→h12 / night→h14 の板・morning 波はそのまま 07:20 板）==
  G1' 板35点 ∧ 市場の上位2車≠軸2車 を落とす [前半 07-17〜08-13] 落とす  8.9%
      全部   n= 562 20.07件/日 表示的中 27.05% 払戻中央   27,880 10万+/日 0.107 ROI  90.5
      ゲート n= 512 18.29件/日 表示的中 27.15% 払戻中央   27,540 10万+/日 0.107 ROI  91.0  Δ表示的中 +0.10 [-0.96,+1.27]  対照20seed に 10/20 勝（対照中央 27.05%）
  G1' 板35点 ∧ 市場の上位2車≠軸2車 を落とす [後半 08-14〜09-10] 落とす  7.8%
      全部   n=1173 41.89件/日 表示的中 25.15% 払戻中央   24,960 10万+/日 0.143 ROI  82.1
      ゲート n=1082 38.64件/日 表示的中 25.51% 払戻中央   24,850 10万+/日 0.107 ROI  80.6  Δ表示的中 +0.36 [-0.36,+1.04]  対照20seed に 17/20 勝（対照中央 25.18%）
  G2' 板35点 ∧ mk_axis 下位1/3 を落とす [前半 07-17〜08-13] 落とす  7.8%
      全部   n= 562 20.07件/日 表示的中 27.05% 払戻中央   27,880 10万+/日 0.107 ROI  90.5
      ゲート n= 518 18.50件/日 表示的中 27.41% 払戻中央   27,310 10万+/日 0.107 ROI  91.8  Δ表示的中 +0.37 [-0.72,+1.39]  対照20seed に 15/20 勝（対照中央 26.83%）
  G2' 板35点 ∧ mk_axis 下位1/3 を落とす [後半 08-14〜09-10] 落とす  8.4%
      全部   n=1173 41.89件/日 表示的中 25.15% 払戻中央   24,960 10万+/日 0.143 ROI  82.1
      ゲート n=1074 38.36件/日 表示的中 25.70% 払戻中央   24,950 10万+/日 0.107 ROI  77.1  Δ表示的中 +0.55 [-0.08,+1.27]  対照20seed に 18/20 勝（対照中央 25.28%）
  G5' 板18点以上 ∧ 市場の上位2車≠軸2車 を落とす [前半 07-17〜08-13] 落とす 44.3%
      全部   n= 562 20.07件/日 表示的中 27.05% 払戻中央   27,880 10万+/日 0.107 ROI  90.5
      ゲート n= 313 11.18件/日 表示的中 27.16% 払戻中央   27,540 10万+/日 0.071 ROI  94.2  Δ表示的中 +0.11 [-3.29,+3.23]  対照20seed に 5/20 勝（対照中央 27.80%）
  G5' 板18点以上 ∧ 市場の上位2車≠軸2車 を落とす [後半 08-14〜09-10] 落とす 30.5%
      全部   n=1173 41.89件/日 表示的中 25.15% 払戻中央   24,960 10万+/日 0.143 ROI  82.1
      ゲート n= 815 29.11件/日 表示的中 25.89% 払戻中央   23,280 10万+/日 0.071 ROI  80.8  Δ表示的中 +0.74 [-0.97,+2.35]  対照20seed に 17/20 勝（対照中央 24.85%）

== C. 【上限・look-ahead】確定オッズで同じゲートを掛けたら ==
  G1f 確定: 市場の上位2車≠軸2車 を落とす [前半 07-17〜08-13] 落とす 21.7%
      全部   n= 865 30.89件/日 表示的中 25.90% 払戻中央   28,120 10万+/日 0.214 ROI  92.0
      ゲート n= 677 24.18件/日 表示的中 25.85% 払戻中央   26,680 10万+/日 0.107 ROI  86.4  Δ表示的中 -0.05 [-1.57,+1.44]  対照20seed に 11/20 勝（対照中央 25.63%）
  G1f 確定: 市場の上位2車≠軸2車 を落とす [後半 08-14〜09-10] 落とす 19.9%
      全部   n=1173 41.89件/日 表示的中 25.15% 払戻中央   24,960 10万+/日 0.143 ROI  82.1
      ゲート n= 940 33.57件/日 表示的中 25.11% 払戻中央   24,940 10万+/日 0.071 ROI  75.1  Δ表示的中 -0.04 [-1.15,+1.16]  対照20seed に 8/20 勝（対照中央 25.21%）
  G2f 確定: mk_axis 下位1/3 を落とす [前半 07-17〜08-13] 落とす 33.3%
      全部   n= 865 30.89件/日 表示的中 25.90% 払戻中央   28,120 10万+/日 0.214 ROI  92.0
      ゲート n= 577 20.61件/日 表示的中 27.04% 払戻中央   26,760 10万+/日 0.071 ROI  86.9  Δ表示的中 +1.14 [-0.79,+2.99]  対照20seed に 18/20 勝（対照中央 25.65%）
  G2f 確定: mk_axis 下位1/3 を落とす [後半 08-14〜09-10] 落とす 33.3%
      全部   n=1173 41.89件/日 表示的中 25.15% 払戻中央   24,960 10万+/日 0.143 ROI  82.1
      ゲート n= 782 27.93件/日 表示的中 27.62% 払戻中央   24,430 10万+/日 0.036 ROI  78.1  Δ表示的中 +2.47 [+0.79,+4.05]  対照20seed に 20/20 勝（対照中央 24.87%）
