############################################################
# 546 iAI -居合-  詳細取得 232件 (窓内 216 / 10万+ 37)
-- 窓内サンプル(外れ含む・10万+除く)  n=195
   券種(商品数) [(('3連単',), 195)]
   点数: n=195 min=1 p10=2 中央=6 p90=17 max=44
   total_bet: n=195 min=1000 p10=9000 中央=9900 p90=10000 max=10000
   均等配分(unit_min==max) 195/195 = 100.0%
   unit_min: n=195 min=200 p10=500 中央=1600 p90=5000 max=10000
   unit_max: n=195 min=200 p10=500 中央=1600 p90=5000 max=10000
   mode(商品数・重複可) [('フォーメーション', 195)]
   cols形(行数) [((1, 1, 2), 376), ((1, 1, 1), 224), ((1, 1, 3), 140), ((1, 1, 4), 60), ((1, 1, 5), 15), ((1, 1, 6), 4)]
   1着候補の車数(行) [(1, 819)]
   商品内の1着候補ユニーク車数 [(1, 64), (2, 78), (3, 32), (4, 17), (5, 3), (6, 1)]
   1行あたり点数: n=819 min=1 p10=1 中央=2 p90=3 max=6
   行数/商品: n=195 min=1 p10=1 中央=4 p90=8 max=15
-- 窓内サンプル(全)  n=216
   券種(商品数) [(('3連単',), 216)]
   点数: n=216 min=1 p10=2 中央=7.0 p90=18 max=44
   total_bet: n=216 min=1000 p10=9000 中央=9900.0 p90=10000 max=10000
   均等配分(unit_min==max) 216/216 = 100.0%
   unit_min: n=216 min=200 p10=500 中央=1400.0 p90=5000 max=10000
   unit_max: n=216 min=200 p10=500 中央=1400.0 p90=5000 max=10000
   mode(商品数・重複可) [('フォーメーション', 216)]
   cols形(行数) [((1, 1, 2), 424), ((1, 1, 1), 250), ((1, 1, 3), 153), ((1, 1, 4), 66), ((1, 1, 5), 18), ((1, 1, 6), 4)]
   1着候補の車数(行) [(1, 915)]
   商品内の1着候補ユニーク車数 [(1, 73), (2, 84), (3, 35), (4, 19), (5, 4), (6, 1)]
   1行あたり点数: n=915 min=1 p10=1 中央=2 p90=3 max=6
   行数/商品: n=216 min=1 p10=1 中央=4.0 p90=8 max=15
-- 10万+的中  n=37
   券種(商品数) [(('3連単',), 37)]
   点数: n=37 min=1 p10=2 中央=7 p90=13 max=29
   total_bet: n=37 min=8700 p10=9600 中央=9900 p90=10000 max=10000
   均等配分(unit_min==max) 37/37 = 100.0%
   unit_min: n=37 min=300 p10=700 中央=1400 p90=5000 max=10000
   unit_max: n=37 min=300 p10=700 中央=1400 p90=5000 max=10000
   mode(商品数・重複可) [('フォーメーション', 37)]
   cols形(行数) [((1, 1, 2), 74), ((1, 1, 1), 45), ((1, 1, 3), 21), ((1, 1, 4), 7), ((1, 1, 5), 4)]
   1着候補の車数(行) [(1, 151)]
   商品内の1着候補ユニーク車数 [(1, 14), (2, 14), (3, 6), (4, 2), (5, 1)]
   1行あたり点数: n=151 min=1 p10=1 中央=2 p90=3 max=5
   行数/商品: n=37 min=1 p10=1 中央=4 p90=7 max=14
-- 10万+の分解
   20260905 青森8R Ｓ級 特選          払戻 920920 = 賭金  700 x  1315.6倍  券種3連単 点数 13 unit700-700
   20260830 四日市8R Ａ級 特一般         払戻 735600 = 賭金 2000 x   367.8倍  券種3連単 点数  5 unit2000-2000
   20260826 松阪3R Ａ級 チャレンジ準決勝    払戻 633930 = 賭金 3300 x   192.1倍  券種3連単 点数  3 unit3300-3300
   20260905 富山1R Ａ級 一般          払戻 580500 = 賭金 5000 x   116.1倍  券種3連単 点数  2 unit5000-5000
   20260807 伊東温泉6R Ａ級 特一般         払戻 518900 = 賭金 1000 x   518.9倍  券種3連単 点数 10 unit1000-1000
   20260901 岐阜2R Ａ級 一般          払戻 502590 = 賭金 1100 x   456.9倍  券種3連単 点数  9 unit1100-1100
   20260823 防府9R Ｓ級 予選          払戻 390000 = 賭金10000 x    39.0倍  券種3連単 点数  1 unit10000-10000
   20260816 伊東温泉7R Ａ級 特予選         払戻 386210 = 賭金 1100 x   351.1倍  券種3連単 点数  9 unit1100-1100
   20260822 松山3R Ａ級 チャレンジ準決勝    払戻 381810 = 賭金 3300 x   115.7倍  券種3連単 点数  3 unit3300-3300
   20260904 富山2R Ａ級 一般          払戻 354530 = 賭金 1100 x   322.3倍  券種3連単 点数  9 unit1100-1100
   20260819 大垣6R Ｓ級 一般          払戻 286110 = 賭金 3300 x    86.7倍  券種3連単 点数  3 unit3300-3300
   20260822 富山9R Ｓ級 特選          払戻 271050 = 賭金  500 x   542.1倍  券種3連単 点数 18 unit500-500
   20260804 小田原2R Ｓ級 一般          払戻 246000 = 賭金10000 x    24.6倍  券種3連単 点数  1 unit10000-10000
   20260825 松戸9R Ｓ級 特選          払戻 245400 = 賭金 2000 x   122.7倍  券種3連単 点数  5 unit2000-2000
   20260905 青森4R Ｓ級 選抜          払戻 228900 = 賭金  300 x   763.0倍  券種3連単 点数 29 unit300-300
   20260828 小倉12R Ｓ級 初日特別選抜      払戻 222750 = 賭金 1100 x   202.5倍  券種3連単 点数  9 unit1100-1100
   20260819 川崎8R Ｓ級 予選          払戻 208200 = 賭金 2000 x   104.1倍  券種3連単 点数  5 unit2000-2000
   20260904 立川11R Ｓ級 準決勝         払戻 199000 = 賭金 2000 x    99.5倍  券種3連単 点数  5 unit2000-2000
   20260815 奈良4R Ａ級 準決勝         払戻 194040 = 賭金 3300 x    58.8倍  券種3連単 点数  3 unit3300-3300
   20260903 青森9R Ｓ級 一次予選        払戻 193480 = 賭金 1400 x   138.2倍  券種3連単 点数  7 unit1400-1400
   20260902 宇都宮9R Ｓ級 特選          払戻 192280 = 賭金  400 x   480.7倍  券種3連単 点数 25 unit400-400
   20260812 青森7R Ａ級 予選          払戻 182560 = 賭金 1400 x   130.4倍  券種3連単 点数  7 unit1400-1400
   20260804 奈良4R Ａ級 チャレンジ選抜     払戻 182160 = 賭金 1200 x   151.8倍  券種3連単 点数  8 unit1200-1200
   20260822 立川5R Ａ級 チャレンジ予選     払戻 176500 = 賭金 1000 x   176.5倍  券種3連単 点数 10 unit1000-1000
   20260825 岐阜9R Ｓ級 一般          払戻 174510 = 賭金  900 x   193.9倍  券種3連単 点数 11 unit900-900
   20260830 小倉6R Ｓ級 一般          払戻 171500 = 賭金 5000 x    34.3倍  券種3連単 点数  2 unit5000-5000
   20260816 前橋7R Ａ級 準決勝         払戻 168700 = 賭金 1000 x   168.7倍  券種3連単 点数 10 unit1000-1000
   20260802 京王閣4R Ａ級 特選          払戻 166740 = 賭金  700 x   238.2倍  券種3連単 点数 13 unit700-700
   20260805 奈良7R Ａ級 チャレンジ決勝     払戻 146640 = 賭金 1200 x   122.2倍  券種3連単 点数  8 unit1200-1200
   20260830 小倉3R Ａ級 特選          払戻 143990 = 賭金 1100 x   130.9倍  券種3連単 点数  9 unit1100-1100
   20260822 富山4R Ａ級 特選          払戻 137400 = 賭金 2000 x    68.7倍  券種3連単 点数  5 unit2000-2000
   20260803 広島4R Ａ級 予選          払戻 118600 = 賭金 2000 x    59.3倍  券種3連単 点数  5 unit2000-2000
   20260812 熊本4R Ａ級 準決勝         払戻 116000 = 賭金10000 x    11.6倍  券種3連単 点数  1 unit10000-10000
   20260801 佐世保6R Ｓ級 一般          払戻 115830 = 賭金 3300 x    35.1倍  券種3連単 点数  3 unit3300-3300
   20260901 松戸3R Ａ級 チャレンジ予選     払戻 111300 = 賭金  500 x   222.6倍  券種3連単 点数 20 unit500-500
   20260804 奈良1R Ａ級 チャレンジ一般     払戻 109620 = 賭金  900 x   121.8倍  券種3連単 点数 11 unit900-900
   20260805 奈良1R Ａ級 チャレンジ一般     払戻 101920 = 賭金 1400 x    72.8倍  券種3連単 点数  7 unit1400-1400
   的中倍率: n=37 min=11.6 p10=39.0 中央=130.9 p90=480.7 max=1315.6
   的中点の賭金: n=37 min=300 p10=700 中央=1400 p90=5000 max=10000
   集中型(賭金>=3000) 10/37   倍率型(倍率>=200) 12/37
-- 的中目の印構成（10万+）
    ◎-無-無 17
    ○-無-無 6
    ◎-○-無 2
    ○-◎-無 2
    ▲-無-○ 1
    ▲-○-無 1
    ○-無-◎ 1
    ▲-◎-○ 1
    ▲-◎-無 1
    ◎-無-○ 1
    ▲-無-無 1
    ◎-注-無 1
############################################################
# 583 LONELYWOLF  詳細取得 203件 (窓内 194 / 10万+ 22)
-- 窓内サンプル(外れ含む・10万+除く)  n=181
   券種(商品数) [(('3連単',), 181)]
   点数: n=181 min=5 p10=11 中央=11 p90=12 max=12
   total_bet: n=181 min=5200 p10=10000 中央=10000 p90=10000 max=10000
   均等配分(unit_min==max) 0/181 = 0.0%
   傾斜比(max/min): n=181 min=3.0 p10=3.0 中央=3.0 p90=4.2 max=4.2
   unit_min: n=181 min=500 p10=500 中央=500 p90=500 max=500
   unit_max: n=181 min=1500 p10=1500 中央=1500 p90=2100 max=2100
   mode(商品数・重複可) [('フォーメーション', 181), ('通常', 81)]
   cols形(行数) [((1, 1, 2), 278), ((1, 1, 3), 256), ((1, 1, 4), 100), ((1, 1, 1), 4)]
   1着候補の車数(行) [(1, 638)]
   商品内の1着候補ユニーク車数 [(1, 5), (2, 176)]
   1行あたり点数: n=960 min=1 p10=1 中央=2.0 p90=4 max=4
   行数/商品: n=181 min=4 p10=4 中央=4 p90=7 max=7
-- 窓内サンプル(全)  n=194
   券種(商品数) [(('3連単',), 194)]
   点数: n=194 min=5 p10=11 中央=11.0 p90=12 max=12
   total_bet: n=194 min=5200 p10=10000 中央=10000.0 p90=10000 max=10000
   均等配分(unit_min==max) 0/194 = 0.0%
   傾斜比(max/min): n=194 min=3.0 p10=3.0 中央=3.0 p90=4.2 max=4.2
   unit_min: n=194 min=500 p10=500 中央=500.0 p90=500 max=500
   unit_max: n=194 min=1500 p10=1500 中央=1500.0 p90=2100 max=2100
   mode(商品数・重複可) [('フォーメーション', 194), ('通常', 86)]
   cols形(行数) [((1, 1, 2), 299), ((1, 1, 3), 274), ((1, 1, 4), 108), ((1, 1, 1), 4)]
   1着候補の車数(行) [(1, 685)]
   商品内の1着候補ユニーク車数 [(1, 5), (2, 189)]
   1行あたり点数: n=1027 min=1 p10=1 中央=2 p90=4 max=4
   行数/商品: n=194 min=4 p10=4 中央=4.0 p90=7 max=7
-- 10万+的中  n=22
   券種(商品数) [(('3連単',), 22)]
   点数: n=22 min=11 p10=11 中央=11.0 p90=12 max=12
   total_bet: n=22 min=10000 p10=10000 中央=10000.0 p90=10000 max=10000
   均等配分(unit_min==max) 0/22 = 0.0%
   傾斜比(max/min): n=22 min=3.0 p10=3.0 中央=3.0 p90=4.2 max=4.2
   unit_min: n=22 min=500 p10=500 中央=500.0 p90=500 max=500
   unit_max: n=22 min=1500 p10=1500 中央=1500.0 p90=2100 max=2100
   mode(商品数・重複可) [('フォーメーション', 22), ('通常', 10)]
   cols形(行数) [((1, 1, 2), 34), ((1, 1, 3), 32), ((1, 1, 4), 12)]
   1着候補の車数(行) [(1, 78)]
   商品内の1着候補ユニーク車数 [(2, 22)]
   1行あたり点数: n=118 min=1 p10=1 中央=2.0 p90=3 max=4
   行数/商品: n=22 min=4 p10=4 中央=4.0 p90=7 max=7
-- 10万+の分解
   20260810 川崎7R Ａ級 準決勝         払戻 771540 = 賭金 2100 x   367.4倍  券種3連単 点数 12 unit500-2100
   20260816 松山1R Ｓ級 選抜          払戻 423720 = 賭金  600 x   706.2倍  券種3連単 点数 11 unit500-1500
   20260805 玉野6R Ａ級 チャレンジ選抜     払戻 404200 = 賭金 1000 x   404.2倍  券種3連単 点数 12 unit500-2100
   20260903 立川9R Ｓ級 予選          払戻 267000 = 賭金 1500 x   178.0倍  券種3連単 点数 11 unit500-1500
   20260821 松山6R Ａ級 特予選         払戻 255700 = 賭金  500 x   511.4倍  券種3連単 点数 12 unit500-2100
   20260821 富山10R Ｓ級 準決勝         払戻 228000 = 賭金 1500 x   152.0倍  券種3連単 点数 11 unit500-1500
   20260905 武雄7R Ｓ級 一般          払戻 212850 = 賭金 1500 x   141.9倍  券種3連単 点数 11 unit500-1500
   20260822 大垣5R Ａ級 選抜          払戻 211470 = 賭金 2100 x   100.7倍  券種3連単 点数 12 unit500-2100
   20260828 小松島8R Ａ級 準決勝         払戻 210880 = 賭金  800 x   263.6倍  券種3連単 点数 12 unit500-2100
   20260805 小松島12R Ｓ級 準決勝         払戻 179550 = 賭金 1500 x   119.7倍  券種3連単 点数 11 unit500-1500
   20260830 川崎12R Ｓ級 初日特別選抜      払戻 179050 = 賭金  500 x   358.1倍  券種3連単 点数 11 unit500-1500
   20260822 富山7R Ｓ級 一般          払戻 176100 = 賭金 1500 x   117.4倍  券種3連単 点数 11 unit500-1500
   20260826 玉野8R Ｓ級 予選          払戻 170280 = 賭金  600 x   283.8倍  券種3連単 点数 11 unit500-1500
   20260902 松山12R Ｓ級 決勝          払戻 139050 = 賭金 1500 x    92.7倍  券種3連単 点数 11 unit500-1500
   20260822 松山5R Ａ級 特一般         払戻 137350 = 賭金  500 x   274.7倍  券種3連単 点数 12 unit500-2100
   20260818 高知12R Ｓ級 初日特別選抜      払戻 133500 = 賭金 1500 x    89.0倍  券種3連単 点数 11 unit500-1500
   20260813 弥彦9R Ｓ級 特選          払戻 132600 = 賭金  600 x   221.0倍  券種3連単 点数 11 unit500-1500
   20260902 松山9R Ｓ級 特選          払戻 122520 = 賭金  600 x   204.2倍  券種3連単 点数 11 unit500-1500
   20260817 前橋6R Ａ級 特選          払戻 122500 = 賭金 1000 x   122.5倍  券種3連単 点数 12 unit500-2100
   20260826 青森6R Ａ級 チャレンジ選抜     払戻 109830 = 賭金 2100 x    52.3倍  券種3連単 点数 12 unit500-2100
   20260819 弥彦4R Ａ級 一般          払戻 105680 = 賭金  800 x   132.1倍  券種3連単 点数 12 unit500-2100
   20260818 弥彦9R Ａ級 初日特別選抜      払戻 100480 = 賭金  800 x   125.6倍  券種3連単 点数 12 unit500-2100
   的中倍率: n=22 min=52.3 p10=92.7 中央=165.0 p90=404.2 max=706.2
   的中点の賭金: n=22 min=500 p10=500 中央=1000.0 p90=2100 max=2100
   集中型(賭金>=3000) 0/22   倍率型(倍率>=200) 10/22
-- 的中目の印構成（10万+）
    ◎-○-無 7
    ○-◎-無 6
    ◎-無-無 2
    ○-◎-▲ 1

===== 見解テキスト（例） =====
--- 546 iAI -居合-
   [20260801 佐世保6R] iAIは穴を10~50点で仕留めるのが基本スタンスです。 買い目を絞る場合はオッズが低い買い目やiAIランクの低い選手が1着の買い目を外してください。
--- 583 LONELYWOLF
   [20260805 玉野6R] 岡山85期の井上剛選手が本命 宮道良輔選手の先行力を活かして井上剛選手が番手から抜け出しを狙う そこに 鶴健志選手が着に絡めば 高配当のチャンス ・買い目について LONELYWOLFの予想は独自のスコア（非公開）を元に内部で指数化して、その順位順に印を決め、買い目を決定しています。 見解の展開予想の買い目だけではなく、シミュレーションを元に相性の良い買い目も加えています。 男子競輪の場合、ラインとしての役割よりも選手本人の潜在能力が重視されることもありますので買い目についてはお好みで適宜調整いただくことをオススメします。
   [20260805 小松島12R] 福岡103期の小川賢人選手が本命 佐藤壮志選手の先行力を活かして小川賢人選手が番手から抜け出しを狙う そこに 外田心斗選手が着に絡めば 組み合わせ次第で高配当も ・買い目について LONELYWOLFの予想は独自のスコア（非公開）を元に内部で指数化して、その順位順に印を決め、買い目を決定しています。 見解の展開予想の買い目だけではなく、シミュレーションを元に相性の良い買い目も加えています。 男子競輪の場合、ラインとしての役割よりも選手本人の潜在能力が重視されることもありますので買い目についてはお好みで適宜調整いただくことをオススメします。
   [20260810 川崎7R] 北海道94期の外崎一成選手が本命 福田健太選手の先行力を活かして外崎一成選手が番手から抜け出しを狙う そこに 坪内恒選手が着に絡めば 高配当のチャンス ・買い目について LONELYWOLFの予想は独自のスコア（非公開）を元に内部で指数化して、その順位順に印を決め、買い目を決定しています。 見解の展開予想の買い目だけではなく、シミュレーションを元に相性の良い買い目も加えています。 男子競輪の場合、ラインとしての役割よりも選手本人の潜在能力が重視されることもありますので買い目についてはお好みで適宜調整いただくことをオススメします。
   [20260813 弥彦9R] 青森98期の新山将史選手が本命 木村佑来選手の先行力を活かして新山将史選手が番手から抜け出しを狙う そこに 青木瑞樹選手が着に絡めば 組み合わせ次第で高配当も ・買い目について LONELYWOLFの予想は独自のスコア（非公開）を元に内部で指数化して、その順位順に印を決め、買い目を決定しています。 見解の展開予想の買い目だけではなく、シミュレーションを元に相性の良い買い目も加えています。 男子競輪の場合、ラインとしての役割よりも選手本人の潜在能力が重視されることもありますので買い目についてはお好みで適宜調整いただくことをオススメします。
   [20260816 松山1R] 熊本117期の松本秀之介選手が本命 後藤大輝選手の先行力を活かして松本秀之介選手が番手から抜け出しを狙う そこに 根田空史選手が着に絡めば 別線の組み合わせで高配当も ・買い目について LONELYWOLFの予想は独自のスコア（非公開）を元に内部で指数化して、その順位順に印を決め、買い目を決定しています。 見解の展開予想の買い目だけではなく、シミュレーションを元に相性の良い買い目も加えています。 男子競輪の場合、ラインとしての役割よりも選手本人の潜在能力が重視されることもありますので買い目についてはお好みで適宜調整いただくことをオススメします。
   [20260817 前橋6R] 京都117期の村田瑞季選手が本命 村田瑞季選手と別線の松田昂己選手との組み合わせが中心 そこに 相笠翔太選手が着に絡めば 別線の組み合わせで高配当も ・買い目について LONELYWOLFの予想は独自のスコア（非公開）を元に内部で指数化して、その順位順に印を決め、買い目を決定しています。 見解の展開予想の買い目だけではなく、シミュレーションを元に相性の良い買い目も加えています。 男子競輪の場合、ラインとしての役割よりも選手本人の潜在能力が重視されることもありますので買い目についてはお好みで適宜調整いただくことをオススメします。


########## 追加分析 ##########
=======================================================
# 546 iAI -居合-
-- 点数バケツ（窓内サンプル / 10万+）
         1  サンプル  20 (  9.3%)   10万+   3
       2-3  サンプル  35 ( 16.2%)   10万+   7
       4-6  サンプル  52 ( 24.1%)   10万+   6
      7-10  サンプル  37 ( 17.1%)   10万+  13
     11-15  サンプル  40 ( 18.5%)   10万+   4
     16-25  サンプル  25 ( 11.6%)   10万+   3
    26-999  サンプル   7 (  3.2%)   10万+   1
-- 1点あたり賭金バケツ（窓内サンプル / 10万+）
                0-499  サンプル  19   10万+   2
              500-999  サンプル  53   10万+   6
            1000-1999  サンプル  49   10万+  13
            2000-2999  サンプル  40   10万+   6
            3000-4999  サンプル  26   10万+   5
            5000-9999  サンプル   9   10万+   2
     10000-1000000000  サンプル  20   10万+   3
-- レース種別（窓内サンプル / 10万+）
     予選  サンプル  58 ( 26.9%)   10万+   8
     一般  サンプル  54 ( 25.0%)   10万+  12
    準決勝  サンプル  32 ( 14.8%)   10万+   6
     選抜  サンプル  30 ( 13.9%)   10万+   3
     特選  サンプル  26 ( 12.0%)   10万+   7
     決勝  サンプル  16 (  7.4%)   10万+   1
      他  サンプル   0 (  0.0%)   10万+   0
-- 公開時刻帯 × 点数中央（窓内サンプル）
   03時  n= 55  点数中央 7
   04時  n=118  点数中央 6.0
   13時  n=  7  点数中央 10
   14時  n= 23  点数中央 5
   16時  n=  3  点数中央 7
   17時  n=  3  点数中央 8
   18時  n=  2  点数中央 7.0
   19時  n=  5  点数中央 7
-- 買い目の車数構成（窓内サンプル・商品ごとのユニーク車）
   1着候補ユニーク車数 [(1, 73), (2, 84), (3, 35), (4, 19), (5, 4), (6, 1)]
   2着候補ユニーク車数 [(1, 36), (2, 38), (3, 71), (4, 71)]
   3着候補ユニーク車数 [(1, 20), (2, 23), (3, 41), (4, 31), (5, 21), (6, 41), (7, 32), (8, 5), (9, 2)]
-- 印の使われ方（窓内サンプル）
   印の個数分布 [(1, 73), (2, 84), (3, 35), (4, 19), (5, 4), (6, 1)]
   1着に置いた印の組合せ [('○+◎', 84), ('◎', 73), ('▲+○+◎', 35), ('▲+○+◎+注', 19), ('Icon_Hoshi+▲+○+◎+注', 4), ('Icon_Hoshi+Icon_Hoshi+▲+○+◎+注', 1)]
-- 的中(窓内サンプル・一覧payout>0)の内訳
   的中 27/216
   20260905 青森8R 払戻 920920 点数 13 unit700 倍率1315.6
   20260830 四日市8R 払戻 735600 点数  5 unit2000 倍率367.8
   20260826 松阪3R 払戻 633930 点数  3 unit3300 倍率192.1
   20260905 富山1R 払戻 580500 点数  2 unit5000 倍率116.1
   20260901 岐阜2R 払戻 502590 点数  9 unit1100 倍率456.9
   20260823 防府9R 払戻 390000 点数  1 unit10000 倍率39.0
   20260822 松山3R 払戻 381810 点数  3 unit3300 倍率115.7
   20260904 富山2R 払戻 354530 点数  9 unit1100 倍率322.3
   20260822 富山9R 払戻 271050 点数 18 unit500 倍率542.1
   20260825 松戸9R 払戻 245400 点数  5 unit2000 倍率122.7
   20260905 青森4R 払戻 228900 点数 29 unit300 倍率763.0
   20260828 小倉12R 払戻 222750 点数  9 unit1100 倍率202.5
=======================================================
# 583 LONELYWOLF
-- 点数バケツ（窓内サンプル / 10万+）
         1  サンプル   0 (  0.0%)   10万+   0
       2-3  サンプル   0 (  0.0%)   10万+   0
       4-6  サンプル   1 (  0.5%)   10万+   0
      7-10  サンプル   7 (  3.6%)   10万+   0
     11-15  サンプル 186 ( 95.9%)   10万+  22
     16-25  サンプル   0 (  0.0%)   10万+   0
    26-999  サンプル   0 (  0.0%)   10万+   0
-- 1点あたり賭金バケツ（窓内サンプル / 10万+）
                0-499  サンプル   0   10万+   0
              500-999  サンプル 194   10万+  22
            1000-1999  サンプル   0   10万+   0
            2000-2999  サンプル   0   10万+   0
            3000-4999  サンプル   0   10万+   0
            5000-9999  サンプル   0   10万+   0
     10000-1000000000  サンプル   0   10万+   0
-- レース種別（窓内サンプル / 10万+）
     予選  サンプル  63 ( 32.5%)   10万+   3
     一般  サンプル  44 ( 22.7%)   10万+   4
    準決勝  サンプル  25 ( 12.9%)   10万+   4
     選抜  サンプル  31 ( 16.0%)   10万+   7
     特選  サンプル  21 ( 10.8%)   10万+   3
     決勝  サンプル   8 (  4.1%)   10万+   1
      他  サンプル   2 (  1.0%)   10万+   0
-- 公開時刻帯 × 点数中央（窓内サンプル）
   00時  n=101  点数中央 11
   01時  n= 39  点数中央 11
   02時  n=  1  点数中央 12
   03時  n=  9  点数中央 11
   11時  n= 29  点数中央 12
   12時  n= 13  点数中央 12
   13時  n=  2  点数中央 12.0
-- 買い目の車数構成（窓内サンプル・商品ごとのユニーク車）
   1着候補ユニーク車数 [(1, 5), (2, 189)]
   2着候補ユニーク車数 [(2, 5), (3, 81), (4, 108)]
   3着候補ユニーク車数 [(3, 1), (4, 88), (5, 105)]
-- 印の使われ方（窓内サンプル）
   印の個数分布 [(3, 194)]
   1着に置いた印の組合せ [('○+◎', 189), ('○', 5)]
-- 的中(窓内サンプル・一覧payout>0)の内訳
   的中 38/194
   20260903 立川9R 払戻 267000 点数 11 unit500 倍率178.0
   20260821 松山6R 払戻 255700 点数 12 unit500 倍率511.4
   20260821 富山10R 払戻 228000 点数 11 unit500 倍率152.0
   20260905 武雄7R 払戻 212850 点数 11 unit500 倍率141.9
   20260822 大垣5R 払戻 211470 点数 12 unit500 倍率100.7
   20260828 小松島8R 払戻 210880 点数 12 unit500 倍率263.6
   20260830 川崎12R 払戻 179050 点数 11 unit500 倍率358.1
   20260822 富山7R 払戻 176100 点数 11 unit500 倍率117.4
   20260826 玉野8R 払戻 170280 点数 11 unit500 倍率283.8
   20260902 松山12R 払戻 139050 点数 11 unit500 倍率92.7
   20260822 松山5R 払戻 137350 点数 12 unit500 倍率274.7
   20260902 松山9R 払戻 122520 点数 11 unit500 倍率204.2


########## comment別の商品設計（詳細ベース・窓内サンプル＋10万+） ##########
============================================================
# 546 iAI -居合-
comment                           n   点数中央  点数p10  点数p90  unit中央        unit範囲    均等%
抜けた選手でしっかり仕留める                   66    7.0      3     17    1400    300-10000    100%
頭絞って狙う                           59    3.0      1      6    3300    900-10000    100%
この2人に期待                          58    7.0      3     13    1400    400-5000     100%
混戦模様で手広く                         35   14.0      6     26     700    200-3300     100%
【推奨レース】期待値Sの選手複数                 14   14.0      6     25     700    300-2000     100%
============================================================
# 583 LONELYWOLF
comment                           n   点数中央  点数p10  点数p90  unit中央        unit範囲    均等%
狙い目の選手からの抜け出しを狙う                 53   11.0     11     12     500    500-500        0%
展開次第で番手から抜け出しもある                 49   11.0     11     12     500    500-500        0%
本命と対抗の直線勝負                       36   11.0     11     12     500    500-500        0%
先行同士が抜けている                       28   11.0     11     12     500    500-500        0%
別線同士が絡めば配当妙味有                    21   11.0     11     12     500    500-500        0%
選手の能力を総合的に重視                     11   12.0     11     12     500    500-500        0%
単騎の選手が絡んでくる                       2   11.5     11     12     500    500-500        0%
単騎にもチャンスが巡る                       1   12.0     12     12     500    500-500        0%
番手にもチャンスが巡ってくるが                   1   11.0     11     11     500    500-500        0%
展開向けばそのまま逃げ切りも                    1   11.0     11     11     500    500-500        0%
