対象 36,237R のうち 印(◎○が各1車)取得 36,237R 除外 0R (0.00%)
  ◎○ = モデル軸2車(p3上位2車) と一致: 79.06%  ◎ = p3 1位: 89.87%  ◎ = pw 1位: 97.47%

===== explore  n=25,833 =====
[A1] 1着が◎○以外 (y): 31.21%   ◎が1着 47.98%  ○が1着 20.81%
  型別: A:17.53%(n=5692)  B:23.72%(n=3191)  C:27.71%(n=5481)  D:40.74%(n=1291)  E:39.10%(n=1941)  F:42.54%(n=8237)
  axis_sum五分位(探索窓の分位): Q1:46.39%  Q2:38.54%  Q3:32.53%  Q4:25.88%  Q5:12.72%
[A2] 三連単オッズ  全体: n=25,833 中央 35.9倍 p75 106.0 p90 285.1 100倍+ 26.18% 300倍+ 9.48% 万車券(100倍+) 同左
     y=1 (1着◎○以外): n=8,063 中央 113.9倍 p75 277.6 p90 651.3 100倍+ 54.24% 300倍+ 23.08% 万車券(100倍+) 同左
     y=0 (1着◎○): n=17,770 中央 19.9倍 p75 53.8 p90 130.5 100倍+ 13.44% 300倍+ 3.30% 万車券(100倍+) 同左
[A3] 2×2 (行=1着が◎○以外 / 列=◎or○が2-3着)
mk23   False  True 
y                  
False   5464  12306
True    1930   6133
mk23   False  True 
y                  
False  21.15  47.64
True    7.47  23.74
     本命母集団 y∧mk23: 23.74%  そのうち◎○両方2-3着 23.32% ◎が2-3着 69.82%  ○が2-3着 53.50%
     配当 y∧mk23: n=6,133 中央 98.4倍 p75 226.5 p90 509.3 100倍+ 49.57% 300倍+ 18.18% 万車券(100倍+) 同左
     配当 y∧¬mk23(◎○とも3着外): n=1,930 中央 199.3倍 p75 499.8 p90 1074.0 100倍+ 69.07% 300倍+ 38.65% 万車券(100倍+) 同左
     配当 y∧両方2-3着: n=1,430 中央 62.8倍 p75 127.1 p90 254.5 100倍+ 32.24% 300倍+ 7.41% 万車券(100倍+) 同左   y∧片方だけ: n=4,703 中央 114.3倍 p75 262.4 p90 573.5 100倍+ 54.84% 300倍+ 21.45% 万車券(100倍+) 同左
     型別 y∧mk23 割合: A:14.09%  B:19.24%  C:21.97%  D:30.05%  E:28.34%  F:31.26%
[A4] y=1 のときの1着車のモデル側順位
     pw順位: 1:0.8%  2:18.4%  3:29.0%  4:22.7%  5:15.2%  6:9.6%  7:4.4%
     p3順位: 1:1.6%  2:11.5%  3:28.3%  4:24.1%  5:17.5%  6:11.0%  7:6.1%
     競走得点順位: 1:5.6%  2:15.1%  3:20.7%  4:20.9%  5:16.5%  6:12.0%  7:9.3%
     1着車の印: 無:35.4%  ▲:37.3%  △:27.3%
     1着車のライン位置: 1:55.8%  2:36.2%  3:7.8%  4:0.2%
     1着車が◎と同ライン 16.94%  ○と同ライン 16.19%
     1着車が pw1位 (◎○以外なのにモデル1位): 0.78%  pw上位2位以内 19.19%  pw上位3位以内 48.21%
     ◎の pw 順位 (y=1): 1:96.4%  2:3.4%  3:0.2%  4:0.0%
     ◎の pw 順位 (y=0): 1:97.5%  2:2.4%  3:0.1%  4:0.0%
[A4b] pw(◎) と pw(1着車) の分布 (正規化 pw)
     y=0: pw◎ 中央 0.471 p25 0.397 p75 0.560 | pw○ 中央 0.209 | pw(1着) 中央 0.423 p25 0.293 p75 0.537 | pw_max_other 中央 0.134 | 1-pw◎-pw○ 中央 0.304
     y=1: pw◎ 中央 0.416 p25 0.355 p75 0.484 | pw○ 中央 0.199 | pw(1着) 中央 0.112 p25 0.064 p75 0.170 | pw_max_other 中央 0.164 | 1-pw◎-pw○ 中央 0.378
     y∧mk23: pw◎ 中央 0.418 p25 0.356 p75 0.487 | pw○ 中央 0.201 | pw(1着) 中央 0.113 p25 0.065 p75 0.170 | pw_max_other 中央 0.163 | 1-pw◎-pw○ 中央 0.374
[A4c] 較正: 1-pw◎-pw○ 十分位 → 実測 y
     D1:0.122/0.068  D2:0.193/0.159  D3:0.240/0.213  D4:0.280/0.262  D5:0.314/0.306  D6:0.345/0.334  D7:0.376/0.374  D8:0.410/0.430  D9:0.451/0.461  D10:0.523/0.514

===== confirm  n=10,404 =====
[A1] 1着が◎○以外 (y): 32.58%   ◎が1着 45.98%  ○が1着 21.43%
  型別: A:21.04%(n=2415)  B:23.83%(n=1309)  C:28.47%(n=1921)  D:40.86%(n=744)  E:41.86%(n=946)  F:43.11%(n=3069)
  axis_sum五分位(探索窓の分位): Q1:46.65%  Q2:40.35%  Q3:34.22%  Q4:25.94%  Q5:14.31%
[A2] 三連単オッズ  全体: n=10,404 中央 38.1倍 p75 108.6 p90 284.6 100倍+ 26.78% 300倍+ 9.39% 万車券(100倍+) 同左
     y=1 (1着◎○以外): n=3,390 中央 112.4倍 p75 268.4 p90 631.2 100倍+ 53.95% 300倍+ 22.54% 万車券(100倍+) 同左
     y=0 (1着◎○): n=7,014 中央 21.4倍 p75 55.3 p90 130.1 100倍+ 13.64% 300倍+ 3.04% 万車券(100倍+) 同左
[A3] 2×2 (行=1着が◎○以外 / 列=◎or○が2-3着)
mk23   False  True 
y                  
False   2139   4875
True     833   2557
mk23   False  True 
y                  
False  20.56  46.86
True    8.01  24.58
     本命母集団 y∧mk23: 24.58%  そのうち◎○両方2-3着 22.96% ◎が2-3着 68.75%  ○が2-3着 54.20%
     配当 y∧mk23: n=2,557 中央 97.5倍 p75 215.7 p90 508.1 100倍+ 49.16% 300倍+ 17.99% 万車券(100倍+) 同左
     配当 y∧¬mk23(◎○とも3着外): n=833 中央 188.7倍 p75 489.4 p90 998.9 100倍+ 68.67% 300倍+ 36.49% 万車券(100倍+) 同左
     配当 y∧両方2-3着: n=587 中央 59.0倍 p75 113.3 p90 226.7 100倍+ 29.64% 300倍+ 5.62% 万車券(100倍+) 同左   y∧片方だけ: n=1,970 中央 114.5倍 p75 262.4 p90 582.1 100倍+ 54.97% 300倍+ 21.68% 万車券(100倍+) 同左
     型別 y∧mk23 割合: A:16.19%  B:19.33%  C:22.54%  D:30.24%  E:30.87%  F:31.38%
[A4] y=1 のときの1着車のモデル側順位
     pw順位: 1:0.3%  2:15.5%  3:30.5%  4:23.9%  5:16.0%  6:10.1%  7:3.8%
     p3順位: 1:0.7%  2:8.1%  3:29.5%  4:24.9%  5:18.6%  6:12.0%  7:6.2%
     競走得点順位: 1:6.0%  2:14.2%  3:21.4%  4:20.4%  5:16.3%  6:12.2%  7:9.6%
     1着車の印: 無:36.7%  ▲:36.2%  △:27.1%
     1着車のライン位置: 1:59.1%  2:33.1%  3:7.6%  4:0.2%
     1着車が◎と同ライン 14.37%  ○と同ライン 16.19%
     1着車が pw1位 (◎○以外なのにモデル1位): 0.29%  pw上位2位以内 15.84%  pw上位3位以内 46.31%
     ◎の pw 順位 (y=1): 1:97.9%  2:2.0%  3:0.1%  4:0.0%
     ◎の pw 順位 (y=0): 1:98.5%  2:1.5%  3:0.0%
[A4b] pw(◎) と pw(1着車) の分布 (正規化 pw)
     y=0: pw◎ 中央 0.467 p25 0.398 p75 0.552 | pw○ 中央 0.212 | pw(1着) 中央 0.419 p25 0.286 p75 0.529 | pw_max_other 中央 0.130 | 1-pw◎-pw○ 中央 0.308
     y=1: pw◎ 中央 0.417 p25 0.362 p75 0.484 | pw○ 中央 0.203 | pw(1着) 中央 0.107 p25 0.064 p75 0.161 | pw_max_other 中央 0.160 | 1-pw◎-pw○ 中央 0.375
     y∧mk23: pw◎ 中央 0.420 p25 0.362 p75 0.488 | pw○ 中央 0.204 | pw(1着) 中央 0.109 p25 0.065 p75 0.163 | pw_max_other 中央 0.158 | 1-pw◎-pw○ 中央 0.371
[A4c] 較正: 1-pw◎-pw○ 十分位 → 実測 y
     D1:0.129/0.093  D2:0.199/0.174  D3:0.246/0.232  D4:0.283/0.290  D5:0.316/0.314  D6:0.346/0.352  D7:0.375/0.397  D8:0.405/0.409  D9:0.442/0.494  D10:0.503/0.503
