
===== explore: y=1 n=8,063 (全体の 31.2%) =====
          n  odds_med  p100  p300  w_pw2_4  w_pw2_3  w_pw_med  share_y%  share_all%
pat                                                                                
◎外/○外  1930     199.3  69.1  38.7     66.4     43.9       0.1      23.9         7.5
◎2/○外  1672      95.4  47.9  14.1     72.7     50.1       0.1      20.7         6.5
◎3/○外  1180     110.4  52.4  21.9     71.5     48.9       0.1      14.6         4.6
◎外/○2   976     155.4  64.1  27.9     70.4     47.4       0.1      12.1         3.8
◎外/○3   875     147.4  61.0  27.8     66.1     42.7       0.1      10.9         3.4
◎2/○3   818      55.8  28.2   7.6     73.0     49.9       0.1      10.1         3.2
◎3/○2   612      68.8  37.6   7.2     73.2     51.6       0.1       7.6         2.4
  y∧mk23 のうち 1着車が pw 2〜2位: 18.3%  → 全レース比 4.4%
  y∧mk23 のうち 1着車が pw 2〜3位: 48.5%  → 全レース比 11.5%
  y∧mk23 のうち 1着車が pw 2〜4位: 71.3%  → 全レース比 16.9%
  y∧mk23 のうち 1着車が pw 2〜5位: 85.9%  → 全レース比 20.4%
  y∧mk23 のうち 2着が◎ 40.6%  2着が○ 25.9%  2着が◎○以外 33.5%

===== confirm: y=1 n=3,390 (全体の 32.6%) =====
         n  odds_med  p100  p300  w_pw2_4  w_pw2_3  w_pw_med  share_y%  share_all%
pat                                                                               
◎外/○外  833     188.7  68.7  36.5     66.4     41.8       0.1      24.6         8.0
◎2/○外  648     100.4  50.6  15.3     71.6     45.7       0.1      19.1         6.2
◎3/○外  523     103.6  51.1  22.4     70.0     47.8       0.1      15.4         5.0
◎外/○2  442     142.3  62.4  25.1     70.4     48.0       0.1      13.0         4.2
◎外/○3  357     145.5  59.4  28.0     70.6     45.4       0.1      10.5         3.4
◎2/○3  355      51.3  25.6   4.2     72.4     50.1       0.1      10.5         3.4
◎3/○2  232      68.8  35.8   7.8     71.6     49.1       0.1       6.8         2.2
  y∧mk23 のうち 1着車が pw 2〜2位: 15.8%  → 全レース比 3.9%
  y∧mk23 のうち 1着車が pw 2〜3位: 47.4%  → 全レース比 11.6%
  y∧mk23 のうち 1着車が pw 2〜4位: 71.0%  → 全レース比 17.5%
  y∧mk23 のうち 1着車が pw 2〜5位: 87.1%  → 全レース比 21.4%
  y∧mk23 のうち 2着が◎ 39.2%  2着が○ 26.4%  2着が◎○以外 34.4%
