結合 36,237R（event 36,237 / sibling 36,237）  目的=y 率 31.61%

[B1] 単一量 AUC（符号は y と正相関になる向きへ揃える）
  量                         探索OOS(2025H2)     確認(2026)
  pw_ent                           0.6591       0.6489
  axis_sum                         0.6469       0.6501
  arare                            0.5755       0.5742
  gap                              0.5496       0.5319
  pw_gap12                         0.6075       0.6012
  rp_sd                            0.5750       0.5659
  p_y_model                        0.6697       0.6661
  pw_hon                           0.6434       0.6369
  pw_tai                           0.5348       0.5358
  pw_max_other                     0.6313       0.6406
  p3_hon                           0.6478       0.6484
  p3_tai                           0.6062       0.6130
  hon_is_a1                        0.5193       0.5142
  honta_is_axis                    0.5284       0.5354
  agree                            0.5284       0.5354
  pw_rank_hon                      0.5043       0.5029
  pw_rank_tai                      0.5518       0.5521
  p3_rank_hon                      0.5194       0.5143

[B1b] 多変量ロジスティック（学習→予測は vintage）
  既存6量                                     0.6657 / 0.6613
  1-pw◎-pw○ 単独                             0.6697 / 0.6661
  既存6量 + 1-pw◎-pw○                         0.6728 / 0.6684
  既存6量 + 印由来12量                            0.6726 / 0.6697
  既存6量 + 印由来 + 印配置(ライン/脚質/得点)              0.6738 / 0.6719

[B2] LGB レース単位モデル  特徴 512 列（うち 70列集約 443）
  LGB 既存6量+印由来のみ
    探索OOS: 単体 0.6762  基準(1-pw◎-pw○) 0.6697  基準+LGB 0.6758  増分 +0.0061 [+0.0040,+0.0086]  単体−基準 +0.0065 [+0.0026,+0.0106]  対(既存6量+基準ロジ) 増分 +0.0033 [+0.0016,+0.0051]
    確認: 単体 0.6734  基準(1-pw◎-pw○) 0.6661  基準+LGB 0.6730  増分 +0.0068 [+0.0043,+0.0098]  単体−基準 +0.0073 [+0.0029,+0.0128]  対(既存6量+基準ロジ) 増分 +0.0044 [+0.0027,+0.0065]
  LGB 確率・印配置・構造(70列集約なし)
    探索OOS: 単体 0.6777  基準(1-pw◎-pw○) 0.6697  基準+LGB 0.6776  増分 +0.0079 [+0.0048,+0.0108]  単体−基準 +0.0080 [+0.0025,+0.0130]  対(既存6量+基準ロジ) 増分 +0.0049 [+0.0025,+0.0071]
    確認: 単体 0.6759  基準(1-pw◎-pw○) 0.6661  基準+LGB 0.6740  増分 +0.0079 [+0.0058,+0.0105]  単体−基準 +0.0098 [+0.0059,+0.0144]  対(既存6量+基準ロジ) 増分 +0.0053 [+0.0036,+0.0071]
  LGB 全部
    探索OOS: 単体 0.6786  基準(1-pw◎-pw○) 0.6697  基準+LGB 0.6789  増分 +0.0092 [+0.0057,+0.0122]  単体−基準 +0.0089 [+0.0029,+0.0139]  対(既存6量+基準ロジ) 増分 +0.0059 [+0.0032,+0.0083]
    確認: 単体 0.6747  基準(1-pw◎-pw○) 0.6661  基準+LGB 0.6742  増分 +0.0081 [+0.0058,+0.0110]  単体−基準 +0.0086 [+0.0045,+0.0137]  対(既存6量+基準ロジ) 増分 +0.0055 [+0.0037,+0.0077]
    gain 上位15: p_y_model:26.4%, pw_other_sum:16.0%, pw_ent:4.6%, pw_sum2:3.5%, p3_a1:2.0%, pws0:2.0%, axis_sum:2.0%, sankaku_pw:1.2%, m_line_leader_rp_gap_top:1.2%, s_race_point:1.1%, rp_sd:0.8%, s_line_rp_max:0.8%, pw_max_other:0.8%, s_quin_6m:0.7%, s_win_6m:0.7%

[B3] 二重計上の点検（確認窓・Spearman）
  LGB全部 vs pw_ent         ρ=+0.873
  LGB全部 vs 1-pw◎          ρ=+0.783
  LGB全部 vs 1-pw◎-pw○      ρ=+0.923
  LGB全部 vs axis_sum(負)    ρ=+0.814
  LGB全部 vs pw_max_other   ρ=+0.705
  pw_ent vs 1-pw◎ ρ=+0.881   pw_ent vs 1-pw◎-pw○ ρ=+0.892

[B4] 波乱度の分解: (a)◎○が弱い vs (b)別の車が強い
  explore: (a) 1-pw◎ 0.6434 / 1-pw◎-pw○ 0.6697   (b) pw_max_other 0.6313 / p3_other_max 0.4985   (a)+(b) ロジ 0.6704
  confirm: (a) 1-pw◎ 0.6369 / 1-pw◎-pw○ 0.6661   (b) pw_max_other 0.6406 / p3_other_max 0.5176   (a)+(b) ロジ 0.6654

[B5] LGB全部 の十分位 → 実測 y（確認窓）と払戻
     pred    obs    y23     n  odds_med
dq                                     
0   0.074  0.082  0.069  1041      7.90
1   0.147  0.173  0.141  1040     19.40
2   0.202  0.210  0.162  1040     24.00
3   0.252  0.288  0.235  1041     33.30
4   0.294  0.330  0.252  1040     42.55
5   0.336  0.358  0.262  1040     43.25
6   0.375  0.389  0.309  1041     47.20
7   0.413  0.418  0.310  1040     55.10
8   0.456  0.488  0.356  1040     59.45
9   0.511  0.524  0.360  1041     71.70
