結合 36,237R（event 36,237 / sibling 36,237）  目的=y23 率 23.98%

[B1] 単一量 AUC（符号は y と正相関になる向きへ揃える）
  量                         探索OOS(2025H2)     確認(2026)
  pw_ent                           0.6232       0.6230
  axis_sum                         0.6107       0.6170
  arare                            0.5622       0.5620
  gap                              0.5299       0.5229
  pw_gap12                         0.5943       0.5830
  rp_sd                            0.5465       0.5402
  p_y_model                        0.6345       0.6353
  pw_hon                           0.6183       0.6135
  pw_tai                           0.5201       0.5248
  pw_max_other                     0.6118       0.6174
  p3_hon                           0.6148       0.6132
  p3_tai                           0.5769       0.5876
  hon_is_a1                        0.5189       0.5097
  honta_is_axis                    0.5199       0.5208
  agree                            0.5199       0.5208
  pw_rank_hon                      0.5050       0.5031
  pw_rank_tai                      0.5399       0.5379
  p3_rank_hon                      0.5190       0.5098

[B1b] 多変量ロジスティック（学習→予測は vintage）
  既存6量                                     0.6279 / 0.6299
  1-pw◎-pw○ 単独                             0.6345 / 0.6353
  既存6量 + 1-pw◎-pw○                         0.6353 / 0.6353
  既存6量 + 印由来12量                            0.6374 / 0.6381
  既存6量 + 印由来 + 印配置(ライン/脚質/得点)              0.6474 / 0.6433

[B2] LGB レース単位モデル  特徴 512 列（うち 70列集約 443）
  LGB 既存6量+印由来のみ
    探索OOS: 単体 0.6367  基準(1-pw◎-pw○) 0.6345  基準+LGB 0.6379  増分 +0.0034 [+0.0009,+0.0053]  単体−基準 +0.0022 [-0.0029,+0.0063]  対(既存6量+基準ロジ) 増分 +0.0025 [+0.0002,+0.0047]
    確認: 単体 0.6389  基準(1-pw◎-pw○) 0.6353  基準+LGB 0.6384  増分 +0.0031 [+0.0014,+0.0051]  単体−基準 +0.0036 [-0.0002,+0.0077]  対(既存6量+基準ロジ) 増分 +0.0029 [+0.0011,+0.0046]
  LGB 確率・印配置・構造(70列集約なし)
    探索OOS: 単体 0.6439  基準(1-pw◎-pw○) 0.6345  基準+LGB 0.6425  増分 +0.0080 [+0.0044,+0.0107]  単体−基準 +0.0094 [+0.0022,+0.0148]  対(既存6量+基準ロジ) 増分 +0.0070 [+0.0040,+0.0097]
    確認: 単体 0.6442  基準(1-pw◎-pw○) 0.6353  基準+LGB 0.6421  増分 +0.0068 [+0.0046,+0.0094]  単体−基準 +0.0089 [+0.0043,+0.0140]  対(既存6量+基準ロジ) 増分 +0.0064 [+0.0043,+0.0085]
  LGB 全部
    探索OOS: 単体 0.6445  基準(1-pw◎-pw○) 0.6345  基準+LGB 0.6444  増分 +0.0098 [+0.0053,+0.0135]  単体−基準 +0.0100 [+0.0012,+0.0164]  対(既存6量+基準ロジ) 増分 +0.0084 [+0.0042,+0.0117]
    確認: 単体 0.6430  基準(1-pw◎-pw○) 0.6353  基準+LGB 0.6426  増分 +0.0073 [+0.0044,+0.0104]  単体−基準 +0.0076 [+0.0025,+0.0135]  対(既存6量+基準ロジ) 増分 +0.0068 [+0.0042,+0.0096]
    gain 上位15: p_y_model:23.5%, pw_other_sum:13.6%, pw_ent:3.8%, pw_sum2:3.4%, pws0:2.8%, sankaku_pw:2.4%, p3_a1:2.1%, hontai_same_line:1.8%, pw_max_other:1.4%, x_win_6m:1.3%, m_line_leader_rp_gap_top:1.2%, pw_a1:0.9%, gap:0.8%, a1_win_6m:0.8%, a1_quin_3m:0.7%

[B3] 二重計上の点検（確認窓・Spearman）
  LGB全部 vs pw_ent         ρ=+0.847
  LGB全部 vs 1-pw◎          ρ=+0.781
  LGB全部 vs 1-pw◎-pw○      ρ=+0.899
  LGB全部 vs axis_sum(負)    ρ=+0.765
  LGB全部 vs pw_max_other   ρ=+0.713
  pw_ent vs 1-pw◎ ρ=+0.881   pw_ent vs 1-pw◎-pw○ ρ=+0.892

[B4] 波乱度の分解: (a)◎○が弱い vs (b)別の車が強い
  explore: (a) 1-pw◎ 0.6183 / 1-pw◎-pw○ 0.6345   (b) pw_max_other 0.6118 / p3_other_max 0.4996   (a)+(b) ロジ 0.6358
  confirm: (a) 1-pw◎ 0.6135 / 1-pw◎-pw○ 0.6353   (b) pw_max_other 0.6174 / p3_other_max 0.5135   (a)+(b) ロジ 0.6351

[B5] LGB全部 の十分位 → 実測 y（確認窓）と払戻
     pred    obs    y23     n  odds_med
dq                                     
0   0.062  0.065  0.065  1041      7.90
1   0.119  0.141  0.141  1040     18.55
2   0.161  0.170  0.170  1040     26.10
3   0.198  0.224  0.224  1041     33.90
4   0.230  0.245  0.245  1040     42.70
5   0.258  0.282  0.282  1040     45.45
6   0.282  0.293  0.293  1041     44.70
7   0.307  0.328  0.328  1040     58.00
8   0.335  0.311  0.311  1040     58.05
9   0.384  0.399  0.399  1041     65.70
