
===== confirm: 組めた 10,403R / 入稿母集団(ゲート∧軸ゲート) 7,133R =====
  [全レース] n=7,133 (100.0%)  的中 28.78%  表示的中 27.70%  払戻/投資 84.6%  | ①的中:28.8%  ②順序違い:22.0%  ③相手外し:12.0%  ④軸崩壊:37.2%
  [y∧mk23(1着◎○以外∧◎○2-3着)] n=1,773 (24.9%)  的中 12.63%  表示的中 11.51%  払戻/投資 47.7%  | ①的中:12.6%  ②順序違い:24.3%  ③相手外し:7.0%  ④軸崩壊:56.1%
  [y∧¬mk23(◎○とも3着外)] n=543 (7.6%)  的中 5.34%  表示的中 4.79%  払戻/投資 12.1%  | ①的中:5.3%  ②順序違い:2.4%  ④軸崩壊:92.3%
  [¬y(1着が◎○)] n=4,817 (67.5%)  的中 37.37%  表示的中 36.25%  払戻/投資 106.4%  | ①的中:37.4%  ②順序違い:23.3%  ③相手外し:15.2%  ④軸崩壊:24.1%
  入稿率 y∧mk23: ゲート通過 98.4%  軸ゲート通過 70.9%  両方 69.3%
  入稿率 ¬y: ゲート通過 93.2%  軸ゲート通過 75.3%  両方 68.7%
  [y∧mk23 の内訳] プラン: F_hit:32.9%  C_hit:15.3%  E_hit:12.2%  F_sign:9.7%  D_hit:8.6%  A_ana:7.3%  B_hit:6.7%  A_hit:5.3%  A_trio:2.1%
  [買い目の1着列・三連単 n=1584] 賭け金の配分 ◎ 59.7% ○ 23.6% その他 16.7%  |  決着の1着車を1着列に持っていた 42.2%  買い目のどこかに持っていた 90.2%
  [決着の目の予測三連単オッズ] 中央 105.5 p25 49.0 p75 239.1  NaN 0.0%  確定 中央 95.4
  帯の内側(予測>=min_odds) 99.0%  確率順位(λμ) 中央 43 <=k 9.7%  <=2k 21.5%
  Σ(1/予測) 現行 中央 0.399 → 決着の目を1点足すと 0.410  足してもΣ<0.5(ダッチで平均2万を保つ) 88.0%  (現行でΣ<0.5 93.2%)
  [参考] y∧mk23 全体 n=2,557 確定オッズ中央 97.5  入稿母集団の中 95.4

===== explore: 組めた 25,832R / 入稿母集団(ゲート∧軸ゲート) 17,656R =====
  [全レース] n=17,656 (100.0%)  的中 28.79%  表示的中 27.67%  払戻/投資 77.8%  | ①的中:28.8%  ②順序違い:23.2%  ③相手外し:12.0%  ④軸崩壊:36.0%
  [y∧mk23(1着◎○以外∧◎○2-3着)] n=4,218 (23.9%)  的中 11.88%  表示的中 11.33%  払戻/投資 44.7%  | ①的中:11.9%  ②順序違い:25.7%  ③相手外し:7.6%  ④軸崩壊:54.8%
  [y∧¬mk23(◎○とも3着外)] n=1,275 (7.2%)  的中 4.55%  表示的中 4.16%  払戻/投資 10.1%  | ①的中:4.5%  ②順序違い:4.4%  ④軸崩壊:91.1%
  [¬y(1着が◎○)] n=12,163 (68.9%)  的中 37.19%  表示的中 35.81%  払戻/投資 96.4%  | ①的中:37.2%  ②順序違い:24.4%  ③相手外し:14.8%  ④軸崩壊:23.6%
  入稿率 y∧mk23: ゲート通過 99.1%  軸ゲート通過 69.6%  両方 68.8%
  入稿率 ¬y: ゲート通過 93.3%  軸ゲート通過 75.0%  両方 68.4%
  [y∧mk23 の内訳] プラン: F_hit:36.2%  C_hit:16.0%  F_sign:11.0%  E_hit:9.7%  B_hit:7.9%  D_hit:6.0%  A_ana:5.5%  A_hit:5.3%  A_trio:2.5%
  [買い目の1着列・三連単 n=3860] 賭け金の配分 ◎ 60.9% ○ 21.8% その他 17.3%  |  決着の1着車を1着列に持っていた 44.7%  買い目のどこかに持っていた 89.5%
  [決着の目の予測三連単オッズ] 中央 103.2 p25 48.1 p75 237.7  NaN 0.0%  確定 中央 100.6
  帯の内側(予測>=min_odds) 98.8%  確率順位(λμ) 中央 43 <=k 10.1%  <=2k 22.2%
  Σ(1/予測) 現行 中央 0.403 → 決着の目を1点足すと 0.416  足してもΣ<0.5(ダッチで平均2万を保つ) 87.7%  (現行でΣ<0.5 93.1%)
  [参考] y∧mk23 全体 n=6,132 確定オッズ中央 98.4  入稿母集団の中 100.6

===== 目視1件: 20260709_63_08 2026-07-09 特選 S級 型F プラン F_hit 点数 12 投資 10,000 =====
  決着 3-2-7  確定三連単 113.8倍  予測三連単 96.8倍  確率順位(λμ) 25位  ◎=2 ○=4  1着車の印 ▲ pw順位 3 p3順位 3
  車  印  ライン(位置)  得点   p3     pw
  1   無   1(2)        101.10  0.321  0.057
  2   ◎   2(2)        107.56  0.736  0.370
  3   ▲   3(2)        103.77  0.524  0.175
  4   ○   2(1)        101.79  0.578  0.180
  5   △   1(1)        102.59  0.402  0.138
  6   無   3(1)        97.69  0.223  0.076
  7   無   2(3)        99.07  0.239  0.029
  買い目(1-2-3)   賭け金   予測オッズ
  2-4-7           2,000      10.2
  2-4-3           1,600      12.6
  4-2-7           1,200      16.8
  2-4-5           1,000      20.8
  4-2-3             900      27.6
  2-7-4             800      27.3
  4-2-5             600      46.5
  2-3-4             600      34.8
  2-5-4             400      57.5
  4-2-1             300      69.1
  3-4-2             300      88.9
  2-3-5             300      73.6
  Σ(1/予測)=0.465 平均想定払戻 22,445円 → 決着の目を足すと Σ=0.476
  分解: ④軸崩壊


######## 追加: y∧mk23 の内訳（both23 / ◎だけ / ○だけ）と p_y_model 五分位 × 現行商品 ########

===== confirm 入稿母集団 y∧mk23 n=1,773 =====
  [◎○とも2-3着] n=419 (23.6%) 的中 27.21% 確定中央 60.4 予測中央 65.8 | ①的中:27.2%  ②順序違い:48.7%  ③相手外し:21.2%  ④軸崩壊:2.9%
  [◎だけ2-3着(○は4着以下)] n=821 (46.3%) 的中 10.48% 確定中央 99.5 予測中央 106.5 | ①的中:10.5%  ②順序違い:23.9%  ③相手外し:3.9%  ④軸崩壊:61.8%
  [○だけ2-3着(◎は4着以下)] n=533 (30.1%) 的中 4.50% 確定中央 148.9 予測中央 159.7 | ①的中:4.5%  ②順序違い:5.6%  ③相手外し:0.6%  ④軸崩壊:89.3%
  p_y_model(1-pw◎-pw○) 五分位(探索窓の分位) × 現行商品（入稿母集団）:
    Q   n    件%   y%   y∧mk23%  表示的中%  払戻/投資%  ④軸崩壊%  ②順序違い%  10万+/件%
    1  1,238  17.4  14.1    11.6     34.57      86.2     24.4      29.2     0.16
    2  1,528  21.4  23.7    19.0     30.17      82.0     32.1      23.4     0.33
    3  1,597  22.4  33.9    26.0     25.92      85.6     40.0      19.5     0.69
    4  1,643  23.0  42.1    30.9     24.65      81.0     43.6      18.4     0.79
    5  1,127  15.8  48.6    36.9     23.78      90.3     45.1      20.6     1.33

===== explore 入稿母集団 y∧mk23 n=4,218 =====
  [◎○とも2-3着] n=998 (23.7%) 的中 24.55% 確定中央 63.3 予測中央 61.6 | ①的中:24.5%  ②順序違い:50.6%  ③相手外し:19.2%  ④軸崩壊:5.6%
  [◎だけ2-3着(○は4着以下)] n=1,972 (46.8%) 的中 10.04% 確定中央 100.7 予測中央 102.9 | ①的中:10.0%  ②順序違い:25.4%  ③相手外し:6.0%  ④軸崩壊:58.5%
  [○だけ2-3着(◎は4着以下)] n=1,248 (29.6%) 的中 4.65% 確定中央 157.4 予測中央 165.4 | ①的中:4.6%  ②順序違い:6.3%  ③相手外し:0.6%  ④軸崩壊:88.4%
  p_y_model(1-pw◎-pw○) 五分位(探索窓の分位) × 現行商品（入稿母集団）:
    Q   n    件%   y%   y∧mk23%  表示的中%  払戻/投資%  ④軸崩壊%  ②順序違い%  10万+/件%
    1  3,417  19.4  12.6    10.2     34.62      79.9     23.4      28.6     0.00
    2  3,762  21.3  23.6    19.0     31.05      78.9     31.5      24.1     0.24
    3  3,698  20.9  31.4    24.4     26.42      82.7     37.8      21.1     0.84
    4  3,664  20.8  41.2    30.6     23.09      74.6     42.7      21.8     0.96
    5  3,115  17.6  48.3    36.1     22.86      72.3     45.0      20.7     0.77

===== 目視2件目(②順序違い): 20260106_44_02 2026-01-06 チャレンジ一般 A級 型F プラン F_hit 点数 12 投資 10,000 =====
  決着 5-4-3  確定三連単 75.3倍  予測三連単 164.8倍  確率順位(λμ) 36位  ◎=3 ○=1  1着車の印 △ pw順位 2 p3順位 3
  車  印  ライン(位置)  得点   p3     pw
  1   ○   1(2)         81.00  0.580  0.151
  2   ▲   2(2)         78.18  0.399  0.084
  3   ◎   2(1)         74.84  0.718  0.352
  4   無   3(1)         71.64  0.409  0.056
  5   △   1(1)         70.29  0.411  0.169
  6   無   4(2)         68.42  0.210  0.024
  7   無   4(1)         62.55  0.052  0.013
  買い目(1-2-3)   賭け金   予測オッズ
  3-2-1           1,700       9.4
  3-5-1           1,000      22.0
  3-2-5           1,000      17.6
  3-2-4           1,000      16.8
  3-1-5             900      19.2
  3-1-2             900      19.7
  5-1-3             800      27.8
  3-1-4             700      29.8
  5-3-1             600      35.2
  1-3-2             500      55.1
  5-3-2             500      60.9
  3-5-4             400      65.3
  Σ(1/予測)=0.519 平均想定払戻 21,311円 → 決着の目を足すと Σ=0.525
