
==========================================================================================
§1 印(prediction_mark)の除外率 — event_table.py の除外は既に0件と報告済み
==========================================================================================
  型が付き結果も確定しているレース: 36,237
  ◎○が各1車ちょうど揃っている(event_table.pkl に行がある): 36,235
  除外率: 0.01%

==========================================================================================
§2 「④軸崩壊」の内訳 — モデル軸(a1,a2)と公式印(◎○)の不一致がどれだけ効いているか
==========================================================================================

-- confirm: 入稿母集団の y∧mk23 n=1,773 --
  全体の agree(モデル軸=公式印) 率: 83.6%  (参考: 母集団全体では 85.6%)
    [agree=True (モデル軸=◎○)] n=1,483 (83.6%)  的中 11.13%  ④軸崩壊 59.4%  ②順序違い 23.8%  ③相手外し 5.7%
    [agree=False (モデル軸≠◎○)] n=290 (16.4%)  的中 20.34%  ④軸崩壊 39.3%  ②順序違い 26.6%  ③相手外し 13.8%

-- explore: 入稿母集団の y∧mk23 n=4,218 --
  全体の agree(モデル軸=公式印) 率: 73.5%  (参考: 母集団全体では 78.3%)
    [agree=True (モデル軸=◎○)] n=3,102 (73.5%)  的中 9.93%  ④軸崩壊 59.3%  ②順序違い 25.5%  ③相手外し 5.3%
    [agree=False (モデル軸≠◎○)] n=1,116 (26.5%)  的中 17.29%  ④軸崩壊 42.4%  ②順序違い 26.4%  ③相手外し 13.9%

==========================================================================================
§3 商品(プラン)別 — y∧mk23 の入稿母集団の中で、プランごとの的中率・払戻・10万+
==========================================================================================

-- confirm  y∧mk23 sold n=1,773 / 全sold n=7,133 (24.9%) --
  プラン           件    占有%     的中%    表示的中%    払戻/投資%      払戻中央(的中時)   10万+件   10万+率%
  A_ana       130    7.3    8.46     8.46     162.4        171,120       7     5.38
  A_hit        94    5.3    0.00     0.00       0.0            nan       0     0.00
  A_trio       37    2.1   24.32    24.32      58.4         22,620       0     0.00
  B_hit       118    6.7    3.39     3.39      12.7         28,440       0     0.00
  C_hit       271   15.3   12.55    10.70      24.5         17,205       0     0.00
  D_hit       152    8.6   14.47    14.47      39.6         26,955       0     0.00
  E_hit       216   12.2   20.37    18.98      60.9         25,745       1     0.46
  F_hit       583   32.9   15.61    13.55      38.2         20,010       1     0.17
  F_sign      172    9.7    5.23     5.23      68.3        139,590       5     2.91

-- explore  y∧mk23 sold n=4,218 / 全sold n=17,656 (23.9%) --
  プラン           件    占有%     的中%    表示的中%    払戻/投資%      払戻中央(的中時)   10万+件   10万+率%
  A_ana       230    5.5    9.57     9.57     142.1        120,470      14     6.09
  A_hit       222    5.3    0.90     0.90       1.5         16,375       0     0.00
  A_trio      107    2.5   17.76    17.76      46.4         22,540       0     0.00
  B_hit       333    7.9    3.60     3.30       8.0         17,195       0     0.00
  C_hit       674   16.0   15.28    14.24      38.8         22,960       0     0.00
  D_hit       251    6.0   16.73    16.73      59.7         35,900       0     0.00
  E_hit       408    9.7   16.67    15.69      61.3         33,690       0     0.00
  F_hit      1529   36.2   13.73    13.02      34.8         22,275       1     0.07
  F_sign      464   11.0    4.96     4.96      61.4        128,760      14     3.02

==========================================================================================
§4 10万+の的中は今どの商品が作っているか。そのうち y∧mk23 型がどれだけ含まれるか
==========================================================================================

-- confirm  10万+ 的中 n=46 / 全的中 n=2,053 / 全sold n=7,133 --
  10万+のうち y∧mk23 型(1着◎○以外∧◎○のどちらかが2-3着): 30.4%  (参考: both23限定なら 8.7%)
  プラン別 10万+ 件数・その中で y23 が占める割合:
    A_ana    n=  17  y23占有率  41.2%  10万+率(そのプランのsold中)  3.72%
    E_hit    n=   4  y23占有率  25.0%  10万+率(そのプランのsold中)  0.56%
    F_hit    n=   1  y23占有率 100.0%  10万+率(そのプランのsold中)  0.05%
    F_sign   n=  24  y23占有率  20.8%  10万+率(そのプランのsold中)  4.06%

-- explore  10万+ 的中 n=99 / 全的中 n=5,083 / 全sold n=17,656 --
  10万+のうち y∧mk23 型(1着◎○以外∧◎○のどちらかが2-3着): 29.3%  (参考: both23限定なら 10.1%)
  プラン別 10万+ 件数・その中で y23 が占める割合:
    A_ana    n=  29  y23占有率  48.3%  10万+率(そのプランのsold中)  3.40%
    E_hit    n=   4  y23占有率   0.0%  10万+率(そのプランのsold中)  0.27%
    F_hit    n=   1  y23占有率 100.0%  10万+率(そのプランのsold中)  0.02%
    F_sign   n=  65  y23占有率  21.5%  10万+率(そのプランのsold中)  4.27%

==========================================================================================
§5 ユーザーの体感「この選手が2,3着になった場合の万車券が買えないことが多い」の検証
==========================================================================================

-- confirm --
  y∧mk23(この選手が2,3着になる万車券の元)の頻度: 24.58%  (n=2,557/10,403)
  そのうち確定オッズ100倍+(万車券)の割合: 49.2%  → 全レース比 12.08%
  入稿ゲート(平均想定払戻∧最低倍率)通過率: 69.3%  軸信頼ゲートも含めた通過率: 同じ列で再計算 → 69.3%
  万車券(y∧mk23∧100倍+)のうち、入稿できていたのは 859/1257 = 68.3%
  さらにそのうち実際に的中(買い目に入っていた)のは 18/859 = 2.1%  （＝万車券化した y∧mk23 全体のうち回収できたのは 1.4%）
  入稿できていたぶんの外れの内訳: ④軸崩壊:72.8%  ②順序違い:18.6%  ③相手外し:6.5%  ①的中:2.1%
  入稿されなかった万車券(y∧mk23) n=398  ゲート落ち(mean/min_odds) 6.0%  軸ゲート落ち 94.2%
  取り逃した配当(確定三連単オッズ)の分布: 中央 210.3倍  p25 138.0  p75 407.1  最大 6510.3

-- explore --
  y∧mk23(この選手が2,3着になる万車券の元)の頻度: 23.74%  (n=6,132/25,832)
  そのうち確定オッズ100倍+(万車券)の割合: 49.6%  → 全レース比 11.77%
  入稿ゲート(平均想定払戻∧最低倍率)通過率: 68.8%  軸信頼ゲートも含めた通過率: 同じ列で再計算 → 68.8%
  万車券(y∧mk23∧100倍+)のうち、入稿できていたのは 2118/3040 = 69.7%
  さらにそのうち実際に的中(買い目に入っていた)のは 56/2118 = 2.6%  （＝万車券化した y∧mk23 全体のうち回収できたのは 1.8%）
  入稿できていたぶんの外れの内訳: ④軸崩壊:72.5%  ②順序違い:18.9%  ③相手外し:5.9%  ①的中:2.6%
  入稿されなかった万車券(y∧mk23) n=922  ゲート落ち(mean/min_odds) 4.1%  軸ゲート落ち 96.1%
  取り逃した配当(確定三連単オッズ)の分布: 中央 224.6倍  p25 155.6  p75 402.0  最大 6569.1
