
==============================================================================================================
## (a) 堅い/混戦の判定量を差し替える（firm 率は学習窓の現行に揃える・arare は据え置き）
==============================================================================================================

### 探索  2025-01-01〜2025-12-31  台 17,661R  日数 365
  現行 axis_sum>=1.44                   36.76件/日 表示的中  23.64% 的中  24.10% ガミ  1.92% 払戻中央  24,480 2倍+/日  6.02 10万+/日 0.214 ROI  75.7  軸2そろい(売った商品) 50.53%
  axis_sum (↑0 ↓1)                    36.76件/日 表示的中  23.64% 的中  24.10% ガミ  1.92% 払戻中央  24,480 2倍+/日  6.02 10万+/日 0.214 ROI  75.7  軸2そろい 50.53%  Δ表示的中 CI[+0.00,+0.00]  対照中央 23.64% 勝ち 6/20  対照10万+ 0.214
  p_both (↑1639 ↓1346)                37.29件/日 表示的中  23.67% 的中  24.09% ガミ  1.74% 払戻中央  24,480 2倍+/日  6.11 10万+/日 0.225 ROI  75.5  軸2そろい 50.69%  Δ表示的中 CI[-0.33,+0.40]  対照中央 23.56% 勝ち 16/20  対照10万+ 0.225
  l_exist_pb (↑1238 ↓1165)            37.28件/日 表示的中  23.47% 的中  23.91% ガミ  1.84% 払戻中央  24,605 2倍+/日  6.08 10万+/日 0.225 ROI  75.4  軸2そろい 50.62%  Δ表示的中 CI[-0.52,+0.16]  対照中央 23.47% 勝ち 10/20  対照10万+ 0.222
  s_full (↑1454 ↓1518)                37.30件/日 表示的中  23.71% 的中  24.17% ガミ  1.91% 払戻中央  24,570 2倍+/日  6.12 10万+/日 0.247 ROI  76.6  軸2そろい 50.66%  Δ表示的中 CI[-0.31,+0.44]  対照中央 23.47% 勝ち 19/20  対照10万+ 0.221
  l_exist_pb_full (↑1069 ↓1161)       37.15件/日 表示的中  23.33% 的中  23.77% ガミ  1.86% 払戻中央  24,500 2倍+/日  5.99 10万+/日 0.236 ROI  74.9  軸2そろい 50.66%  Δ表示的中 CI[-0.62,+0.01]  対照中央 23.51% 勝ち 2/20  対照10万+ 0.214

### 確認  2026-01-01〜2026-12-31  台 10,404R  日数 216
  現行 axis_sum>=1.44                   37.28件/日 表示的中  24.08% 的中  24.44% ガミ  1.47% 払戻中央  26,000 2倍+/日  6.56 10万+/日 0.231 ROI  81.2  軸2そろい(売った商品) 50.17%
  axis_sum (↑0 ↓0)                    37.28件/日 表示的中  24.08% 的中  24.44% ガミ  1.47% 払戻中央  26,000 2倍+/日  6.56 10万+/日 0.231 ROI  81.2  軸2そろい 50.17%  Δ表示的中 CI[+0.00,+0.00]  対照中央 24.08% 勝ち 0/20  対照10万+ 0.231
  p_both (↑913 ↓784)                  37.75件/日 表示的中  23.67% 的中  24.06% ガミ  1.63% 払戻中央  25,985 2倍+/日  6.52 10万+/日 0.255 ROI  81.1  軸2そろい 50.31%  Δ表示的中 CI[-0.88,+0.10]  対照中央 23.96% 勝ち 1/20  対照10万+ 0.243
  l_exist_pb (↑650 ↓717)              37.68件/日 表示的中  23.95% 的中  24.31% ガミ  1.47% 払戻中央  26,080 2倍+/日  6.62 10万+/日 0.241 ROI  81.5  軸2そろい 50.29%  Δ表示的中 CI[-0.54,+0.32]  対照中央 23.83% 勝ち 12/20  対照10万+ 0.241
  s_full (↑777 ↓831)                  37.77件/日 表示的中  24.16% 的中  24.50% ガミ  1.40% 払戻中央  26,080 2倍+/日  6.66 10万+/日 0.255 ROI  82.2  軸2そろい 50.23%  Δ表示的中 CI[-0.38,+0.55]  対照中央 23.93% 勝ち 18/20  対照10万+ 0.243
  l_exist_pb_full (↑875 ↓817)         37.85件/日 表示的中  23.94% 的中  24.29% ガミ  1.46% 払戻中央  26,090 2倍+/日  6.62 10万+/日 0.250 ROI  81.3  軸2そろい 50.28%  Δ表示的中 CI[-0.60,+0.34]  対照中央 23.92% 勝ち 13/20  対照10万+ 0.238

==============================================================================================================
## (b) 境界を新スコアの分位で動かす（firm 率 = 現行 × 倍率）
==============================================================================================================

### 探索
  現行                                  36.76件/日 表示的中  23.64% 的中  24.10% ガミ  1.92% 払戻中央  24,480 2倍+/日  6.02 10万+/日 0.214 ROI  75.7  firm率 55.6%
  axis_sum ×0.8 firm率44.7% (↑0 ↓1927)  36.29件/日 表示的中  23.02% 的中  23.44% ガミ  1.80% 払戻中央  24,990 2倍+/日  5.86 10万+/日 0.255 ROI  76.8  Δ CI[-0.94,-0.33] 対照中央 22.98% 勝ち 11/20
  axis_sum ×0.9 firm率50.1% (↑0 ↓977)  36.49件/日 表示的中  23.28% 的中  23.70% ガミ  1.81% 払戻中央  24,800 2倍+/日  5.92 10万+/日 0.233 ROI  75.9  Δ CI[-0.60,-0.14] 対照中央 23.35% 勝ち 6/20
  axis_sum ×1.1 firm率61.2% (↑990 ↓0)  37.03件/日 表示的中  23.99% 的中  24.48% ガミ  1.99% 払戻中央  24,320 2倍+/日  6.14 10万+/日 0.205 ROI  76.0  Δ CI[+0.16,+0.56] 対照中央 23.89% 勝ち 18/20
  axis_sum ×1.2 firm率66.6% (↑1949 ↓0)  37.28件/日 表示的中  24.18% 的中  24.69% ガミ  2.05% 払戻中央  24,150 2倍+/日  6.19 10万+/日 0.200 ROI  75.8  Δ CI[+0.26,+0.80] 対照中央 24.09% 勝ち 18/20
  p_both ×0.8 firm率45.7% (↑743 ↓2486)  36.86件/日 表示的中  22.79% 的中  23.19% ガミ  1.70% 払戻中央  25,015 2倍+/日  5.90 10万+/日 0.244 ROI  75.0  Δ CI[-1.24,-0.44] 対照中央 23.02% 勝ち 3/20
  p_both ×0.9 firm率51.4% (↑1130 ↓1874)  37.04件/日 表示的中  23.15% 的中  23.55% ガミ  1.70% 払戻中央  24,810 2倍+/日  5.98 10万+/日 0.241 ROI  75.7  Δ CI[-0.87,-0.08] 対照中央 23.24% 勝ち 4/20
  p_both ×1.1 firm率62.9% (↑2217 ↓929)  37.48件/日 表示的中  23.71% 的中  24.19% ガミ  1.96% 払戻中央  24,250 2倍+/日  6.11 10万+/日 0.214 ROI  74.5  Δ CI[-0.30,+0.46] 対照中央 23.82% 勝ち 4/20
  p_both ×1.2 firm率68.6% (↑2899 ↓610)  37.70件/日 表示的中  24.04% 的中  24.54% ガミ  2.04% 払戻中央  24,210 2倍+/日  6.21 10万+/日 0.208 ROI  75.1  Δ CI[+0.02,+0.77] 対照中央 24.16% 勝ち 3/20
  s_full ×0.8 firm率43.2% (↑555 ↓2749)  36.59件/日 表示的中  23.11% 的中  23.53% ガミ  1.75% 払戻中央  25,160 2倍+/日  5.93 10万+/日 0.247 ROI  77.0  Δ CI[-0.94,-0.14] 対照中央 22.85% 勝ち 18/20
  s_full ×0.9 firm率49.1% (↑914 ↓2065)  36.91件/日 表示的中  23.27% 的中  23.69% ガミ  1.75% 払戻中央  24,840 2倍+/日  5.96 10万+/日 0.247 ROI  76.1  Δ CI[-0.74,+0.01] 対照中央 23.12% 勝ち 14/20
  s_full ×1.1 firm率60.7% (↑2009 ↓1118)  37.57件/日 表示的中  23.93% 的中  24.43% ガミ  2.03% 払戻中央  24,420 2倍+/日  6.18 10万+/日 0.230 ROI  75.9  Δ CI[-0.08,+0.70] 対照中央 23.80% 勝ち 16/20
  s_full ×1.2 firm率66.3% (↑2676 ↓797)  37.79件/日 表示的中  24.22% 的中  24.75% ガミ  2.14% 払戻中央  24,240 2倍+/日  6.25 10万+/日 0.214 ROI  75.9  Δ CI[+0.18,+0.97] 対照中央 24.01% 勝ち 20/20

### 確認
  現行                                  37.28件/日 表示的中  24.08% 的中  24.44% ガミ  1.47% 払戻中央  26,000 2倍+/日  6.56 10万+/日 0.231 ROI  81.2  firm率 54.3%
  axis_sum ×0.8 firm率43.4% (↑0 ↓1125)  36.97件/日 表示的中  23.44% 的中  23.77% ガミ  1.37% 払戻中央  26,600 2倍+/日  6.44 10万+/日 0.245 ROI  80.8  Δ CI[-1.03,-0.27] 対照中央 23.43% 勝ち 12/20
  axis_sum ×0.9 firm率48.9% (↑0 ↓561)  37.07件/日 表示的中  23.88% 的中  24.20% ガミ  1.34% 払戻中央  26,285 2倍+/日  6.51 10万+/日 0.231 ROI  80.8  Δ CI[-0.50,+0.06] 対照中央 23.71% 勝ち 18/20
  axis_sum ×1.1 firm率59.8% (↑577 ↓0)  37.52件/日 表示的中  24.26% 的中  24.62% ガミ  1.45% 払戻中央  25,650 2倍+/日  6.59 10万+/日 0.227 ROI  80.9  Δ CI[-0.08,+0.45] 対照中央 24.26% 勝ち 10/20
  axis_sum ×1.2 firm率65.6% (↑1185 ↓0)  37.67件/日 表示的中  24.43% 的中  24.84% ガミ  1.63% 払戻中央  25,350 2倍+/日  6.63 10万+/日 0.222 ROI  80.7  Δ CI[-0.01,+0.72] 対照中央 24.50% 勝ち 6/20
  p_both ×0.8 firm率43.7% (↑375 ↓1473)  37.33件/日 表示的中  23.33% 的中  23.65% ガミ  1.36% 払戻中央  26,950 2倍+/日  6.50 10万+/日 0.269 ROI  81.5  Δ CI[-1.26,-0.24] 対照中央 23.37% 勝ち 7/20
  p_both ×0.9 firm率49.8% (↑620 ↓1081)  37.56件/日 表示的中  23.58% 的中  23.92% ガミ  1.44% 払戻中央  26,400 2倍+/日  6.54 10万+/日 0.245 ROI  80.7  Δ CI[-0.96,-0.02] 対照中央 23.59% 勝ち 9/20
  p_both ×1.1 firm率61.1% (↑1259 ↓548)  37.94件/日 表示的中  24.01% 的中  24.43% ガミ  1.70% 払戻中央  25,600 2倍+/日  6.64 10万+/日 0.241 ROI  81.4  Δ CI[-0.51,+0.40] 対照中央 24.27% 勝ち 3/20
  p_both ×1.2 firm率66.8% (↑1659 ↓354)  38.11件/日 表示的中  24.26% 的中  24.66% ガミ  1.63% 払戻中央  25,200 2倍+/日  6.67 10万+/日 0.236 ROI  81.1  Δ CI[-0.29,+0.67] 対照中央 24.50% 勝ち 1/20
  s_full ×0.8 firm率42.1% (↑267 ↓1536)  37.21件/日 表示的中  23.32% 的中  23.67% ガミ  1.47% 払戻中央  26,715 2倍+/日  6.45 10万+/日 0.241 ROI  78.6  Δ CI[-1.23,-0.25] 対照中央 23.40% 勝ち 7/20
  s_full ×0.9 firm率47.6% (↑462 ↓1153)  37.51件/日 表示的中  23.82% 的中  24.15% ガミ  1.38% 払戻中央  26,440 2倍+/日  6.61 10万+/日 0.264 ROI  81.5  Δ CI[-0.74,+0.22] 対照中央 23.56% 勝ち 16/20
  s_full ×1.1 firm率59.5% (↑1143 ↓600)  38.03件/日 表示的中  24.25% 的中  24.63% ガミ  1.53% 払戻中央  25,840 2倍+/日  6.68 10万+/日 0.250 ROI  82.3  Δ CI[-0.29,+0.68] 対照中央 24.28% 勝ち 9/20
  s_full ×1.2 firm率65.7% (↑1606 ↓416)  38.29件/日 表示的中  24.24% 的中  24.63% ガミ  1.57% 払戻中央  25,460 2倍+/日  6.65 10万+/日 0.231 ROI  80.9  Δ CI[-0.31,+0.65] 対照中央 24.36% 勝ち 5/20

==============================================================================================================
## (c) 軸信頼ゲート — プラン内 下位30% を落とす判定量を差し替える（現行商品・件数同一）
==============================================================================================================

### 探索  売った商品 13,416  うちゲート対象プラン 12,833
  ゲートなし（全商品）                          36.76件/日 表示的中  23.64% 的中  24.10% ガミ  1.92% 払戻中央  24,480 2倍+/日  6.02 10万+/日 0.214 ROI  75.7  軸2そろい 50.53%
  下位30%落とし: axis_sum                  26.21件/日 表示的中  23.94% 的中  24.44% ガミ  2.05% 払戻中央  24,320 2倍+/日  4.27 10万+/日 0.142 ROI  75.5  軸2そろい 53.59%  Δ CI[-0.15,+0.75]  対照中央 23.18% 勝ち 20/20  対照10万+ 0.163
  下位30%落とし: pw_ent                    26.21件/日 表示的中  24.07% 的中  24.57% ガミ  2.04% 払戻中央  24,165 2倍+/日  4.24 10万+/日 0.164 ROI  76.7  軸2そろい 53.32%  Δ CI[-0.02,+0.86]  対照中央 23.18% 勝ち 20/20  対照10万+ 0.163
  下位30%落とし: p_both                    26.21件/日 表示的中  23.97% 的中  24.43% ガミ  1.88% 払戻中央  24,190 2倍+/日  4.24 10万+/日 0.162 ROI  75.9  軸2そろい 54.52%  Δ CI[-0.11,+0.77]  対照中央 23.18% 勝ち 20/20  対照10万+ 0.163
  下位30%落とし: l_exist_pb                26.21件/日 表示的中  24.11% 的中  24.58% ガミ  1.91% 払戻中央  24,200 2倍+/日  4.27 10万+/日 0.159 ROI  76.4  軸2そろい 54.82%  Δ CI[-0.00,+0.91]  対照中央 23.18% 勝ち 20/20  対照10万+ 0.163
  下位30%落とし: s_full                    26.21件/日 表示的中  24.06% 的中  24.58% ガミ  2.13% 払戻中央  24,140 2倍+/日  4.24 10万+/日 0.151 ROI  76.2  軸2そろい 55.35%  Δ CI[-0.05,+0.87]  対照中央 23.18% 勝ち 20/20  対照10万+ 0.163
  下位30%落とし: l_exist_pb_full           26.21件/日 表示的中  24.08% 的中  24.59% ガミ  2.08% 払戻中央  24,150 2倍+/日  4.25 10万+/日 0.159 ROI  76.2  軸2そろい 54.47%  Δ CI[-0.05,+0.89]  対照中央 23.18% 勝ち 20/20  対照10万+ 0.163

### 確認  売った商品 8,053  うちゲート対象プラン 7,596
  ゲートなし（全商品）                          37.28件/日 表示的中  24.08% 的中  24.44% ガミ  1.47% 払戻中央  26,000 2倍+/日  6.56 10万+/日 0.231 ROI  81.2  軸2そろい 50.17%
  下位30%落とし: axis_sum                  26.73件/日 表示的中  24.77% 的中  25.10% ガミ  1.31% 払戻中央  26,160 2倍+/日  4.81 10万+/日 0.204 ROI  86.1  軸2そろい 52.81%  Δ CI[+0.09,+1.28]  対照中央 23.54% 勝ち 20/20  対照10万+ 0.181
  下位30%落とし: pw_ent                    26.73件/日 表示的中  24.66% 的中  25.10% ガミ  1.73% 払戻中央  25,440 2倍+/日  4.75 10万+/日 0.185 ROI  83.2  軸2そろい 52.03%  Δ CI[+0.04,+1.19]  対照中央 23.54% 勝ち 20/20  対照10万+ 0.181
  下位30%落とし: p_both                    26.73件/日 表示的中  24.26% 的中  24.66% ガミ  1.62% 払戻中央  25,920 2倍+/日  4.69 10万+/日 0.185 ROI  82.9  軸2そろい 53.33%  Δ CI[-0.39,+0.81]  対照中央 23.54% 勝ち 20/20  対照10万+ 0.181
  下位30%落とし: l_exist_pb                26.73件/日 表示的中  24.39% 的中  24.80% ガミ  1.68% 払戻中央  25,745 2倍+/日  4.71 10万+/日 0.190 ROI  83.2  軸2そろい 53.76%  Δ CI[-0.28,+0.90]  対照中央 23.54% 勝ち 20/20  対照10万+ 0.181
  下位30%落とし: s_full                    26.73件/日 表示的中  24.47% 的中  24.89% ガミ  1.67% 払戻中央  25,690 2倍+/日  4.72 10万+/日 0.199 ROI  83.6  軸2そろい 54.07%  Δ CI[-0.24,+1.01]  対照中央 23.54% 勝ち 20/20  対照10万+ 0.181
  下位30%落とし: l_exist_pb_full           26.73件/日 表示的中  24.71% 的中  25.11% ガミ  1.59% 払戻中央  25,690 2倍+/日  4.77 10万+/日 0.199 ROI  84.4  軸2そろい 54.28%  Δ CI[+0.02,+1.24]  対照中央 23.54% 勝ち 20/20  対照10万+ 0.181
