## 現行商品の成績: 型 × 軸2車が同ライン（探索OOS 2025 / 確認 2026）
  探索 型A 同ライン=1: R= 3342 そろい  73.3%  n= 2053 表示的中  25.77% 払戻中央  21,395 10万+  13 ROI  71.9
  探索 型A 同ライン=0: R=  640 そろい  48.8%  n=  639 表示的中  21.75% 払戻中央  25,000 10万+   5 ROI  75.6
  探索 型B 同ライン=1: R= 1659 そろい  64.4%  n= 1658 表示的中  26.96% 払戻中央  27,260 10万+   0 ROI  80.6
  探索 型B 同ライン=0: R=  525 そろい  49.9%  n=  525 表示的中  28.57% 払戻中央  25,100 10万+   0 ROI  84.7
  探索 型C 同ライン=1: R= 2772 そろい  64.3%  n= 1771 表示的中  32.86% 払戻中央  21,700 10万+   0 ROI  81.2
  探索 型C 同ライン=0: R=  884 そろい  47.7%  n=  481 表示的中  32.43% 払戻中央  21,130 10万+   0 ROI  79.9
  探索 型D 同ライン=1: R=  528 そろい  52.1%  n=  520 表示的中  24.62% 払戻中央  29,550 10万+   0 ROI  82.3
  探索 型D 同ライン=0: R=  442 そろい  34.4%  n=  441 表示的中  18.14% 払戻中央  35,245 10万+   1 ROI  70.1
  探索 型E 同ライン=1: R=  697 そろい  50.5%  n=  697 表示的中  18.08% 払戻中央  34,290 10万+   5 ROI  74.9
  探索 型E 同ライン=0: R=  639 そろい  33.6%  n=  639 表示的中  18.62% 払戻中央  36,240 10万+   2 ROI  72.8
  探索 型F 同ライン=1: R= 2472 そろい  47.8%  n= 1387 表示的中  18.10% 払戻中央  24,900 10万+  17 ROI  72.6
  探索 型F 同ライン=0: R= 3061 そろい  31.3%  n= 2605 表示的中  17.81% 払戻中央  25,980 10万+  35 ROI  71.7
  確認 型A 同ライン=1: R= 2092 そろい  70.1%  n= 1362 表示的中  24.38% 払戻中央  23,220 10万+  12 ROI  85.3
  確認 型A 同ライン=0: R=  323 そろい  48.6%  n=  323 表示的中  25.08% 払戻中央  26,230 10万+   5 ROI 101.8
  確認 型B 同ライン=1: R= 1031 そろい  63.6%  n= 1030 表示的中  26.70% 払戻中央  27,720 10万+   2 ROI  85.4
  確認 型B 同ライン=0: R=  278 そろい  56.8%  n=  278 表示的中  30.22% 払戻中央  27,940 10万+   0 ROI  93.2
  確認 型C 同ライン=1: R= 1507 そろい  61.8%  n=  896 表示的中  33.82% 払戻中央  21,700 10万+   0 ROI  83.8
  確認 型C 同ライン=0: R=  414 そろい  48.3%  n=  236 表示的中  37.71% 払戻中央  20,320 10万+   0 ROI  88.8
  確認 型D 同ライン=1: R=  386 そろい  50.5%  n=  382 表示的中  26.70% 払戻中央  27,260 10万+   0 ROI  76.8
  確認 型D 同ライン=0: R=  358 そろい  34.1%  n=  358 表示的中  20.39% 払戻中央  36,850 10万+   0 ROI  77.9
  確認 型E 同ライン=1: R=  473 そろい  48.4%  n=  473 表示的中  20.08% 払戻中央  32,760 10万+   1 ROI  78.1
  確認 型E 同ライン=0: R=  473 そろい  35.1%  n=  473 表示的中  20.72% 払戻中央  38,000 10万+   4 ROI  87.0
  確認 型F 同ライン=1: R= 1356 そろい  47.1%  n=  777 表示的中  17.63% 払戻中央  26,980 10万+  11 ROI  71.7
  確認 型F 同ライン=0: R= 1713 そろい  33.7%  n= 1465 表示的中  18.43% 払戻中央  27,025 10万+  15 ROI  70.8
