
## p_both と axis_sum の判定が食い違うレース
  探索 新=堅い / 現行=混戦:  1639R  そろい  51.1% (一致側の同ラベル  37.0%)  同ライン率 77.9%
      現行ラベルの商品: n= 1076 表示的中  18.77% 払戻中央  30,330 10万+  10 ROI  75.6
      新ラベルの商品  : n= 1308 表示的中  26.07% 払戻中央  23,725 10万+   4 ROI  72.8
  探索 新=混戦 / 現行=堅い:  1346R  そろい  44.7% (一致側の同ラベル  67.2%)  同ライン率 38.9%
      現行ラベルの商品: n= 1115 表示的中  27.62% 払戻中央  24,035 10万+   7 ROI  88.6
      新ラベルの商品  : n= 1079 表示的中  20.39% 払戻中央  28,840 10万+  17 ROI  89.0
  確認 新=堅い / 現行=混戦:   913R  そろい  54.7% (一致側の同ラベル  37.2%)  同ライン率 80.2%
      現行ラベルの商品: n=  641 表示的中  21.84% 払戻中央  28,620 10万+   3 ROI  76.3
      新ラベルの商品  : n=  762 表示的中  23.23% 払戻中央  24,820 10万+   3 ROI  75.9
  確認 新=混戦 / 現行=堅い:   784R  そろい  46.6% (一致側の同ラベル  65.9%)  同ライン率 45.8%
      現行ラベルの商品: n=  648 表示的中  27.16% 払戻中央  24,005 10万+   5 ROI  89.5
      新ラベルの商品  : n=  627 表示的中  20.73% 払戻中央  30,260 10万+  10 ROI  90.4

## s_full と axis_sum の判定が食い違うレース
  探索 新=堅い / 現行=混戦:  1454R  そろい  55.4% (一致側の同ラベル  36.5%)  同ライン率 95.7%
      現行ラベルの商品: n=  950 表示的中  19.89% 払戻中央  28,110 10万+  11 ROI  81.6
      新ラベルの商品  : n= 1159 表示的中  25.88% 払戻中央  23,780 10万+   7 ROI  75.8
  探索 新=混戦 / 現行=堅い:  1518R  そろい  45.8% (一致側の同ラベル  67.4%)  同ライン率 21.5%
      現行ラベルの商品: n= 1243 表示的中  26.79% 払戻中央  23,740 10万+   3 ROI  78.5
      新ラベルの商品  : n= 1234 表示的中  22.61% 払戻中央  28,150 10万+  19 ROI  92.2
  確認 新=堅い / 現行=混戦:   777R  そろい  53.8% (一致側の同ラベル  37.9%)  同ライン率 96.7%
      現行ラベルの商品: n=  505 表示的中  20.20% 払戻中央  27,960 10万+   5 ROI  76.5
      新ラベルの商品  : n=  604 表示的中  25.66% 払戻中央  24,250 10万+   5 ROI  89.5
  確認 新=混戦 / 現行=堅い:   831R  そろい  46.2% (一致側の同ラベル  66.1%)  同ライン率 22.0%
      現行ラベルの商品: n=  697 表示的中  25.25% 払戻中央  24,840 10万+   6 ROI  87.1
      新ラベルの商品  : n=  704 表示的中  22.02% 払戻中央  28,800 10万+  11 ROI  88.5

## 参考: 型ごとの そろい率 × 同ライン（全期間）
same_line     0     1
type                 
A          49.4  72.0
B          52.6  64.7
C          47.0  64.6
D          34.7  51.8
E          34.4  50.4
F          32.1  47.7
same_line     0     1
type                 
A          1288  6819
B          1060  3440
C          1762  5640
D           946  1089
E          1434  1453
F          6356  4950

## 参考: 売った商品の軸2そろい率（現行）と s_full 五分位（確認窓）
  Q1: そろい  31.2%  n= 1927 表示的中  19.10% 払戻中央  29,385 10万+   9 ROI  69.8
  Q2: そろい  44.9%  n= 1697 表示的中  22.16% 払戻中央  28,305 10万+  19 ROI  85.2
  Q3: そろい  50.4%  n= 1574 表示的中  23.89% 払戻中央  25,935 10万+  16 ROI  91.4
  Q4: そろい  60.7%  n= 1617 表示的中  26.16% 払戻中央  24,460 10万+   6 ROI  77.9
  Q5: そろい  76.8%  n= 1238 表示的中  31.99% 払戻中央  23,410 10万+   0 ROI  84.7
