## 入稿ゲート通過率 と そろい率: s_full 五分位（窓ごと）
  探索 Q1: R= 3533 そろい(全)  30.3% 通過  91.4%  そろい(売った)  29.9%  表示的中 18.40%  平均想定払戻中央  37,359
  探索 Q2: R= 3532 そろい(全)  43.0% 通過  77.7%  そろい(売った)  42.6%  表示的中 21.49%  平均想定払戻中央  35,350
  探索 Q3: R= 3532 そろい(全)  53.6% 通過  74.8%  そろい(売った)  53.7%  表示的中 23.74%  平均想定払戻中央  34,199
  探索 Q4: R= 3532 そろい(全)  62.4% 通過  76.7%  そろい(売った)  62.0%  表示的中 25.92%  平均想定払戻中央  30,390
  探索 Q5: R= 3532 そろい(全)  77.7% 通過  59.3%  そろい(売った)  74.1%  表示的中 31.44%  平均想定払戻中央  27,569
  確認 Q1: R= 2081 そろい(全)  31.2% 通過  92.6%  そろい(売った)  30.9%  表示的中 19.10%  平均想定払戻中央  37,817
  確認 Q2: R= 2081 そろい(全)  44.9% 通過  81.5%  そろい(売った)  45.0%  表示的中 22.16%  平均想定払戻中央  36,595
  確認 Q3: R= 2080 そろい(全)  50.4% 通過  75.7%  そろい(売った)  51.3%  表示的中 23.89%  平均想定払戻中央  35,804
  確認 Q4: R= 2081 そろい(全)  60.7% 通過  77.7%  そろい(売った)  59.4%  表示的中 26.16%  平均想定払戻中央  31,911
  確認 Q5: R= 2081 そろい(全)  76.8% 通過  59.5%  そろい(売った)  73.8%  表示的中 31.99%  平均想定払戻中央  27,396

## 通過率: 型 × 同ライン（確認窓）
                   R  pass_  sorou
type same_line                    
A    0           323  100.0   48.6
     1          2092   65.1   70.1
B    0           278  100.0   56.8
     1          1031   99.9   63.6
C    0           414   57.0   48.3
     1          1507   59.5   61.8
D    0           358  100.0   34.1
     1           386   99.0   50.5
E    0           473  100.0   35.1
     1           473  100.0   48.4
F    0          1713   85.5   33.7
     1          1356   57.3   47.1

## 落ちたレース(ゲート不通過) vs 売ったレース の そろい率（確認窓・当てにいく型のみ）
  型A: 売った  60.6% (n=1685)  落ちた  82.5% (n=730)
  型B: 売った  62.2% (n=1308)  落ちた   0.0% (n=1)
  型C: 売った  58.0% (n=1132)  落ちた  60.1% (n=789)
  型D: 売った  42.4% (n=740)  落ちた  75.0% (n=4)
  型E: 売った  41.8% (n=946)  落ちた   nan% (n=0)
  型F: 売った  37.4% (n=2242)  落ちた  45.6% (n=827)
