  2025-01-01〜2025-03-31  学習 8,172  予測 4,290  AUC axis 0.6805 p_both 0.6947 s_full 0.7007
  2025-04-01〜2025-06-30  学習 12,462  予測 4,315  AUC axis 0.6792 p_both 0.6934 s_full 0.6992
  2025-07-01〜2025-09-30  学習 16,777  予測 4,540  AUC axis 0.6523 p_both 0.6678 s_full 0.6811
  2025-10-01〜2025-12-31  学習 21,317  予測 4,516  AUC axis 0.6674 p_both 0.6837 s_full 0.6943
  2026-01-01〜2026-03-31  学習 25,833  予測 4,307  AUC axis 0.6557 p_both 0.6652 s_full 0.6755
  2026-04-01〜2026-06-30  学習 30,140  予測 4,373  AUC axis 0.6660 p_both 0.6777 s_full 0.6833
  2026-07-01〜2026-09-30  学習 34,513  予測 1,724  AUC axis 0.6771 p_both 0.6930 s_full 0.6892
→ scores.pkl

## AUC（vintage・四半期WF）  探索OOS = 2025-01〜12 / 確認 = 2026-01〜08
量/腕                      探索       確認
axis_sum             0.6689   0.6627
p3_prod              0.6685   0.6614
p_both_pl            0.6691   0.6617
p_both               0.6846   0.6741
l_exist              0.6727   0.6684
l_exist_pb           0.6869   0.6771
l_rule               0.6926   0.6791
s_struct             0.6885   0.6746
s_full               0.6935   0.6806
l_exist_pb_full      0.6910   0.6817

## 増分（対 既存6量+logit(p_both) ロジスティック）paired bootstrap 95%CI
  l_rule           探索 n=17,661  Δ +0.0057  CI[+0.0036,+0.0078]
  l_rule           確認 n=10,404  Δ +0.0020  CI[-0.0004,+0.0046]
  s_struct         探索 n=17,661  Δ +0.0016  CI[-0.0036,+0.0062]
  s_struct         確認 n=10,404  Δ -0.0025  CI[-0.0083,+0.0036]
  s_full           探索 n=17,661  Δ +0.0066  CI[+0.0035,+0.0095]
  s_full           確認 n=10,404  Δ +0.0035  CI[-0.0004,+0.0074]
  l_exist_pb_full  探索 n=13,371  Δ +0.0070  CI[+0.0048,+0.0094]
  l_exist_pb_full  確認 n=10,404  Δ +0.0046  CI[+0.0019,+0.0075]

## 順位相関（確認窓）
  s_full     ρ(axis_sum)=+0.879  ρ(p_both)=+0.916  ρ(pw_ent)=-0.765
  s_struct   ρ(axis_sum)=+0.799  ρ(p_both)=+0.834  ρ(pw_ent)=-0.695
  l_rule     ρ(axis_sum)=+0.882  ρ(p_both)=+0.957  ρ(pw_ent)=-0.776

## 較正: p_both 十分位 × 同ライン の 実測そろい率 − p_both（確認窓）
                  n     pb    act  resid_pt
q same_line                                
0 0           822.0  0.333  0.279    -5.416
  1           219.0  0.342  0.402     6.015
1 0           726.0  0.396  0.346    -5.038
  1           314.0  0.397  0.427     3.010
2 0           560.0  0.433  0.341    -9.237
  1           480.0  0.434  0.462     2.829
3 0           514.0  0.469  0.434    -3.472
  1           527.0  0.470  0.459    -1.070
4 0           360.0  0.504  0.475    -2.877
  1           680.0  0.504  0.491    -1.306
5 0           270.0  0.541  0.507    -3.318
  1           770.0  0.541  0.574     3.265
6 0           143.0  0.584  0.434   -15.025
  1           898.0  0.584  0.592     0.890
7 0           100.0  0.628  0.660     3.243
  1           940.0  0.632  0.612    -2.057
8 0            54.0  0.688  0.796    10.791
  1           986.0  0.693  0.712     1.871
9 0            10.0  0.750  0.700    -4.987
  1          1031.0  0.790  0.820     2.965
